lcd16x2_i2c.h:104:13:lcd16x2_i2c_sendCommand	32	static
lcd16x2_i2c.h:118:13:lcd16x2_i2c_sendData	32	static
lcd16x2_i2c.h:137:6:lcd16x2_i2c_init	16	static
lcd16x2_i2c.h:188:6:lcd16x2_i2c_setCursor	24	static
lcd16x2_i2c.h:207:6:lcd16x2_i2c_1stLine	8	static
lcd16x2_i2c.h:214:6:lcd16x2_i2c_2ndLine	8	static
lcd16x2_i2c.h:222:6:lcd16x2_i2c_TwoLines	8	static
lcd16x2_i2c.h:226:6:lcd16x2_i2c_OneLine	8	static
lcd16x2_i2c.h:234:6:lcd16x2_i2c_cursorShow	16	static
lcd16x2_i2c.h:249:6:lcd16x2_i2c_clear	8	static
lcd16x2_i2c.h:258:6:lcd16x2_i2c_display	16	static
lcd16x2_i2c.h:273:6:lcd16x2_i2c_shiftRight	24	static
lcd16x2_i2c.h:284:6:lcd16x2_i2c_shiftLeft	24	static
lcd16x2_i2c.h:295:6:lcd16x2_i2c_printf	48	static
main.c:266:5:main	120	static
main.c:350:6:SystemClock_Config	104	static
main.c:403:13:MX_ADC1_Init	24	static
main.c:501:13:MX_I2C1_Init	8	static
main.c:535:13:MX_RTC_Init	72	static
main.c:615:13:MX_TIM1_Init	32	static
main.c:661:13:MX_USART6_UART_Init	8	static
main.c:692:13:MX_DMA_Init	16	static
main.c:710:13:MX_GPIO_Init	48	static
main.c:781:6:delay_us	16	static
main.c:789:6:HAL_ADC_ConvCpltCallback	32	static
main.c:832:6:HAL_GPIO_EXTI_Callback	16	static
main.c:844:6:HAL_RTC_AlarmAEventCallback	16	static
main.c:857:6:Set_Pin_Output	40	static
main.c:866:6:Set_Pin_Input	40	static
main.c:875:6:DHT11_Start	8	static
main.c:885:9:DHT11_Check_Response	16	static
main.c:900:9:DHT11_Read	16	static
main.c:917:6:DHT11_get_value	8	static
main.c:934:6:mode_manual	16	static
main.c:962:6:mode_planner	40	static
main.c:1021:6:mode_auto	24	static
main.c:1127:5:bcdToDec	16	static
main.c:1132:5:decToBcd	16	static
main.c:1137:6:set_time	48	static
main.c:1160:6:set_alarm	24	static
main.c:1196:6:get_time	16	static
main.c:1209:6:SendData	40	static
main.c:1345:6:uart_received	8	static
main.c:1354:6:clearbufferEnd	16	static
main.c:1362:6:XuLyJson	16	static
main.c:1431:6:HAL_UART_RxCpltCallback	16	static
main.c:1442:6:lcd_initial_message	8	static
main.c:1458:6:menu_func	16	static
main.c:1880:6:Error_Handler	4	static,ignoring_inline_asm
