lcd16x2_i2c.h:104:13:lcd16x2_i2c_sendCommand	32	static
lcd16x2_i2c.h:118:13:lcd16x2_i2c_sendData	32	static
lcd16x2_i2c.h:137:6:lcd16x2_i2c_init	16	static
lcd16x2_i2c.h:188:6:lcd16x2_i2c_setCursor	24	static
lcd16x2_i2c.h:207:6:lcd16x2_i2c_1stLine	8	static
lcd16x2_i2c.h:214:6:lcd16x2_i2c_2ndLine	8	static
lcd16x2_i2c.h:222:6:lcd16x2_i2c_TwoLines	8	static
lcd16x2_i2c.h:226:6:lcd16x2_i2c_OneLine	8	static
lcd16x2_i2c.h:234:6:lcd16x2_i2c_cursorShow	16	static
lcd16x2_i2c.h:249:6:lcd16x2_i2c_clear	8	static
lcd16x2_i2c.h:258:6:lcd16x2_i2c_display	16	static
lcd16x2_i2c.h:273:6:lcd16x2_i2c_shiftRight	24	static
lcd16x2_i2c.h:284:6:lcd16x2_i2c_shiftLeft	24	static
lcd16x2_i2c.h:295:6:lcd16x2_i2c_printf	48	static
main.c:187:5:main	16	static
main.c:274:6:SystemClock_Config	104	static
main.c:328:13:MX_ADC1_Init	24	static
main.c:426:13:MX_I2C1_Init	8	static
main.c:460:13:MX_RTC_Init	72	static
main.c:540:13:MX_TIM1_Init	32	static
main.c:584:13:MX_DMA_Init	16	static
main.c:602:13:MX_GPIO_Init	48	static
main.c:664:6:delay_us	16	static
main.c:672:6:HAL_ADC_ConvCpltCallback	32	static
main.c:699:6:HAL_GPIO_EXTI_Callback	16	static
main.c:715:6:Set_Pin_Output	40	static
main.c:724:6:Set_Pin_Input	40	static
main.c:733:6:DHT11_Start	8	static
main.c:743:9:DHT11_Check_Response	16	static
main.c:758:9:DHT11_Read	16	static
main.c:775:6:DHT11_get_value	8	static
main.c:792:6:mode_manual	16	static
main.c:808:6:mode_planner	24	static
main.c:833:6:mode_auto	32	static
main.c:913:6:set_time	48	static
main.c:930:6:get_time	16	static
main.c:938:6:lcd_initial_message	8	static
main.c:954:6:menu_func	16	static
main.c:1356:6:Error_Handler	4	static,ignoring_inline_asm
