Archive member included to satisfy reference by file (symbol)

c:/st/stm32cubeide_1.6.1/stm32cubeide/plugins/com.st.stm32cube.ide.mcu.externaltools.gnu-tools-for-stm32.9-2020-q2-update.win32_1.5.0.202011040924/tools/bin/../lib/gcc/arm-none-eabi/9.3.1/../../../../arm-none-eabi/lib/thumb/v7e-m+fp/hard\libc_nano.a(lib_a-errno.o)
                              Core/Src/syscalls.o (__errno)
c:/st/stm32cubeide_1.6.1/stm32cubeide/plugins/com.st.stm32cube.ide.mcu.externaltools.gnu-tools-for-stm32.9-2020-q2-update.win32_1.5.0.202011040924/tools/bin/../lib/gcc/arm-none-eabi/9.3.1/../../../../arm-none-eabi/lib/thumb/v7e-m+fp/hard\libc_nano.a(lib_a-exit.o)
                              c:/st/stm32cubeide_1.6.1/stm32cubeide/plugins/com.st.stm32cube.ide.mcu.externaltools.gnu-tools-for-stm32.9-2020-q2-update.win32_1.5.0.202011040924/tools/bin/../lib/gcc/arm-none-eabi/9.3.1/../../../../arm-none-eabi/lib/thumb/v7e-m+fp/hard/crt0.o (exit)
c:/st/stm32cubeide_1.6.1/stm32cubeide/plugins/com.st.stm32cube.ide.mcu.externaltools.gnu-tools-for-stm32.9-2020-q2-update.win32_1.5.0.202011040924/tools/bin/../lib/gcc/arm-none-eabi/9.3.1/../../../../arm-none-eabi/lib/thumb/v7e-m+fp/hard\libc_nano.a(lib_a-impure.o)
                              c:/st/stm32cubeide_1.6.1/stm32cubeide/plugins/com.st.stm32cube.ide.mcu.externaltools.gnu-tools-for-stm32.9-2020-q2-update.win32_1.5.0.202011040924/tools/bin/../lib/gcc/arm-none-eabi/9.3.1/../../../../arm-none-eabi/lib/thumb/v7e-m+fp/hard\libc_nano.a(lib_a-exit.o) (_global_impure_ptr)
c:/st/stm32cubeide_1.6.1/stm32cubeide/plugins/com.st.stm32cube.ide.mcu.externaltools.gnu-tools-for-stm32.9-2020-q2-update.win32_1.5.0.202011040924/tools/bin/../lib/gcc/arm-none-eabi/9.3.1/../../../../arm-none-eabi/lib/thumb/v7e-m+fp/hard\libc_nano.a(lib_a-init.o)
                              c:/st/stm32cubeide_1.6.1/stm32cubeide/plugins/com.st.stm32cube.ide.mcu.externaltools.gnu-tools-for-stm32.9-2020-q2-update.win32_1.5.0.202011040924/tools/bin/../lib/gcc/arm-none-eabi/9.3.1/../../../../arm-none-eabi/lib/thumb/v7e-m+fp/hard/crt0.o (__libc_init_array)
c:/st/stm32cubeide_1.6.1/stm32cubeide/plugins/com.st.stm32cube.ide.mcu.externaltools.gnu-tools-for-stm32.9-2020-q2-update.win32_1.5.0.202011040924/tools/bin/../lib/gcc/arm-none-eabi/9.3.1/../../../../arm-none-eabi/lib/thumb/v7e-m+fp/hard\libc_nano.a(lib_a-memset.o)
                              c:/st/stm32cubeide_1.6.1/stm32cubeide/plugins/com.st.stm32cube.ide.mcu.externaltools.gnu-tools-for-stm32.9-2020-q2-update.win32_1.5.0.202011040924/tools/bin/../lib/gcc/arm-none-eabi/9.3.1/../../../../arm-none-eabi/lib/thumb/v7e-m+fp/hard/crt0.o (memset)
c:/st/stm32cubeide_1.6.1/stm32cubeide/plugins/com.st.stm32cube.ide.mcu.externaltools.gnu-tools-for-stm32.9-2020-q2-update.win32_1.5.0.202011040924/tools/bin/../lib/gcc/arm-none-eabi/9.3.1/../../../../arm-none-eabi/lib/thumb/v7e-m+fp/hard\libc_nano.a(lib_a-sprintf.o)
                              Core/Src/main.o (sprintf)
c:/st/stm32cubeide_1.6.1/stm32cubeide/plugins/com.st.stm32cube.ide.mcu.externaltools.gnu-tools-for-stm32.9-2020-q2-update.win32_1.5.0.202011040924/tools/bin/../lib/gcc/arm-none-eabi/9.3.1/../../../../arm-none-eabi/lib/thumb/v7e-m+fp/hard\libc_nano.a(lib_a-strlen.o)
                              Core/Src/main.o (strlen)
c:/st/stm32cubeide_1.6.1/stm32cubeide/plugins/com.st.stm32cube.ide.mcu.externaltools.gnu-tools-for-stm32.9-2020-q2-update.win32_1.5.0.202011040924/tools/bin/../lib/gcc/arm-none-eabi/9.3.1/../../../../arm-none-eabi/lib/thumb/v7e-m+fp/hard\libc_nano.a(lib_a-vsprintf.o)
                              Core/Src/main.o (vsprintf)
c:/st/stm32cubeide_1.6.1/stm32cubeide/plugins/com.st.stm32cube.ide.mcu.externaltools.gnu-tools-for-stm32.9-2020-q2-update.win32_1.5.0.202011040924/tools/bin/../lib/gcc/arm-none-eabi/9.3.1/../../../../arm-none-eabi/lib/thumb/v7e-m+fp/hard\libc_nano.a(lib_a-nano-svfprintf.o)
                              c:/st/stm32cubeide_1.6.1/stm32cubeide/plugins/com.st.stm32cube.ide.mcu.externaltools.gnu-tools-for-stm32.9-2020-q2-update.win32_1.5.0.202011040924/tools/bin/../lib/gcc/arm-none-eabi/9.3.1/../../../../arm-none-eabi/lib/thumb/v7e-m+fp/hard\libc_nano.a(lib_a-sprintf.o) (_svfprintf_r)
c:/st/stm32cubeide_1.6.1/stm32cubeide/plugins/com.st.stm32cube.ide.mcu.externaltools.gnu-tools-for-stm32.9-2020-q2-update.win32_1.5.0.202011040924/tools/bin/../lib/gcc/arm-none-eabi/9.3.1/../../../../arm-none-eabi/lib/thumb/v7e-m+fp/hard\libc_nano.a(lib_a-nano-vfprintf_i.o)
                              c:/st/stm32cubeide_1.6.1/stm32cubeide/plugins/com.st.stm32cube.ide.mcu.externaltools.gnu-tools-for-stm32.9-2020-q2-update.win32_1.5.0.202011040924/tools/bin/../lib/gcc/arm-none-eabi/9.3.1/../../../../arm-none-eabi/lib/thumb/v7e-m+fp/hard\libc_nano.a(lib_a-nano-svfprintf.o) (_printf_i)
[...]
Memory Configuration

Name             Origin             Length             Attributes
RAM              0x0000000020000000 0x0000000000010000 xrw
FLASH            0x0000000008000000 0x0000000000040000 xr
*default*        0x0000000000000000 0xffffffffffffffff

Linker script and memory map

LOAD c:/st/stm32cubeide_1.6.1/stm32cubeide/plugins/com.st.stm32cube.ide.mcu.externaltools.gnu-tools-for-stm32.9-2020-q2-update.win32_1.5.0.202011040924/tools/bin/../lib/gcc/arm-none-eabi/9.3.1/thumb/v7e-m+fp/hard/crti.o
LOAD c:/st/stm32cubeide_1.6.1/stm32cubeide/plugins/com.st.stm32cube.ide.mcu.externaltools.gnu-tools-for-stm32.9-2020-q2-update.win32_1.5.0.202011040924/tools/bin/../lib/gcc/arm-none-eabi/9.3.1/thumb/v7e-m+fp/hard/crtbegin.o
LOAD c:/st/stm32cubeide_1.6.1/stm32cubeide/plugins/com.st.stm32cube.ide.mcu.externaltools.gnu-tools-for-stm32.9-2020-q2-update.win32_1.5.0.202011040924/tools/bin/../lib/gcc/arm-none-eabi/9.3.1/../../../../arm-none-eabi/lib/thumb/v7e-m+fp/hard/crt0.o
LOAD Core/Src/adc_conversion_handler.o
LOAD Core/Src/i2c-lcd.o
LOAD Core/Src/main.o
LOAD Core/Src/stm32f4xx_hal_msp.o
LOAD Core/Src/stm32f4xx_it.o
LOAD Core/Src/syscalls.o
LOAD Core/Src/sysmem.o
LOAD Core/Src/system_stm32f4xx.o
LOAD Core/Startup/startup_stm32f401ccux.o
LOAD Drivers/STM32F4xx_HAL_Driver/Src/stm32f4xx_hal.o
LOAD Drivers/STM32F4xx_HAL_Driver/Src/stm32f4xx_hal_adc.o
LOAD Drivers/STM32F4xx_HAL_Driver/Src/stm32f4xx_hal_adc_ex.o
LOAD Drivers/STM32F4xx_HAL_Driver/Src/stm32f4xx_hal_cortex.o
LOAD Drivers/STM32F4xx_HAL_Driver/Src/stm32f4xx_hal_dma.o
LOAD Drivers/STM32F4xx_HAL_Driver/Src/stm32f4xx_hal_dma_ex.o
LOAD Drivers/STM32F4xx_HAL_Driver/Src/stm32f4xx_hal_exti.o
LOAD Drivers/STM32F4xx_HAL_Driver/Src/stm32f4xx_hal_flash.o
LOAD Drivers/STM32F4xx_HAL_Driver/Src/stm32f4xx_hal_flash_ex.o
LOAD Drivers/STM32F4xx_HAL_Driver/Src/stm32f4xx_hal_flash_ramfunc.o
LOAD Drivers/STM32F4xx_HAL_Driver/Src/stm32f4xx_hal_gpio.o
LOAD Drivers/STM32F4xx_HAL_Driver/Src/stm32f4xx_hal_i2c.o
LOAD Drivers/STM32F4xx_HAL_Driver/Src/stm32f4xx_hal_i2c_ex.o
LOAD Drivers/STM32F4xx_HAL_Driver/Src/stm32f4xx_hal_pwr.o
LOAD Drivers/STM32F4xx_HAL_Driver/Src/stm32f4xx_hal_pwr_ex.o
LOAD Drivers/STM32F4xx_HAL_Driver/Src/stm32f4xx_hal_rcc.o
LOAD Drivers/STM32F4xx_HAL_Driver/Src/stm32f4xx_hal_rcc_ex.o
LOAD Drivers/STM32F4xx_HAL_Driver/Src/stm32f4xx_hal_rtc.o
LOAD Drivers/STM32F4xx_HAL_Driver/Src/stm32f4xx_hal_rtc_ex.o
LOAD Drivers/STM32F4xx_HAL_Driver/Src/stm32f4xx_hal_tim.o
LOAD Drivers/STM32F4xx_HAL_Driver/Src/stm32f4xx_hal_tim_ex.o
LOAD Drivers/STM32F4xx_HAL_Driver/Src/stm32f4xx_ll_adc.o
START GROUP
LOAD c:/st/stm32cubeide_1.6.1/stm32cubeide/plugins/com.st.stm32cube.ide.mcu.externaltools.gnu-tools-for-stm32.9-2020-q2-update.win32_1.5.0.202011040924/tools/bin/../lib/gcc/arm-none-eabi/9.3.1/../../../../arm-none-eabi/lib/thumb/v7e-m+fp/hard\libc_nano.a
LOAD c:/st/stm32cubeide_1.6.1/stm32cubeide/plugins/com.st.stm32cube.ide.mcu.externaltools.gnu-tools-for-stm32.9-2020-q2-update.win32_1.5.0.202011040924/tools/bin/../lib/gcc/arm-none-eabi/9.3.1/../../../../arm-none-eabi/lib/thumb/v7e-m+fp/hard\libm.a
END GROUP
START GROUP
LOAD c:/st/stm32cubeide_1.6.1/stm32cubeide/plugins/com.st.stm32cube.ide.mcu.externaltools.gnu-tools-for-stm32.9-2020-q2-update.win32_1.5.0.202011040924/tools/bin/../lib/gcc/arm-none-eabi/9.3.1/thumb/v7e-m+fp/hard\libgcc.a
LOAD c:/st/stm32cubeide_1.6.1/stm32cubeide/plugins/com.st.stm32cube.ide.mcu.externaltools.gnu-tools-for-stm32.9-2020-q2-update.win32_1.5.0.202011040924/tools/bin/../lib/gcc/arm-none-eabi/9.3.1/../../../../arm-none-eabi/lib/thumb/v7e-m+fp/hard\libc_nano.a
END GROUP
START GROUP
LOAD c:/st/stm32cubeide_1.6.1/stm32cubeide/plugins/com.st.stm32cube.ide.mcu.externaltools.gnu-tools-for-stm32.9-2020-q2-update.win32_1.5.0.202011040924/tools/bin/../lib/gcc/arm-none-eabi/9.3.1/thumb/v7e-m+fp/hard\libgcc.a
LOAD c:/st/stm32cubeide_1.6.1/stm32cubeide/plugins/com.st.stm32cube.ide.mcu.externaltools.gnu-tools-for-stm32.9-2020-q2-update.win32_1.5.0.202011040924/tools/bin/../lib/gcc/arm-none-eabi/9.3.1/../../../../arm-none-eabi/lib/thumb/v7e-m+fp/hard\libc_nano.a
LOAD c:/st/stm32cubeide_1.6.1/stm32cubeide/plugins/com.st.stm32cube.ide.mcu.externaltools.gnu-tools-for-stm32.9-2020-q2-update.win32_1.5.0.202011040924/tools/bin/../lib/gcc/arm-none-eabi/9.3.1/../../../../arm-none-eabi/lib/thumb/v7e-m+fp/hard\libnosys.a
END GROUP
START GROUP
LOAD c:/st/stm32cubeide_1.6.1/stm32cubeide/plugins/com.st.stm32cube.ide.mcu.externaltools.gnu-tools-for-stm32.9-2020-q2-update.win32_1.5.0.202011040924/tools/bin/../lib/gcc/arm-none-eabi/9.3.1/thumb/v7e-m+fp/hard\libgcc.a
LOAD c:/st/stm32cubeide_1.6.1/stm32cubeide/plugins/com.st.stm32cube.ide.mcu.externaltools.gnu-tools-for-stm32.9-2020-q2-update.win32_1.5.0.202011040924/tools/bin/../lib/gcc/arm-none-eabi/9.3.1/../../../../arm-none-eabi/lib/thumb/v7e-m+fp/hard\libc_nano.a
LOAD c:/st/stm32cubeide_1.6.1/stm32cubeide/plugins/com.st.stm32cube.ide.mcu.externaltools.gnu-tools-for-stm32.9-2020-q2-update.win32_1.5.0.202011040924/tools/bin/../lib/gcc/arm-none-eabi/9.3.1/../../../../arm-none-eabi/lib/thumb/v7e-m+fp/hard\libnosys.a
END GROUP
LOAD c:/st/stm32cubeide_1.6.1/stm32cubeide/plugins/com.st.stm32cube.ide.mcu.externaltools.gnu-tools-for-stm32.9-2020-q2-update.win32_1.5.0.202011040924/tools/bin/../lib/gcc/arm-none-eabi/9.3.1/thumb/v7e-m+fp/hard/crtend.o
LOAD c:/st/stm32cubeide_1.6.1/stm32cubeide/plugins/com.st.stm32cube.ide.mcu.externaltools.gnu-tools-for-stm32.9-2020-q2-update.win32_1.5.0.202011040924/tools/bin/../lib/gcc/arm-none-eabi/9.3.1/thumb/v7e-m+fp/hard/crtn.o
                0x0000000020010000                _estack = (ORIGIN (RAM) + LENGTH (RAM))
                0x0000000000000200                _Min_Heap_Size = 0x200
                0x0000000000000400                _Min_Stack_Size = 0x400

.isr_vector     0x0000000008000000      0x194
                0x0000000008000000                . = ALIGN (0x4)
 *(.isr_vector)
 .isr_vector    0x0000000008000000      0x194 Core/Startup/startup_stm32f401ccux.o
                0x0000000008000000                g_pfnVectors
                0x0000000008000194                . = ALIGN (0x4)

.text           0x0000000008000194     0x54f8
                0x0000000008000194                . = ALIGN (0x4)
 *(.text)
 .text          0x0000000008000194       0x40 c:/st/stm32cubeide_1.6.1/stm32cubeide/plugins/com.st.stm32cube.ide.mcu.externaltools.gnu-tools-for-stm32.9-2020-q2-update.win32_1.5.0.202011040924/tools/bin/../lib/gcc/arm-none-eabi/9.3.1/thumb/v7e-m+fp/hard/crtbegin.o
 .text          0x00000000080001d4       0x30 c:/st/stm32cubeide_1.6.1/stm32cubeide/plugins/com.st.stm32cube.ide.mcu.externaltools.gnu-tools-for-stm32.9-2020-q2-update.win32_1.5.0.202011040924/tools/bin/../lib/gcc/arm-none-eabi/9.3.1/thumb/v7e-m+fp/hard\libgcc.a(_aeabi_uldivmod.o)
                0x00000000080001d4                __aeabi_uldivmod
 .text          0x0000000008000204      0x2c4 c:/st/stm32cubeide_1.6.1/stm32cubeide/plugins/com.st.stm32cube.ide.mcu.externaltools.gnu-tools-for-stm32.9-2020-q2-update.win32_1.5.0.202011040924/tools/bin/../lib/gcc/arm-none-eabi/9.3.1/thumb/v7e-m+fp/hard\libgcc.a(_udivmoddi4.o)
                0x0000000008000204                __udivmoddi4
 .text          0x00000000080004c8        0x4 c:/st/stm32cubeide_1.6.1/stm32cubeide/plugins/com.st.stm32cube.ide.mcu.externaltools.gnu-tools-for-stm32.9-2020-q2-update.win32_1.5.0.202011040924/tools/bin/../lib/gcc/arm-none-eabi/9.3.1/thumb/v7e-m+fp/hard\libgcc.a(_dvmd_tls.o)
                0x00000000080004c8                __aeabi_idiv0
                0x00000000080004c8                __aeabi_ldiv0
 *(.text*)
 .text.lcd_send_cmd
                0x00000000080004cc       0x60 Core/Src/i2c-lcd.o
                0x00000000080004cc                lcd_send_cmd
 .text.lcd_send_data
                0x000000000800052c       0x60 Core/Src/i2c-lcd.o
                0x000000000800052c                lcd_send_data
 .text.lcd_clear
                0x000000000800058c       0x2e Core/Src/i2c-lcd.o
                0x000000000800058c                lcd_clear
 .text.lcd_put_cur
                0x00000000080005ba       0x3e Core/Src/i2c-lcd.o
                0x00000000080005ba                lcd_put_cur
 .text.lcd_init
                0x00000000080005f8       0x84 Core/Src/i2c-lcd.o
                0x00000000080005f8                lcd_init
 .text.lcd_send_string
                0x000000000800067c       0x2a Core/Src/i2c-lcd.o
                0x000000000800067c                lcd_send_string
 *fill*         0x00000000080006a6        0x2 
 .text.main     0x00000000080006a8       0x88 Core/Src/main.o
                0x00000000080006a8                main
 .text.SystemClock_Config
                0x0000000008000730      0x10c Core/Src/main.o
                0x0000000008000730                SystemClock_Config
 .text.MX_ADC1_Init
                0x000000000800083c      0x14c Core/Src/main.o
 .text.MX_I2C1_Init
                0x0000000008000988       0x5c Core/Src/main.o
 .text.MX_RTC_Init
                0x00000000080009e4      0x11c Core/Src/main.o
 .text.MX_TIM1_Init
                0x0000000008000b00       0xa0 Core/Src/main.o
 .text.MX_DMA_Init
                0x0000000008000ba0       0x40 Core/Src/main.o
 .text.MX_GPIO_Init
                0x0000000008000be0      0x170 Core/Src/main.o
 .text.delay_us
                0x0000000008000d50       0x34 Core/Src/main.o
                0x0000000008000d50                delay_us
 .text.HAL_ADC_ConvCpltCallback
                0x0000000008000d84      0x144 Core/Src/main.o
                0x0000000008000d84                HAL_ADC_ConvCpltCallback
 .text.HAL_GPIO_EXTI_Callback
                0x0000000008000ec8       0x58 Core/Src/main.o
                0x0000000008000ec8                HAL_GPIO_EXTI_Callback
 .text.Set_Pin_Output
                0x0000000008000f20       0x3c Core/Src/main.o
                0x0000000008000f20                Set_Pin_Output
 .text.Set_Pin_Input
                0x0000000008000f5c       0x3c Core/Src/main.o
                0x0000000008000f5c                Set_Pin_Input
 .text.DHT11_Start
                0x0000000008000f98       0x40 Core/Src/main.o
                0x0000000008000f98                DHT11_Start
 .text.DHT11_Check_Response
                0x0000000008000fd8       0x5c Core/Src/main.o
                0x0000000008000fd8                DHT11_Check_Response
 .text.DHT11_Read
                0x0000000008001034       0x90 Core/Src/main.o
                0x0000000008001034                DHT11_Read
 .text.DHT11_get_value
                0x00000000080010c4       0xb4 Core/Src/main.o
                0x00000000080010c4                DHT11_get_value
 .text.lcd_initial_message
                0x0000000008001178       0x64 Core/Src/main.o
                0x0000000008001178                lcd_initial_message
 .text.menu_func
                0x00000000080011dc      0x8b0 Core/Src/main.o
                0x00000000080011dc                menu_func
 .text.Error_Handler
                0x0000000008001a8c        0xa Core/Src/main.o
                0x0000000008001a8c                Error_Handler
 *fill*         0x0000000008001a96        0x2 
 .text.HAL_MspInit
                0x0000000008001a98       0x50 Core/Src/stm32f4xx_hal_msp.o
                0x0000000008001a98                HAL_MspInit
 .text.HAL_ADC_MspInit
                0x0000000008001ae8       0xfc Core/Src/stm32f4xx_hal_msp.o
                0x0000000008001ae8                HAL_ADC_MspInit
 .text.HAL_I2C_MspInit
                0x0000000008001be4       0x90 Core/Src/stm32f4xx_hal_msp.o
                0x0000000008001be4                HAL_I2C_MspInit
 .text.HAL_RTC_MspInit
                0x0000000008001c74       0x2c Core/Src/stm32f4xx_hal_msp.o
                0x0000000008001c74                HAL_RTC_MspInit
 .text.HAL_TIM_Base_MspInit
                0x0000000008001ca0       0x44 Core/Src/stm32f4xx_hal_msp.o
                0x0000000008001ca0                HAL_TIM_Base_MspInit
 .text.NMI_Handler
                0x0000000008001ce4        0x6 Core/Src/stm32f4xx_it.o
                0x0000000008001ce4                NMI_Handler
 .text.HardFault_Handler
                0x0000000008001cea        0x6 Core/Src/stm32f4xx_it.o
                0x0000000008001cea                HardFault_Handler
 .text.MemManage_Handler
                0x0000000008001cf0        0x6 Core/Src/stm32f4xx_it.o
                0x0000000008001cf0                MemManage_Handler
 .text.BusFault_Handler
                0x0000000008001cf6        0x6 Core/Src/stm32f4xx_it.o
                0x0000000008001cf6                BusFault_Handler
 .text.UsageFault_Handler
                0x0000000008001cfc        0x6 Core/Src/stm32f4xx_it.o
                0x0000000008001cfc                UsageFault_Handler
 .text.SVC_Handler
                0x0000000008001d02        0xe Core/Src/stm32f4xx_it.o
                0x0000000008001d02                SVC_Handler
 .text.DebugMon_Handler
                0x0000000008001d10        0xe Core/Src/stm32f4xx_it.o
                0x0000000008001d10                DebugMon_Handler
 .text.PendSV_Handler
                0x0000000008001d1e        0xe Core/Src/stm32f4xx_it.o
                0x0000000008001d1e                PendSV_Handler
 .text.SysTick_Handler
                0x0000000008001d2c        0xc Core/Src/stm32f4xx_it.o
                0x0000000008001d2c                SysTick_Handler
 .text.EXTI0_IRQHandler
                0x0000000008001d38        0xe Core/Src/stm32f4xx_it.o
                0x0000000008001d38                EXTI0_IRQHandler
 .text.EXTI1_IRQHandler
                0x0000000008001d46        0xe Core/Src/stm32f4xx_it.o
                0x0000000008001d46                EXTI1_IRQHandler
 .text.ADC_IRQHandler
                0x0000000008001d54       0x14 Core/Src/stm32f4xx_it.o
                0x0000000008001d54                ADC_IRQHandler
 .text.EXTI15_10_IRQHandler
                0x0000000008001d68       0x18 Core/Src/stm32f4xx_it.o
                0x0000000008001d68                EXTI15_10_IRQHandler
 .text.DMA2_Stream0_IRQHandler
                0x0000000008001d80       0x14 Core/Src/stm32f4xx_it.o
                0x0000000008001d80                DMA2_Stream0_IRQHandler
 .text.SystemInit
                0x0000000008001d94       0x24 Core/Src/system_stm32f4xx.o
                0x0000000008001d94                SystemInit
 .text.Reset_Handler
                0x0000000008001db8       0x50 Core/Startup/startup_stm32f401ccux.o
                0x0000000008001db8                Reset_Handler
 .text.Default_Handler
                0x0000000008001e08        0x2 Core/Startup/startup_stm32f401ccux.o
                0x0000000008001e08                RTC_Alarm_IRQHandler
                0x0000000008001e08                EXTI2_IRQHandler
                0x0000000008001e08                SPI4_IRQHandler
                0x0000000008001e08                TIM1_CC_IRQHandler
                0x0000000008001e08                DMA2_Stream5_IRQHandler
                0x0000000008001e08                DMA1_Stream5_IRQHandler
                0x0000000008001e08                PVD_IRQHandler
                0x0000000008001e08                SDIO_IRQHandler
                0x0000000008001e08                TAMP_STAMP_IRQHandler
                0x0000000008001e08                EXTI3_IRQHandler
                0x0000000008001e08                TIM1_UP_TIM10_IRQHandler
                0x0000000008001e08                I2C3_ER_IRQHandler
                0x0000000008001e08                I2C2_EV_IRQHandler
                0x0000000008001e08                DMA1_Stream2_IRQHandler
                0x0000000008001e08                FPU_IRQHandler
                0x0000000008001e08                DMA2_Stream2_IRQHandler
                0x0000000008001e08                SPI1_IRQHandler
                0x0000000008001e08                TIM1_BRK_TIM9_IRQHandler
                0x0000000008001e08                DMA2_Stream3_IRQHandler
                0x0000000008001e08                USART6_IRQHandler
                0x0000000008001e08                TIM4_IRQHandler
                0x0000000008001e08                I2C1_EV_IRQHandler
                0x0000000008001e08                DMA1_Stream6_IRQHandler
                0x0000000008001e08                DMA1_Stream1_IRQHandler
                0x0000000008001e08                TIM3_IRQHandler
                0x0000000008001e08                RCC_IRQHandler
                0x0000000008001e08                Default_Handler
                0x0000000008001e08                DMA1_Stream7_IRQHandler
                0x0000000008001e08                TIM5_IRQHandler
                0x0000000008001e08                DMA2_Stream7_IRQHandler
                0x0000000008001e08                I2C3_EV_IRQHandler
                0x0000000008001e08                EXTI9_5_IRQHandler
                0x0000000008001e08                RTC_WKUP_IRQHandler
                0x0000000008001e08                SPI2_IRQHandler
                0x0000000008001e08                DMA1_Stream0_IRQHandler
                0x0000000008001e08                EXTI4_IRQHandler
                0x0000000008001e08                WWDG_IRQHandler
                0x0000000008001e08                TIM2_IRQHandler
                0x0000000008001e08                OTG_FS_WKUP_IRQHandler
                0x0000000008001e08                TIM1_TRG_COM_TIM11_IRQHandler
                0x0000000008001e08                USART2_IRQHandler
                0x0000000008001e08                I2C2_ER_IRQHandler
                0x0000000008001e08                DMA2_Stream1_IRQHandler
                0x0000000008001e08                FLASH_IRQHandler
                0x0000000008001e08                DMA2_Stream4_IRQHandler
                0x0000000008001e08                USART1_IRQHandler
                0x0000000008001e08                OTG_FS_IRQHandler
                0x0000000008001e08                SPI3_IRQHandler
                0x0000000008001e08                DMA1_Stream4_IRQHandler
                0x0000000008001e08                I2C1_ER_IRQHandler
                0x0000000008001e08                DMA2_Stream6_IRQHandler
                0x0000000008001e08                DMA1_Stream3_IRQHandler
 *fill*         0x0000000008001e0a        0x2 
 .text.HAL_Init
                0x0000000008001e0c       0x44 Drivers/STM32F4xx_HAL_Driver/Src/stm32f4xx_hal.o
                0x0000000008001e0c                HAL_Init
 .text.HAL_InitTick
                0x0000000008001e50       0x60 Drivers/STM32F4xx_HAL_Driver/Src/stm32f4xx_hal.o
                0x0000000008001e50                HAL_InitTick
 .text.HAL_IncTick
                0x0000000008001eb0       0x28 Drivers/STM32F4xx_HAL_Driver/Src/stm32f4xx_hal.o
                0x0000000008001eb0                HAL_IncTick
 .text.HAL_GetTick
                0x0000000008001ed8       0x18 Drivers/STM32F4xx_HAL_Driver/Src/stm32f4xx_hal.o
                0x0000000008001ed8                HAL_GetTick
 .text.HAL_Delay
                0x0000000008001ef0       0x48 Drivers/STM32F4xx_HAL_Driver/Src/stm32f4xx_hal.o
                0x0000000008001ef0                HAL_Delay
 .text.HAL_ADC_Init
                0x0000000008001f38       0x86 Drivers/STM32F4xx_HAL_Driver/Src/stm32f4xx_hal_adc.o
                0x0000000008001f38                HAL_ADC_Init
 .text.HAL_ADC_IRQHandler
                0x0000000008001fbe      0x282 Drivers/STM32F4xx_HAL_Driver/Src/stm32f4xx_hal_adc.o
                0x0000000008001fbe                HAL_ADC_IRQHandler
 .text.HAL_ADC_Start_DMA
                0x0000000008002240      0x1e0 Drivers/STM32F4xx_HAL_Driver/Src/stm32f4xx_hal_adc.o
                0x0000000008002240                HAL_ADC_Start_DMA
 .text.HAL_ADC_ConvHalfCpltCallback
                0x0000000008002420       0x14 Drivers/STM32F4xx_HAL_Driver/Src/stm32f4xx_hal_adc.o
                0x0000000008002420                HAL_ADC_ConvHalfCpltCallback
 .text.HAL_ADC_LevelOutOfWindowCallback
                0x0000000008002434       0x14 Drivers/STM32F4xx_HAL_Driver/Src/stm32f4xx_hal_adc.o
                0x0000000008002434                HAL_ADC_LevelOutOfWindowCallback
 .text.HAL_ADC_ErrorCallback
                0x0000000008002448       0x14 Drivers/STM32F4xx_HAL_Driver/Src/stm32f4xx_hal_adc.o
                0x0000000008002448                HAL_ADC_ErrorCallback
 .text.HAL_ADC_ConfigChannel
                0x000000000800245c      0x244 Drivers/STM32F4xx_HAL_Driver/Src/stm32f4xx_hal_adc.o
                0x000000000800245c                HAL_ADC_ConfigChannel
 .text.ADC_Init
                0x00000000080026a0      0x1f8 Drivers/STM32F4xx_HAL_Driver/Src/stm32f4xx_hal_adc.o
 .text.ADC_DMAConvCplt
                0x0000000008002898       0xba Drivers/STM32F4xx_HAL_Driver/Src/stm32f4xx_hal_adc.o
 .text.ADC_DMAHalfConvCplt
                0x0000000008002952       0x1c Drivers/STM32F4xx_HAL_Driver/Src/stm32f4xx_hal_adc.o
 .text.ADC_DMAError
                0x000000000800296e       0x2e Drivers/STM32F4xx_HAL_Driver/Src/stm32f4xx_hal_adc.o
 .text.HAL_ADCEx_InjectedConvCpltCallback
                0x000000000800299c       0x14 Drivers/STM32F4xx_HAL_Driver/Src/stm32f4xx_hal_adc_ex.o
                0x000000000800299c                HAL_ADCEx_InjectedConvCpltCallback
 .text.__NVIC_SetPriorityGrouping
                0x00000000080029b0       0x48 Drivers/STM32F4xx_HAL_Driver/Src/stm32f4xx_hal_cortex.o
 .text.__NVIC_GetPriorityGrouping
                0x00000000080029f8       0x1c Drivers/STM32F4xx_HAL_Driver/Src/stm32f4xx_hal_cortex.o
 .text.__NVIC_EnableIRQ
                0x0000000008002a14       0x3c Drivers/STM32F4xx_HAL_Driver/Src/stm32f4xx_hal_cortex.o
 .text.__NVIC_SetPriority
                0x0000000008002a50       0x54 Drivers/STM32F4xx_HAL_Driver/Src/stm32f4xx_hal_cortex.o
 .text.NVIC_EncodePriority
                0x0000000008002aa4       0x66 Drivers/STM32F4xx_HAL_Driver/Src/stm32f4xx_hal_cortex.o
 *fill*         0x0000000008002b0a        0x2 
 .text.SysTick_Config
                0x0000000008002b0c       0x44 Drivers/STM32F4xx_HAL_Driver/Src/stm32f4xx_hal_cortex.o
 .text.HAL_NVIC_SetPriorityGrouping
                0x0000000008002b50       0x16 Drivers/STM32F4xx_HAL_Driver/Src/stm32f4xx_hal_cortex.o
                0x0000000008002b50                HAL_NVIC_SetPriorityGrouping
 .text.HAL_NVIC_SetPriority
                0x0000000008002b66       0x38 Drivers/STM32F4xx_HAL_Driver/Src/stm32f4xx_hal_cortex.o
                0x0000000008002b66                HAL_NVIC_SetPriority
 .text.HAL_NVIC_EnableIRQ
                0x0000000008002b9e       0x1c Drivers/STM32F4xx_HAL_Driver/Src/stm32f4xx_hal_cortex.o
                0x0000000008002b9e                HAL_NVIC_EnableIRQ
 .text.HAL_SYSTICK_Config
                0x0000000008002bba       0x18 Drivers/STM32F4xx_HAL_Driver/Src/stm32f4xx_hal_cortex.o
                0x0000000008002bba                HAL_SYSTICK_Config
 *fill*         0x0000000008002bd2        0x2 
 .text.HAL_DMA_Init
                0x0000000008002bd4      0x15c Drivers/STM32F4xx_HAL_Driver/Src/stm32f4xx_hal_dma.o
                0x0000000008002bd4                HAL_DMA_Init
 .text.HAL_DMA_Start_IT
                0x0000000008002d30       0xb0 Drivers/STM32F4xx_HAL_Driver/Src/stm32f4xx_hal_dma.o
                0x0000000008002d30                HAL_DMA_Start_IT
 .text.HAL_DMA_IRQHandler
                0x0000000008002de0      0x314 Drivers/STM32F4xx_HAL_Driver/Src/stm32f4xx_hal_dma.o
                0x0000000008002de0                HAL_DMA_IRQHandler
 .text.DMA_SetConfig
                0x00000000080030f4       0x5c Drivers/STM32F4xx_HAL_Driver/Src/stm32f4xx_hal_dma.o
 .text.DMA_CalcBaseAndBitshift
                0x0000000008003150       0x6c Drivers/STM32F4xx_HAL_Driver/Src/stm32f4xx_hal_dma.o
 .text.DMA_CheckFifoParam
                0x00000000080031bc       0xf8 Drivers/STM32F4xx_HAL_Driver/Src/stm32f4xx_hal_dma.o
 .text.HAL_GPIO_Init
                0x00000000080032b4      0x308 Drivers/STM32F4xx_HAL_Driver/Src/stm32f4xx_hal_gpio.o
                0x00000000080032b4                HAL_GPIO_Init
 .text.HAL_GPIO_ReadPin
                0x00000000080035bc       0x30 Drivers/STM32F4xx_HAL_Driver/Src/stm32f4xx_hal_gpio.o
                0x00000000080035bc                HAL_GPIO_ReadPin
 .text.HAL_GPIO_WritePin
                0x00000000080035ec       0x32 Drivers/STM32F4xx_HAL_Driver/Src/stm32f4xx_hal_gpio.o
                0x00000000080035ec                HAL_GPIO_WritePin
 *fill*         0x000000000800361e        0x2 
 .text.HAL_GPIO_EXTI_IRQHandler
                0x0000000008003620       0x30 Drivers/STM32F4xx_HAL_Driver/Src/stm32f4xx_hal_gpio.o
                0x0000000008003620                HAL_GPIO_EXTI_IRQHandler
 .text.HAL_I2C_Init
                0x0000000008003650      0x288 Drivers/STM32F4xx_HAL_Driver/Src/stm32f4xx_hal_i2c.o
                0x0000000008003650                HAL_I2C_Init
 .text.HAL_I2C_Master_Transmit
                0x00000000080038d8      0x1fc Drivers/STM32F4xx_HAL_Driver/Src/stm32f4xx_hal_i2c.o
                0x00000000080038d8                HAL_I2C_Master_Transmit
 .text.I2C_MasterRequestWrite
                0x0000000008003ad4      0x104 Drivers/STM32F4xx_HAL_Driver/Src/stm32f4xx_hal_i2c.o
 .text.I2C_WaitOnFlagUntilTimeout
                0x0000000008003bd8       0xae Drivers/STM32F4xx_HAL_Driver/Src/stm32f4xx_hal_i2c.o
 .text.I2C_WaitOnMasterAddressFlagUntilTimeout
                0x0000000008003c86       0xfe Drivers/STM32F4xx_HAL_Driver/Src/stm32f4xx_hal_i2c.o
 .text.I2C_WaitOnTXEFlagUntilTimeout
                0x0000000008003d84       0x82 Drivers/STM32F4xx_HAL_Driver/Src/stm32f4xx_hal_i2c.o
 .text.I2C_WaitOnBTFFlagUntilTimeout
                0x0000000008003e06       0x82 Drivers/STM32F4xx_HAL_Driver/Src/stm32f4xx_hal_i2c.o
 .text.I2C_IsAcknowledgeFailed
                0x0000000008003e88       0x5e Drivers/STM32F4xx_HAL_Driver/Src/stm32f4xx_hal_i2c.o
 *fill*         0x0000000008003ee6        0x2 
 .text.HAL_RCC_OscConfig
                0x0000000008003ee8      0x4f0 Drivers/STM32F4xx_HAL_Driver/Src/stm32f4xx_hal_rcc.o
                0x0000000008003ee8                HAL_RCC_OscConfig
 .text.HAL_RCC_ClockConfig
                0x00000000080043d8      0x1cc Drivers/STM32F4xx_HAL_Driver/Src/stm32f4xx_hal_rcc.o
                0x00000000080043d8                HAL_RCC_ClockConfig
 .text.HAL_RCC_GetSysClockFreq
                0x00000000080045a4      0x16c Drivers/STM32F4xx_HAL_Driver/Src/stm32f4xx_hal_rcc.o
                0x00000000080045a4                HAL_RCC_GetSysClockFreq
 .text.HAL_RCC_GetHCLKFreq
                0x0000000008004710       0x18 Drivers/STM32F4xx_HAL_Driver/Src/stm32f4xx_hal_rcc.o
                0x0000000008004710                HAL_RCC_GetHCLKFreq
 .text.HAL_RCC_GetPCLK1Freq
                0x0000000008004728       0x28 Drivers/STM32F4xx_HAL_Driver/Src/stm32f4xx_hal_rcc.o
                0x0000000008004728                HAL_RCC_GetPCLK1Freq
 .text.HAL_RCCEx_PeriphCLKConfig
                0x0000000008004750      0x1dc Drivers/STM32F4xx_HAL_Driver/Src/stm32f4xx_hal_rcc_ex.o
                0x0000000008004750                HAL_RCCEx_PeriphCLKConfig
 .text.HAL_RTC_Init
                0x000000000800492c      0x122 Drivers/STM32F4xx_HAL_Driver/Src/stm32f4xx_hal_rtc.o
                0x000000000800492c                HAL_RTC_Init
 .text.HAL_RTC_SetTime
                0x0000000008004a4e      0x17a Drivers/STM32F4xx_HAL_Driver/Src/stm32f4xx_hal_rtc.o
                0x0000000008004a4e                HAL_RTC_SetTime
 .text.HAL_RTC_SetDate
                0x0000000008004bc8      0x14e Drivers/STM32F4xx_HAL_Driver/Src/stm32f4xx_hal_rtc.o
                0x0000000008004bc8                HAL_RTC_SetDate
 .text.HAL_RTC_SetAlarm
                0x0000000008004d16      0x230 Drivers/STM32F4xx_HAL_Driver/Src/stm32f4xx_hal_rtc.o
                0x0000000008004d16                HAL_RTC_SetAlarm
 .text.HAL_RTC_WaitForSynchro
                0x0000000008004f46       0x50 Drivers/STM32F4xx_HAL_Driver/Src/stm32f4xx_hal_rtc.o
                0x0000000008004f46                HAL_RTC_WaitForSynchro
 .text.RTC_EnterInitMode
                0x0000000008004f96       0x58 Drivers/STM32F4xx_HAL_Driver/Src/stm32f4xx_hal_rtc.o
                0x0000000008004f96                RTC_EnterInitMode
 .text.RTC_ByteToBcd2
                0x0000000008004fee       0x3c Drivers/STM32F4xx_HAL_Driver/Src/stm32f4xx_hal_rtc.o
                0x0000000008004fee                RTC_ByteToBcd2
 .text.HAL_TIM_Base_Init
                0x000000000800502a       0x9e Drivers/STM32F4xx_HAL_Driver/Src/stm32f4xx_hal_tim.o
                0x000000000800502a                HAL_TIM_Base_Init
 .text.HAL_TIM_Base_Start
                0x00000000080050c8       0xb4 Drivers/STM32F4xx_HAL_Driver/Src/stm32f4xx_hal_tim.o
                0x00000000080050c8                HAL_TIM_Base_Start
 .text.HAL_TIM_ConfigClockSource
                0x000000000800517c      0x18e Drivers/STM32F4xx_HAL_Driver/Src/stm32f4xx_hal_tim.o
                0x000000000800517c                HAL_TIM_ConfigClockSource
 *fill*         0x000000000800530a        0x2 
 .text.TIM_Base_SetConfig
                0x000000000800530c      0x100 Drivers/STM32F4xx_HAL_Driver/Src/stm32f4xx_hal_tim.o
                0x000000000800530c                TIM_Base_SetConfig
 .text.TIM_TI1_ConfigInputStage
                0x000000000800540c       0x5e Drivers/STM32F4xx_HAL_Driver/Src/stm32f4xx_hal_tim.o
 .text.TIM_TI2_ConfigInputStage
                0x000000000800546a       0x60 Drivers/STM32F4xx_HAL_Driver/Src/stm32f4xx_hal_tim.o
 .text.TIM_ITRx_SetConfig
                0x00000000080054ca       0x36 Drivers/STM32F4xx_HAL_Driver/Src/stm32f4xx_hal_tim.o
 .text.TIM_ETR_SetConfig
                0x0000000008005500       0x40 Drivers/STM32F4xx_HAL_Driver/Src/stm32f4xx_hal_tim.o
                0x0000000008005500                TIM_ETR_SetConfig
 .text.HAL_TIMEx_MasterConfigSynchronization
                0x0000000008005540       0xdc Drivers/STM32F4xx_HAL_Driver/Src/stm32f4xx_hal_tim_ex.o
                0x0000000008005540                HAL_TIMEx_MasterConfigSynchronization
 .text.__libc_init_array
                0x000000000800561c       0x48 c:/st/stm32cubeide_1.6.1/stm32cubeide/plugins/com.st.stm32cube.ide.mcu.externaltools.gnu-tools-for-stm32.9-2020-q2-update.win32_1.5.0.202011040924/tools/bin/../lib/gcc/arm-none-eabi/9.3.1/../../../../arm-none-eabi/lib/thumb/v7e-m+fp/hard\libc_nano.a(lib_a-init.o)
                0x000000000800561c                __libc_init_array
 .text.memset   0x0000000008005664       0x10 c:/st/stm32cubeide_1.6.1/stm32cubeide/plugins/com.st.stm32cube.ide.mcu.externaltools.gnu-tools-for-stm32.9-2020-q2-update.win32_1.5.0.202011040924/tools/bin/../lib/gcc/arm-none-eabi/9.3.1/../../../../arm-none-eabi/lib/thumb/v7e-m+fp/hard\libc_nano.a(lib_a-memset.o)
                0x0000000008005664                memset
 *(.glue_7)
 .glue_7        0x0000000008005674        0x0 linker stubs
 *(.glue_7t)
 .glue_7t       0x0000000008005674        0x0 linker stubs
 *(.eh_frame)
 .eh_frame      0x0000000008005674        0x0 c:/st/stm32cubeide_1.6.1/stm32cubeide/plugins/com.st.stm32cube.ide.mcu.externaltools.gnu-tools-for-stm32.9-2020-q2-update.win32_1.5.0.202011040924/tools/bin/../lib/gcc/arm-none-eabi/9.3.1/thumb/v7e-m+fp/hard/crtbegin.o
 *(.init)
 .init          0x0000000008005674        0x4 c:/st/stm32cubeide_1.6.1/stm32cubeide/plugins/com.st.stm32cube.ide.mcu.externaltools.gnu-tools-for-stm32.9-2020-q2-update.win32_1.5.0.202011040924/tools/bin/../lib/gcc/arm-none-eabi/9.3.1/thumb/v7e-m+fp/hard/crti.o
                0x0000000008005674                _init
 .init          0x0000000008005678        0x8 c:/st/stm32cubeide_1.6.1/stm32cubeide/plugins/com.st.stm32cube.ide.mcu.externaltools.gnu-tools-for-stm32.9-2020-q2-update.win32_1.5.0.202011040924/tools/bin/../lib/gcc/arm-none-eabi/9.3.1/thumb/v7e-m+fp/hard/crtn.o
 *(.fini)
 .fini          0x0000000008005680        0x4 c:/st/stm32cubeide_1.6.1/stm32cubeide/plugins/com.st.stm32cube.ide.mcu.externaltools.gnu-tools-for-stm32.9-2020-q2-update.win32_1.5.0.202011040924/tools/bin/../lib/gcc/arm-none-eabi/9.3.1/thumb/v7e-m+fp/hard/crti.o
                0x0000000008005680                _fini
 .fini          0x0000000008005684        0x8 c:/st/stm32cubeide_1.6.1/stm32cubeide/plugins/com.st.stm32cube.ide.mcu.externaltools.gnu-tools-for-stm32.9-2020-q2-update.win32_1.5.0.202011040924/tools/bin/../lib/gcc/arm-none-eabi/9.3.1/thumb/v7e-m+fp/hard/crtn.o
                0x000000000800568c                . = ALIGN (0x4)
                0x000000000800568c                _etext = .

.vfp11_veneer   0x000000000800568c        0x0
 .vfp11_veneer  0x000000000800568c        0x0 linker stubs

.v4_bx          0x000000000800568c        0x0
 .v4_bx         0x000000000800568c        0x0 linker stubs

.iplt           0x000000000800568c        0x0
 .iplt          0x000000000800568c        0x0 c:/st/stm32cubeide_1.6.1/stm32cubeide/plugins/com.st.stm32cube.ide.mcu.externaltools.gnu-tools-for-stm32.9-2020-q2-update.win32_1.5.0.202011040924/tools/bin/../lib/gcc/arm-none-eabi/9.3.1/thumb/v7e-m+fp/hard/crtbegin.o

.rodata         0x000000000800568c      0x190
                0x000000000800568c                . = ALIGN (0x4)
 *(.rodata)
 .rodata        0x000000000800568c      0x168 Core/Src/main.o
 *(.rodata*)
 .rodata.moist_per_line
                0x00000000080057f4        0x8 Core/Src/main.o
                0x00000000080057f4                moist_per_line
 .rodata.AHBPrescTable
                0x00000000080057fc       0x10 Core/Src/system_stm32f4xx.o
                0x00000000080057fc                AHBPrescTable
 .rodata.APBPrescTable
                0x000000000800580c        0x8 Core/Src/system_stm32f4xx.o
                0x000000000800580c                APBPrescTable
 .rodata.flagBitshiftOffset.8908
                0x0000000008005814        0x8 Drivers/STM32F4xx_HAL_Driver/Src/stm32f4xx_hal_dma.o
                0x000000000800581c                . = ALIGN (0x4)

.ARM.extab      0x000000000800581c        0x0
                0x000000000800581c                . = ALIGN (0x4)
 *(.ARM.extab* .gnu.linkonce.armextab.*)
                0x000000000800581c                . = ALIGN (0x4)

.ARM            0x000000000800581c        0x8
                0x000000000800581c                . = ALIGN (0x4)
                0x000000000800581c                __exidx_start = .
 *(.ARM.exidx*)
 .ARM.exidx     0x000000000800581c        0x8 c:/st/stm32cubeide_1.6.1/stm32cubeide/plugins/com.st.stm32cube.ide.mcu.externaltools.gnu-tools-for-stm32.9-2020-q2-update.win32_1.5.0.202011040924/tools/bin/../lib/gcc/arm-none-eabi/9.3.1/thumb/v7e-m+fp/hard\libgcc.a(_udivmoddi4.o)
                0x0000000008005824                __exidx_end = .
                0x0000000008005824                . = ALIGN (0x4)

.rel.dyn        0x0000000008005824        0x0
 .rel.iplt      0x0000000008005824        0x0 c:/st/stm32cubeide_1.6.1/stm32cubeide/plugins/com.st.stm32cube.ide.mcu.externaltools.gnu-tools-for-stm32.9-2020-q2-update.win32_1.5.0.202011040924/tools/bin/../lib/gcc/arm-none-eabi/9.3.1/thumb/v7e-m+fp/hard/crtbegin.o

.preinit_array  0x0000000008005824        0x0
                0x0000000008005824                . = ALIGN (0x4)
                0x0000000008005824                PROVIDE (__preinit_array_start = .)
 *(.preinit_array*)
                0x0000000008005824                PROVIDE (__preinit_array_end = .)
                0x0000000008005824                . = ALIGN (0x4)

.init_array     0x0000000008005824        0x4
                0x0000000008005824                . = ALIGN (0x4)
                0x0000000008005824                PROVIDE (__init_array_start = .)
 *(SORT_BY_NAME(.init_array.*))
 *(.init_array*)
 .init_array    0x0000000008005824        0x4 c:/st/stm32cubeide_1.6.1/stm32cubeide/plugins/com.st.stm32cube.ide.mcu.externaltools.gnu-tools-for-stm32.9-2020-q2-update.win32_1.5.0.202011040924/tools/bin/../lib/gcc/arm-none-eabi/9.3.1/thumb/v7e-m+fp/hard/crtbegin.o
                0x0000000008005828                PROVIDE (__init_array_end = .)
                0x0000000008005828                . = ALIGN (0x4)

.fini_array     0x0000000008005828        0x4
                0x0000000008005828                . = ALIGN (0x4)
                [!provide]                        PROVIDE (__fini_array_start = .)
 *(SORT_BY_NAME(.fini_array.*))
 *(.fini_array*)
 .fini_array    0x0000000008005828        0x4 c:/st/stm32cubeide_1.6.1/stm32cubeide/plugins/com.st.stm32cube.ide.mcu.externaltools.gnu-tools-for-stm32.9-2020-q2-update.win32_1.5.0.202011040924/tools/bin/../lib/gcc/arm-none-eabi/9.3.1/thumb/v7e-m+fp/hard/crtbegin.o
                [!provide]                        PROVIDE (__fini_array_end = .)
                0x000000000800582c                . = ALIGN (0x4)
                0x000000000800582c                _sidata = LOADADDR (.data)

.data           0x0000000020000000        0xc load address 0x000000000800582c
                0x0000000020000000                . = ALIGN (0x4)
                0x0000000020000000                _sdata = .
 *(.data)
 *(.data*)
 .data.SystemCoreClock
                0x0000000020000000        0x4 Core/Src/system_stm32f4xx.o
                0x0000000020000000                SystemCoreClock
 .data.uwTickPrio
                0x0000000020000004        0x4 Drivers/STM32F4xx_HAL_Driver/Src/stm32f4xx_hal.o
                0x0000000020000004                uwTickPrio
 .data.uwTickFreq
                0x0000000020000008        0x1 Drivers/STM32F4xx_HAL_Driver/Src/stm32f4xx_hal.o
                0x0000000020000008                uwTickFreq
 *(.RamFunc)
 *(.RamFunc*)
                0x000000002000000c                . = ALIGN (0x4)
 *fill*         0x0000000020000009        0x3 
                0x000000002000000c                _edata = .

.igot.plt       0x000000002000000c        0x0 load address 0x0000000008005838
 .igot.plt      0x000000002000000c        0x0 c:/st/stm32cubeide_1.6.1/stm32cubeide/plugins/com.st.stm32cube.ide.mcu.externaltools.gnu-tools-for-stm32.9-2020-q2-update.win32_1.5.0.202011040924/tools/bin/../lib/gcc/arm-none-eabi/9.3.1/thumb/v7e-m+fp/hard/crtbegin.o
                0x000000002000000c                . = ALIGN (0x4)

.bss            0x000000002000000c      0x23c load address 0x0000000008005838
                0x000000002000000c                _sbss = .
                0x000000002000000c                __bss_start__ = _sbss
 *(.bss)
 .bss           0x000000002000000c       0x1c c:/st/stm32cubeide_1.6.1/stm32cubeide/plugins/com.st.stm32cube.ide.mcu.externaltools.gnu-tools-for-stm32.9-2020-q2-update.win32_1.5.0.202011040924/tools/bin/../lib/gcc/arm-none-eabi/9.3.1/thumb/v7e-m+fp/hard/crtbegin.o
 *(.bss*)
 .bss.menu_lcd_refresh
                0x0000000020000028        0x4 Core/Src/main.o
                0x0000000020000028                menu_lcd_refresh
 .bss.menu_click
                0x000000002000002c        0x4 Core/Src/main.o
                0x000000002000002c                menu_click
 .bss.menu_up   0x0000000020000030        0x4 Core/Src/main.o
                0x0000000020000030                menu_up
 .bss.menu_down
                0x0000000020000034        0x4 Core/Src/main.o
                0x0000000020000034                menu_down
 .bss.current_page
                0x0000000020000038        0x4 Core/Src/main.o
                0x0000000020000038                current_page
 .bss.Temperature
                0x000000002000003c        0x4 Core/Src/main.o
                0x000000002000003c                Temperature
 .bss.Humidity  0x0000000020000040        0x4 Core/Src/main.o
                0x0000000020000040                Humidity
 .bss.Presence  0x0000000020000044        0x1 Core/Src/main.o
                0x0000000020000044                Presence
 *(COMMON)
 *fill*         0x0000000020000045        0x3 
 COMMON         0x0000000020000048      0x1f9 Core/Src/main.o
                0x0000000020000048                adc_line_avg
                0x0000000020000050                planner_line_compare
                0x0000000020000058                adc_result_dma
                0x0000000020000068                hi2c1
                0x00000000200000bc                Rh_byte1
                0x00000000200000be                RH
                0x00000000200000c0                TEMP
                0x00000000200000c4                hadc1
                0x000000002000010c                Temp_byte1
                0x0000000020000110                adc_result_percentage
                0x000000002000012c                hdma_adc1
                0x000000002000018c                hrtc
                0x00000000200001ac                relay_set
                0x00000000200001b4                dateBuff
                0x00000000200001c8                Rh_byte2
                0x00000000200001cc                htim1
                0x0000000020000214                auto_mode_param
                0x000000002000021c                auto_irrigation_time
                0x0000000020000224                timeBuff
                0x0000000020000238                SUM
                0x000000002000023c                yanked
                0x0000000020000240                Temp_byte2
 *fill*         0x0000000020000241        0x3 
 COMMON         0x0000000020000244        0x4 Drivers/STM32F4xx_HAL_Driver/Src/stm32f4xx_hal.o
                0x0000000020000244                uwTick
                0x0000000020000248                . = ALIGN (0x4)
                0x0000000020000248                _ebss = .
                0x0000000020000248                __bss_end__ = _ebss

._user_heap_stack
                0x0000000020000248      0x600 load address 0x0000000008005838
                0x0000000020000248                . = ALIGN (0x8)
                [!provide]                        PROVIDE (end = .)
                0x0000000020000248                PROVIDE (_end = .)
                0x0000000020000448                . = (. + _Min_Heap_Size)
 *fill*         0x0000000020000248      0x200 
                0x0000000020000848                . = (. + _Min_Stack_Size)
 *fill*         0x0000000020000448      0x400 
                0x0000000020000848                . = ALIGN (0x8)

/DISCARD/
 libc.a(*)
 libm.a(*)
 libgcc.a(*)

.ARM.attributes
                0x0000000000000000       0x30
 *(.ARM.attributes)
 .ARM.attributes
                0x0000000000000000       0x1e c:/st/stm32cubeide_1.6.1/stm32cubeide/plugins/com.st.stm32cube.ide.mcu.externaltools.gnu-tools-for-stm32.9-2020-q2-update.win32_1.5.0.202011040924/tools/bin/../lib/gcc/arm-none-eabi/9.3.1/thumb/v7e-m+fp/hard/crti.o
 .ARM.attributes
                0x000000000000001e       0x34 c:/st/stm32cubeide_1.6.1/stm32cubeide/plugins/com.st.stm32cube.ide.mcu.externaltools.gnu-tools-for-stm32.9-2020-q2-update.win32_1.5.0.202011040924/tools/bin/../lib/gcc/arm-none-eabi/9.3.1/thumb/v7e-m+fp/hard/crtbegin.o
 .ARM.attributes
                0x0000000000000052       0x34 Core/Src/i2c-lcd.o
 .ARM.attributes
                0x0000000000000086       0x34 Core/Src/main.o
 .ARM.attributes
                0x00000000000000ba       0x34 Core/Src/stm32f4xx_hal_msp.o
 .ARM.attributes
                0x00000000000000ee       0x34 Core/Src/stm32f4xx_it.o
 .ARM.attributes
                0x0000000000000122       0x34 Core/Src/system_stm32f4xx.o
 .ARM.attributes
                0x0000000000000156       0x21 Core/Startup/startup_stm32f401ccux.o
 .ARM.attributes
                0x0000000000000177       0x34 Drivers/STM32F4xx_HAL_Driver/Src/stm32f4xx_hal.o
 .ARM.attributes
                0x00000000000001ab       0x34 Drivers/STM32F4xx_HAL_Driver/Src/stm32f4xx_hal_adc.o
 .ARM.attributes
                0x00000000000001df       0x34 Drivers/STM32F4xx_HAL_Driver/Src/stm32f4xx_hal_adc_ex.o
 .ARM.attributes
                0x0000000000000213       0x34 Drivers/STM32F4xx_HAL_Driver/Src/stm32f4xx_hal_cortex.o
 .ARM.attributes
                0x0000000000000247       0x34 Drivers/STM32F4xx_HAL_Driver/Src/stm32f4xx_hal_dma.o
 .ARM.attributes
                0x000000000000027b       0x34 Drivers/STM32F4xx_HAL_Driver/Src/stm32f4xx_hal_gpio.o
 .ARM.attributes
                0x00000000000002af       0x34 Drivers/STM32F4xx_HAL_Driver/Src/stm32f4xx_hal_i2c.o
 .ARM.attributes
                0x00000000000002e3       0x34 Drivers/STM32F4xx_HAL_Driver/Src/stm32f4xx_hal_rcc.o
 .ARM.attributes
                0x0000000000000317       0x34 Drivers/STM32F4xx_HAL_Driver/Src/stm32f4xx_hal_rcc_ex.o
 .ARM.attributes
                0x000000000000034b       0x34 Drivers/STM32F4xx_HAL_Driver/Src/stm32f4xx_hal_rtc.o
 .ARM.attributes
                0x000000000000037f       0x34 Drivers/STM32F4xx_HAL_Driver/Src/stm32f4xx_hal_tim.o
 .ARM.attributes
                0x00000000000003b3       0x34 Drivers/STM32F4xx_HAL_Driver/Src/stm32f4xx_hal_tim_ex.o
 .ARM.attributes
                0x00000000000003e7       0x34 c:/st/stm32cubeide_1.6.1/stm32cubeide/plugins/com.st.stm32cube.ide.mcu.externaltools.gnu-tools-for-stm32.9-2020-q2-update.win32_1.5.0.202011040924/tools/bin/../lib/gcc/arm-none-eabi/9.3.1/../../../../arm-none-eabi/lib/thumb/v7e-m+fp/hard\libc_nano.a(lib_a-init.o)
 .ARM.attributes
                0x000000000000041b       0x34 c:/st/stm32cubeide_1.6.1/stm32cubeide/plugins/com.st.stm32cube.ide.mcu.externaltools.gnu-tools-for-stm32.9-2020-q2-update.win32_1.5.0.202011040924/tools/bin/../lib/gcc/arm-none-eabi/9.3.1/../../../../arm-none-eabi/lib/thumb/v7e-m+fp/hard\libc_nano.a(lib_a-memset.o)
 .ARM.attributes
                0x000000000000044f       0x1e c:/st/stm32cubeide_1.6.1/stm32cubeide/plugins/com.st.stm32cube.ide.mcu.externaltools.gnu-tools-for-stm32.9-2020-q2-update.win32_1.5.0.202011040924/tools/bin/../lib/gcc/arm-none-eabi/9.3.1/thumb/v7e-m+fp/hard\libgcc.a(_aeabi_uldivmod.o)
 .ARM.attributes
                0x000000000000046d       0x34 c:/st/stm32cubeide_1.6.1/stm32cubeide/plugins/com.st.stm32cube.ide.mcu.externaltools.gnu-tools-for-stm32.9-2020-q2-update.win32_1.5.0.202011040924/tools/bin/../lib/gcc/arm-none-eabi/9.3.1/thumb/v7e-m+fp/hard\libgcc.a(_udivmoddi4.o)
 .ARM.attributes
                0x00000000000004a1       0x1e c:/st/stm32cubeide_1.6.1/stm32cubeide/plugins/com.st.stm32cube.ide.mcu.externaltools.gnu-tools-for-stm32.9-2020-q2-update.win32_1.5.0.202011040924/tools/bin/../lib/gcc/arm-none-eabi/9.3.1/thumb/v7e-m+fp/hard\libgcc.a(_dvmd_tls.o)
 .ARM.attributes
                0x00000000000004bf       0x1e c:/st/stm32cubeide_1.6.1/stm32cubeide/plugins/com.st.stm32cube.ide.mcu.externaltools.gnu-tools-for-stm32.9-2020-q2-update.win32_1.5.0.202011040924/tools/bin/../lib/gcc/arm-none-eabi/9.3.1/thumb/v7e-m+fp/hard/crtn.o
OUTPUT(ed_v1.0.elf elf32-littlearm)
LOAD linker stubs
LOAD c:/st/stm32cubeide_1.6.1/stm32cubeide/plugins/com.st.stm32cube.ide.mcu.externaltools.gnu-tools-for-stm32.9-2020-q2-update.win32_1.5.0.202011040924/tools/bin/../lib/gcc/arm-none-eabi/9.3.1/../../../../arm-none-eabi/lib/thumb/v7e-m+fp/hard\libc.a
LOAD c:/st/stm32cubeide_1.6.1/stm32cubeide/plugins/com.st.stm32cube.ide.mcu.externaltools.gnu-tools-for-stm32.9-2020-q2-update.win32_1.5.0.202011040924/tools/bin/../lib/gcc/arm-none-eabi/9.3.1/../../../../arm-none-eabi/lib/thumb/v7e-m+fp/hard\libm.a
LOAD c:/st/stm32cubeide_1.6.1/stm32cubeide/plugins/com.st.stm32cube.ide.mcu.externaltools.gnu-tools-for-stm32.9-2020-q2-update.win32_1.5.0.202011040924/tools/bin/../lib/gcc/arm-none-eabi/9.3.1/thumb/v7e-m+fp/hard\libgcc.a

.debug_info     0x0000000000000000    0x1237d
 .debug_info    0x0000000000000000      0x832 Core/Src/i2c-lcd.o
 .debug_info    0x0000000000000832     0x2e57 Core/Src/main.o
 .debug_info    0x0000000000003689     0x16a7 Core/Src/stm32f4xx_hal_msp.o
 .debug_info    0x0000000000004d30      0x78a Core/Src/stm32f4xx_it.o
 .debug_info    0x00000000000054ba      0x5d0 Core/Src/system_stm32f4xx.o
 .debug_info    0x0000000000005a8a       0x22 Core/Startup/startup_stm32f401ccux.o
 .debug_info    0x0000000000005aac      0x93d Drivers/STM32F4xx_HAL_Driver/Src/stm32f4xx_hal.o
 .debug_info    0x00000000000063e9      0xdb4 Drivers/STM32F4xx_HAL_Driver/Src/stm32f4xx_hal_adc.o
 .debug_info    0x000000000000719d      0xc1a Drivers/STM32F4xx_HAL_Driver/Src/stm32f4xx_hal_adc_ex.o
 .debug_info    0x0000000000007db7      0xe41 Drivers/STM32F4xx_HAL_Driver/Src/stm32f4xx_hal_cortex.o
 .debug_info    0x0000000000008bf8      0x9e9 Drivers/STM32F4xx_HAL_Driver/Src/stm32f4xx_hal_dma.o
 .debug_info    0x00000000000095e1      0x862 Drivers/STM32F4xx_HAL_Driver/Src/stm32f4xx_hal_gpio.o
 .debug_info    0x0000000000009e43     0x2653 Drivers/STM32F4xx_HAL_Driver/Src/stm32f4xx_hal_i2c.o
 .debug_info    0x000000000000c496      0x9bd Drivers/STM32F4xx_HAL_Driver/Src/stm32f4xx_hal_rcc.o
 .debug_info    0x000000000000ce53      0x63d Drivers/STM32F4xx_HAL_Driver/Src/stm32f4xx_hal_rcc_ex.o
 .debug_info    0x000000000000d490      0xd39 Drivers/STM32F4xx_HAL_Driver/Src/stm32f4xx_hal_rtc.o
 .debug_info    0x000000000000e1c9     0x2c1a Drivers/STM32F4xx_HAL_Driver/Src/stm32f4xx_hal_tim.o
 .debug_info    0x0000000000010de3     0x159a Drivers/STM32F4xx_HAL_Driver/Src/stm32f4xx_hal_tim_ex.o

.debug_abbrev   0x0000000000000000     0x254c
 .debug_abbrev  0x0000000000000000      0x1dd Core/Src/i2c-lcd.o
 .debug_abbrev  0x00000000000001dd      0x3f5 Core/Src/main.o
 .debug_abbrev  0x00000000000005d2      0x206 Core/Src/stm32f4xx_hal_msp.o
 .debug_abbrev  0x00000000000007d8      0x14e Core/Src/stm32f4xx_it.o
 .debug_abbrev  0x0000000000000926      0x145 Core/Src/system_stm32f4xx.o
 .debug_abbrev  0x0000000000000a6b       0x12 Core/Startup/startup_stm32f401ccux.o
 .debug_abbrev  0x0000000000000a7d      0x21e Drivers/STM32F4xx_HAL_Driver/Src/stm32f4xx_hal.o
 .debug_abbrev  0x0000000000000c9b      0x1ef Drivers/STM32F4xx_HAL_Driver/Src/stm32f4xx_hal_adc.o
 .debug_abbrev  0x0000000000000e8a      0x20a Drivers/STM32F4xx_HAL_Driver/Src/stm32f4xx_hal_adc_ex.o
 .debug_abbrev  0x0000000000001094      0x33c Drivers/STM32F4xx_HAL_Driver/Src/stm32f4xx_hal_cortex.o
 .debug_abbrev  0x00000000000013d0      0x219 Drivers/STM32F4xx_HAL_Driver/Src/stm32f4xx_hal_dma.o
 .debug_abbrev  0x00000000000015e9      0x1f1 Drivers/STM32F4xx_HAL_Driver/Src/stm32f4xx_hal_gpio.o
 .debug_abbrev  0x00000000000017da      0x293 Drivers/STM32F4xx_HAL_Driver/Src/stm32f4xx_hal_i2c.o
 .debug_abbrev  0x0000000000001a6d      0x275 Drivers/STM32F4xx_HAL_Driver/Src/stm32f4xx_hal_rcc.o
 .debug_abbrev  0x0000000000001ce2      0x18f Drivers/STM32F4xx_HAL_Driver/Src/stm32f4xx_hal_rcc_ex.o
 .debug_abbrev  0x0000000000001e71      0x1f5 Drivers/STM32F4xx_HAL_Driver/Src/stm32f4xx_hal_rtc.o
 .debug_abbrev  0x0000000000002066      0x26f Drivers/STM32F4xx_HAL_Driver/Src/stm32f4xx_hal_tim.o
 .debug_abbrev  0x00000000000022d5      0x277 Drivers/STM32F4xx_HAL_Driver/Src/stm32f4xx_hal_tim_ex.o

.debug_aranges  0x0000000000000000     0x10c0
 .debug_aranges
                0x0000000000000000       0x48 Core/Src/i2c-lcd.o
 .debug_aranges
                0x0000000000000048      0x150 Core/Src/main.o
 .debug_aranges
                0x0000000000000198       0x60 Core/Src/stm32f4xx_hal_msp.o
 .debug_aranges
                0x00000000000001f8       0x88 Core/Src/stm32f4xx_it.o
 .debug_aranges
                0x0000000000000280       0x28 Core/Src/system_stm32f4xx.o
 .debug_aranges
                0x00000000000002a8       0x28 Core/Startup/startup_stm32f401ccux.o
 .debug_aranges
                0x00000000000002d0       0xf0 Drivers/STM32F4xx_HAL_Driver/Src/stm32f4xx_hal.o
 .debug_aranges
                0x00000000000003c0       0xe8 Drivers/STM32F4xx_HAL_Driver/Src/stm32f4xx_hal_adc.o
 .debug_aranges
                0x00000000000004a8       0x90 Drivers/STM32F4xx_HAL_Driver/Src/stm32f4xx_hal_adc_ex.o
 .debug_aranges
                0x0000000000000538      0x118 Drivers/STM32F4xx_HAL_Driver/Src/stm32f4xx_hal_cortex.o
 .debug_aranges
                0x0000000000000650       0x90 Drivers/STM32F4xx_HAL_Driver/Src/stm32f4xx_hal_dma.o
 .debug_aranges
                0x00000000000006e0       0x58 Drivers/STM32F4xx_HAL_Driver/Src/stm32f4xx_hal_gpio.o
 .debug_aranges
                0x0000000000000738      0x2a0 Drivers/STM32F4xx_HAL_Driver/Src/stm32f4xx_hal_i2c.o
 .debug_aranges
                0x00000000000009d8       0x88 Drivers/STM32F4xx_HAL_Driver/Src/stm32f4xx_hal_rcc.o
 .debug_aranges
                0x0000000000000a60       0x48 Drivers/STM32F4xx_HAL_Driver/Src/stm32f4xx_hal_rcc_ex.o
 .debug_aranges
                0x0000000000000aa8       0xe0 Drivers/STM32F4xx_HAL_Driver/Src/stm32f4xx_hal_rtc.o
 .debug_aranges
                0x0000000000000b88      0x3d0 Drivers/STM32F4xx_HAL_Driver/Src/stm32f4xx_hal_tim.o
 .debug_aranges
                0x0000000000000f58      0x168 Drivers/STM32F4xx_HAL_Driver/Src/stm32f4xx_hal_tim_ex.o

.debug_ranges   0x0000000000000000      0xfd0
 .debug_ranges  0x0000000000000000       0x38 Core/Src/i2c-lcd.o
 .debug_ranges  0x0000000000000038      0x140 Core/Src/main.o
 .debug_ranges  0x0000000000000178       0x50 Core/Src/stm32f4xx_hal_msp.o
 .debug_ranges  0x00000000000001c8       0x78 Core/Src/stm32f4xx_it.o
 .debug_ranges  0x0000000000000240       0x18 Core/Src/system_stm32f4xx.o
 .debug_ranges  0x0000000000000258       0x20 Core/Startup/startup_stm32f401ccux.o
 .debug_ranges  0x0000000000000278       0xe0 Drivers/STM32F4xx_HAL_Driver/Src/stm32f4xx_hal.o
 .debug_ranges  0x0000000000000358       0xd8 Drivers/STM32F4xx_HAL_Driver/Src/stm32f4xx_hal_adc.o
 .debug_ranges  0x0000000000000430       0x80 Drivers/STM32F4xx_HAL_Driver/Src/stm32f4xx_hal_adc_ex.o
 .debug_ranges  0x00000000000004b0      0x108 Drivers/STM32F4xx_HAL_Driver/Src/stm32f4xx_hal_cortex.o
 .debug_ranges  0x00000000000005b8       0x80 Drivers/STM32F4xx_HAL_Driver/Src/stm32f4xx_hal_dma.o
 .debug_ranges  0x0000000000000638       0x48 Drivers/STM32F4xx_HAL_Driver/Src/stm32f4xx_hal_gpio.o
 .debug_ranges  0x0000000000000680      0x2b8 Drivers/STM32F4xx_HAL_Driver/Src/stm32f4xx_hal_i2c.o
 .debug_ranges  0x0000000000000938       0x78 Drivers/STM32F4xx_HAL_Driver/Src/stm32f4xx_hal_rcc.o
 .debug_ranges  0x00000000000009b0       0x38 Drivers/STM32F4xx_HAL_Driver/Src/stm32f4xx_hal_rcc_ex.o
 .debug_ranges  0x00000000000009e8       0xd0 Drivers/STM32F4xx_HAL_Driver/Src/stm32f4xx_hal_rtc.o
 .debug_ranges  0x0000000000000ab8      0x3c0 Drivers/STM32F4xx_HAL_Driver/Src/stm32f4xx_hal_tim.o
 .debug_ranges  0x0000000000000e78      0x158 Drivers/STM32F4xx_HAL_Driver/Src/stm32f4xx_hal_tim_ex.o

.debug_macro    0x0000000000000000    0x1814e
 .debug_macro   0x0000000000000000      0x231 Core/Src/i2c-lcd.o
 .debug_macro   0x0000000000000231      0x2a7 Core/Src/i2c-lcd.o
 .debug_macro   0x00000000000004d8       0x2e Core/Src/i2c-lcd.o
 .debug_macro   0x0000000000000506       0x28 Core/Src/i2c-lcd.o
 .debug_macro   0x000000000000052e       0x22 Core/Src/i2c-lcd.o
 .debug_macro   0x0000000000000550       0x8e Core/Src/i2c-lcd.o
 .debug_macro   0x00000000000005de       0x51 Core/Src/i2c-lcd.o
 .debug_macro   0x000000000000062f      0x103 Core/Src/i2c-lcd.o
 .debug_macro   0x0000000000000732       0x6a Core/Src/i2c-lcd.o
 .debug_macro   0x000000000000079c      0x1df Core/Src/i2c-lcd.o
 .debug_macro   0x000000000000097b       0x1c Core/Src/i2c-lcd.o
 .debug_macro   0x0000000000000997       0x22 Core/Src/i2c-lcd.o
 .debug_macro   0x00000000000009b9       0xdf Core/Src/i2c-lcd.o
 .debug_macro   0x0000000000000a98     0x102d Core/Src/i2c-lcd.o
 .debug_macro   0x0000000000001ac5      0x11f Core/Src/i2c-lcd.o
 .debug_macro   0x0000000000001be4     0xb86c Core/Src/i2c-lcd.o
 .debug_macro   0x000000000000d450       0x6d Core/Src/i2c-lcd.o
 .debug_macro   0x000000000000d4bd     0x3666 Core/Src/i2c-lcd.o
 .debug_macro   0x0000000000010b23      0x174 Core/Src/i2c-lcd.o
 .debug_macro   0x0000000000010c97       0x5c Core/Src/i2c-lcd.o
 .debug_macro   0x0000000000010cf3      0x416 Core/Src/i2c-lcd.o
 .debug_macro   0x0000000000011109      0x9fe Core/Src/i2c-lcd.o
 .debug_macro   0x0000000000011b07      0x116 Core/Src/i2c-lcd.o
 .debug_macro   0x0000000000011c1d       0xf8 Core/Src/i2c-lcd.o
 .debug_macro   0x0000000000011d15       0xa5 Core/Src/i2c-lcd.o
 .debug_macro   0x0000000000011dba      0x15f Core/Src/i2c-lcd.o
 .debug_macro   0x0000000000011f19      0x287 Core/Src/i2c-lcd.o
 .debug_macro   0x00000000000121a0       0x5f Core/Src/i2c-lcd.o
 .debug_macro   0x00000000000121ff      0x236 Core/Src/i2c-lcd.o
 .debug_macro   0x0000000000012435      0x9e1 Core/Src/i2c-lcd.o
 .debug_macro   0x0000000000012e16      0x38b Core/Src/i2c-lcd.o
 .debug_macro   0x00000000000131a1      0x176 Core/Src/i2c-lcd.o
 .debug_macro   0x0000000000013317       0xf9 Core/Src/i2c-lcd.o
 .debug_macro   0x0000000000013410      0x132 Core/Src/i2c-lcd.o
 .debug_macro   0x0000000000013542      0x23a Core/Src/i2c-lcd.o
 .debug_macro   0x000000000001377c       0x2e Core/Src/i2c-lcd.o
 .debug_macro   0x00000000000137aa      0x1b5 Core/Src/i2c-lcd.o
 .debug_macro   0x000000000001395f       0x22 Core/Src/i2c-lcd.o
 .debug_macro   0x0000000000013981       0xd6 Core/Src/i2c-lcd.o
 .debug_macro   0x0000000000013a57      0x11a Core/Src/i2c-lcd.o
 .debug_macro   0x0000000000013b71       0x85 Core/Src/i2c-lcd.o
 .debug_macro   0x0000000000013bf6       0x89 Core/Src/i2c-lcd.o
 .debug_macro   0x0000000000013c7f      0x31a Core/Src/i2c-lcd.o
 .debug_macro   0x0000000000013f99      0x405 Core/Src/i2c-lcd.o
 .debug_macro   0x000000000001439e       0xe4 Core/Src/i2c-lcd.o
 .debug_macro   0x0000000000014482      0x8d1 Core/Src/i2c-lcd.o
 .debug_macro   0x0000000000014d53       0x47 Core/Src/i2c-lcd.o
 .debug_macro   0x0000000000014d9a      0x126 Core/Src/i2c-lcd.o
 .debug_macro   0x0000000000014ec0      0x106 Core/Src/i2c-lcd.o
 .debug_macro   0x0000000000014fc6      0x3ff Core/Src/main.o
 .debug_macro   0x00000000000153c5      0x100 Core/Src/main.o
 .debug_macro   0x00000000000154c5       0x22 Core/Src/main.o
 .debug_macro   0x00000000000154e7       0x52 Core/Src/main.o
 .debug_macro   0x0000000000015539       0x18 Core/Src/main.o
 .debug_macro   0x0000000000015551       0x3c Core/Src/main.o
 .debug_macro   0x000000000001558d       0x34 Core/Src/main.o
 .debug_macro   0x00000000000155c1       0x16 Core/Src/main.o
 .debug_macro   0x00000000000155d7       0x35 Core/Src/main.o
 .debug_macro   0x000000000001560c      0x333 Core/Src/main.o
 .debug_macro   0x000000000001593f       0x10 Core/Src/main.o
 .debug_macro   0x000000000001594f       0x16 Core/Src/main.o
 .debug_macro   0x0000000000015965       0x43 Core/Src/main.o
 .debug_macro   0x00000000000159a8       0x34 Core/Src/main.o
 .debug_macro   0x00000000000159dc       0x10 Core/Src/main.o
 .debug_macro   0x00000000000159ec       0x58 Core/Src/main.o
 .debug_macro   0x0000000000015a44       0x71 Core/Src/main.o
 .debug_macro   0x0000000000015ab5       0x1c Core/Src/main.o
 .debug_macro   0x0000000000015ad1      0x12a Core/Src/main.o
 .debug_macro   0x0000000000015bfb       0x10 Core/Src/main.o
 .debug_macro   0x0000000000015c0b       0x1c Core/Src/main.o
 .debug_macro   0x0000000000015c27       0x52 Core/Src/main.o
 .debug_macro   0x0000000000015c79       0x22 Core/Src/main.o
 .debug_macro   0x0000000000015c9b       0x10 Core/Src/main.o
 .debug_macro   0x0000000000015cab       0x40 Core/Src/main.o
 .debug_macro   0x0000000000015ceb       0xd5 Core/Src/main.o
 .debug_macro   0x0000000000015dc0       0x1c Core/Src/main.o
 .debug_macro   0x0000000000015ddc       0x3d Core/Src/main.o
 .debug_macro   0x0000000000015e19       0x16 Core/Src/main.o
 .debug_macro   0x0000000000015e2f      0x145 Core/Src/main.o
 .debug_macro   0x0000000000015f74       0x16 Core/Src/main.o
 .debug_macro   0x0000000000015f8a       0x20 Core/Src/main.o
 .debug_macro   0x0000000000015faa       0x4c Core/Src/main.o
 .debug_macro   0x0000000000015ff6       0x94 Core/Src/main.o
 .debug_macro   0x000000000001608a      0x22d Core/Src/stm32f4xx_hal_msp.o
 .debug_macro   0x00000000000162b7      0x237 Core/Src/stm32f4xx_it.o
 .debug_macro   0x00000000000164ee      0x21e Core/Src/system_stm32f4xx.o
 .debug_macro   0x000000000001670c      0x27e Drivers/STM32F4xx_HAL_Driver/Src/stm32f4xx_hal.o
 .debug_macro   0x000000000001698a      0x21f Drivers/STM32F4xx_HAL_Driver/Src/stm32f4xx_hal_adc.o
 .debug_macro   0x0000000000016ba9      0x21e Drivers/STM32F4xx_HAL_Driver/Src/stm32f4xx_hal_adc_ex.o
 .debug_macro   0x0000000000016dc7      0x21e Drivers/STM32F4xx_HAL_Driver/Src/stm32f4xx_hal_cortex.o
 .debug_macro   0x0000000000016fe5      0x224 Drivers/STM32F4xx_HAL_Driver/Src/stm32f4xx_hal_dma.o
 .debug_macro   0x0000000000017209      0x224 Drivers/STM32F4xx_HAL_Driver/Src/stm32f4xx_hal_gpio.o
 .debug_macro   0x000000000001742d      0x265 Drivers/STM32F4xx_HAL_Driver/Src/stm32f4xx_hal_i2c.o
 .debug_macro   0x0000000000017692      0x242 Drivers/STM32F4xx_HAL_Driver/Src/stm32f4xx_hal_rcc.o
 .debug_macro   0x00000000000178d4      0x21e Drivers/STM32F4xx_HAL_Driver/Src/stm32f4xx_hal_rcc_ex.o
 .debug_macro   0x0000000000017af2      0x21f Drivers/STM32F4xx_HAL_Driver/Src/stm32f4xx_hal_rtc.o
 .debug_macro   0x0000000000017d11      0x21f Drivers/STM32F4xx_HAL_Driver/Src/stm32f4xx_hal_tim.o
 .debug_macro   0x0000000000017f30      0x21e Drivers/STM32F4xx_HAL_Driver/Src/stm32f4xx_hal_tim_ex.o

.debug_line     0x0000000000000000    0x13ef0
 .debug_line    0x0000000000000000      0x842 Core/Src/i2c-lcd.o
 .debug_line    0x0000000000000842     0x175f Core/Src/main.o
 .debug_line    0x0000000000001fa1      0x88b Core/Src/stm32f4xx_hal_msp.o
 .debug_line    0x000000000000282c      0x893 Core/Src/stm32f4xx_it.o
 .debug_line    0x00000000000030bf      0x7d9 Core/Src/system_stm32f4xx.o
 .debug_line    0x0000000000003898       0x88 Core/Startup/startup_stm32f401ccux.o
 .debug_line    0x0000000000003920      0xa3f Drivers/STM32F4xx_HAL_Driver/Src/stm32f4xx_hal.o
 .debug_line    0x000000000000435f     0x11fd Drivers/STM32F4xx_HAL_Driver/Src/stm32f4xx_hal_adc.o
 .debug_line    0x000000000000555c      0xeff Drivers/STM32F4xx_HAL_Driver/Src/stm32f4xx_hal_adc_ex.o
 .debug_line    0x000000000000645b      0xcee Drivers/STM32F4xx_HAL_Driver/Src/stm32f4xx_hal_cortex.o
 .debug_line    0x0000000000007149      0xfa4 Drivers/STM32F4xx_HAL_Driver/Src/stm32f4xx_hal_dma.o
 .debug_line    0x00000000000080ed      0xb79 Drivers/STM32F4xx_HAL_Driver/Src/stm32f4xx_hal_gpio.o
 .debug_line    0x0000000000008c66     0x39eb Drivers/STM32F4xx_HAL_Driver/Src/stm32f4xx_hal_i2c.o
 .debug_line    0x000000000000c651      0xdb9 Drivers/STM32F4xx_HAL_Driver/Src/stm32f4xx_hal_rcc.o
 .debug_line    0x000000000000d40a      0xa6d Drivers/STM32F4xx_HAL_Driver/Src/stm32f4xx_hal_rcc_ex.o
 .debug_line    0x000000000000de77     0x1195 Drivers/STM32F4xx_HAL_Driver/Src/stm32f4xx_hal_rtc.o
 .debug_line    0x000000000000f00c     0x350d Drivers/STM32F4xx_HAL_Driver/Src/stm32f4xx_hal_tim.o
 .debug_line    0x0000000000012519     0x19d7 Drivers/STM32F4xx_HAL_Driver/Src/stm32f4xx_hal_tim_ex.o

.debug_str      0x0000000000000000    0x9fca2
 .debug_str     0x0000000000000000    0x96caf Core/Src/i2c-lcd.o
                                      0x96f8c (size before relaxing)
 .debug_str     0x0000000000096caf     0x5732 Core/Src/main.o
                                      0x9c89a (size before relaxing)
 .debug_str     0x000000000009c3e1       0xcd Core/Src/stm32f4xx_hal_msp.o
                                      0x97b21 (size before relaxing)
 .debug_str     0x000000000009c4ae      0x10c Core/Src/stm32f4xx_it.o
                                      0x96f22 (size before relaxing)
 .debug_str     0x000000000009c5ba       0xaf Core/Src/system_stm32f4xx.o
                                      0x966bb (size before relaxing)
 .debug_str     0x000000000009c669       0x36 Core/Startup/startup_stm32f401ccux.o
                                         0x7d (size before relaxing)
 .debug_str     0x000000000009c69f      0x58d Drivers/STM32F4xx_HAL_Driver/Src/stm32f4xx_hal.o
                                      0x9703b (size before relaxing)
 .debug_str     0x000000000009cc2c      0x284 Drivers/STM32F4xx_HAL_Driver/Src/stm32f4xx_hal_adc.o
                                      0x96c55 (size before relaxing)
 .debug_str     0x000000000009ceb0      0x302 Drivers/STM32F4xx_HAL_Driver/Src/stm32f4xx_hal_adc_ex.o
                                      0x96c8f (size before relaxing)
 .debug_str     0x000000000009d1b2      0x392 Drivers/STM32F4xx_HAL_Driver/Src/stm32f4xx_hal_cortex.o
                                      0x96e18 (size before relaxing)
 .debug_str     0x000000000009d544      0x31d Drivers/STM32F4xx_HAL_Driver/Src/stm32f4xx_hal_dma.o
                                      0x96ad3 (size before relaxing)
 .debug_str     0x000000000009d861      0x139 Drivers/STM32F4xx_HAL_Driver/Src/stm32f4xx_hal_gpio.o
                                      0x96862 (size before relaxing)
 .debug_str     0x000000000009d99a      0xaae Drivers/STM32F4xx_HAL_Driver/Src/stm32f4xx_hal_i2c.o
                                      0x97630 (size before relaxing)
 .debug_str     0x000000000009e448      0x24e Drivers/STM32F4xx_HAL_Driver/Src/stm32f4xx_hal_rcc.o
                                      0x96abd (size before relaxing)
 .debug_str     0x000000000009e696      0x113 Drivers/STM32F4xx_HAL_Driver/Src/stm32f4xx_hal_rcc_ex.o
                                      0x96816 (size before relaxing)
 .debug_str     0x000000000009e7a9      0x233 Drivers/STM32F4xx_HAL_Driver/Src/stm32f4xx_hal_rtc.o
                                      0x96af2 (size before relaxing)
 .debug_str     0x000000000009e9dc      0xdd8 Drivers/STM32F4xx_HAL_Driver/Src/stm32f4xx_hal_tim.o
                                      0x979d8 (size before relaxing)
 .debug_str     0x000000000009f7b4      0x4ee Drivers/STM32F4xx_HAL_Driver/Src/stm32f4xx_hal_tim_ex.o
                                      0x97189 (size before relaxing)

.comment        0x0000000000000000       0x53
 .comment       0x0000000000000000       0x53 Core/Src/i2c-lcd.o
                                         0x54 (size before relaxing)
 .comment       0x0000000000000053       0x54 Core/Src/main.o
 .comment       0x0000000000000053       0x54 Core/Src/stm32f4xx_hal_msp.o
 .comment       0x0000000000000053       0x54 Core/Src/stm32f4xx_it.o
 .comment       0x0000000000000053       0x54 Core/Src/system_stm32f4xx.o
 .comment       0x0000000000000053       0x54 Drivers/STM32F4xx_HAL_Driver/Src/stm32f4xx_hal.o
 .comment       0x0000000000000053       0x54 Drivers/STM32F4xx_HAL_Driver/Src/stm32f4xx_hal_adc.o
 .comment       0x0000000000000053       0x54 Drivers/STM32F4xx_HAL_Driver/Src/stm32f4xx_hal_adc_ex.o
 .comment       0x0000000000000053       0x54 Drivers/STM32F4xx_HAL_Driver/Src/stm32f4xx_hal_cortex.o
 .comment       0x0000000000000053       0x54 Drivers/STM32F4xx_HAL_Driver/Src/stm32f4xx_hal_dma.o
 .comment       0x0000000000000053       0x54 Drivers/STM32F4xx_HAL_Driver/Src/stm32f4xx_hal_gpio.o
 .comment       0x0000000000000053       0x54 Drivers/STM32F4xx_HAL_Driver/Src/stm32f4xx_hal_i2c.o
 .comment       0x0000000000000053       0x54 Drivers/STM32F4xx_HAL_Driver/Src/stm32f4xx_hal_rcc.o
 .comment       0x0000000000000053       0x54 Drivers/STM32F4xx_HAL_Driver/Src/stm32f4xx_hal_rcc_ex.o
 .comment       0x0000000000000053       0x54 Drivers/STM32F4xx_HAL_Driver/Src/stm32f4xx_hal_rtc.o
 .comment       0x0000000000000053       0x54 Drivers/STM32F4xx_HAL_Driver/Src/stm32f4xx_hal_tim.o
 .comment       0x0000000000000053       0x54 Drivers/STM32F4xx_HAL_Driver/Src/stm32f4xx_hal_tim_ex.o

.debug_frame    0x0000000000000000     0x4730
 .debug_frame   0x0000000000000000       0xe0 Core/Src/i2c-lcd.o
 .debug_frame   0x00000000000000e0      0x564 Core/Src/main.o
 .debug_frame   0x0000000000000644      0x168 Core/Src/stm32f4xx_hal_msp.o
 .debug_frame   0x00000000000007ac      0x190 Core/Src/stm32f4xx_it.o
 .debug_frame   0x000000000000093c       0x58 Core/Src/system_stm32f4xx.o
 .debug_frame   0x0000000000000994      0x374 Drivers/STM32F4xx_HAL_Driver/Src/stm32f4xx_hal.o
 .debug_frame   0x0000000000000d08      0x3fc Drivers/STM32F4xx_HAL_Driver/Src/stm32f4xx_hal_adc.o
 .debug_frame   0x0000000000001104      0x250 Drivers/STM32F4xx_HAL_Driver/Src/stm32f4xx_hal_adc_ex.o
 .debug_frame   0x0000000000001354      0x498 Drivers/STM32F4xx_HAL_Driver/Src/stm32f4xx_hal_cortex.o
 .debug_frame   0x00000000000017ec      0x250 Drivers/STM32F4xx_HAL_Driver/Src/stm32f4xx_hal_dma.o
 .debug_frame   0x0000000000001a3c      0x14c Drivers/STM32F4xx_HAL_Driver/Src/stm32f4xx_hal_gpio.o
 .debug_frame   0x0000000000001b88      0xc5c Drivers/STM32F4xx_HAL_Driver/Src/stm32f4xx_hal_i2c.o
 .debug_frame   0x00000000000027e4      0x1ec Drivers/STM32F4xx_HAL_Driver/Src/stm32f4xx_hal_rcc.o
 .debug_frame   0x00000000000029d0       0xf0 Drivers/STM32F4xx_HAL_Driver/Src/stm32f4xx_hal_rcc_ex.o
 .debug_frame   0x0000000000002ac0      0x3d0 Drivers/STM32F4xx_HAL_Driver/Src/stm32f4xx_hal_rtc.o
 .debug_frame   0x0000000000002e90     0x11bc Drivers/STM32F4xx_HAL_Driver/Src/stm32f4xx_hal_tim.o
 .debug_frame   0x000000000000404c      0x638 Drivers/STM32F4xx_HAL_Driver/Src/stm32f4xx_hal_tim_ex.o
 .debug_frame   0x0000000000004684       0x2c c:/st/stm32cubeide_1.6.1/stm32cubeide/plugins/com.st.stm32cube.ide.mcu.externaltools.gnu-tools-for-stm32.9-2020-q2-update.win32_1.5.0.202011040924/tools/bin/../lib/gcc/arm-none-eabi/9.3.1/../../../../arm-none-eabi/lib/thumb/v7e-m+fp/hard\libc_nano.a(lib_a-init.o)
 .debug_frame   0x00000000000046b0       0x20 c:/st/stm32cubeide_1.6.1/stm32cubeide/plugins/com.st.stm32cube.ide.mcu.externaltools.gnu-tools-for-stm32.9-2020-q2-update.win32_1.5.0.202011040924/tools/bin/../lib/gcc/arm-none-eabi/9.3.1/../../../../arm-none-eabi/lib/thumb/v7e-m+fp/hard\libc_nano.a(lib_a-memset.o)
 .debug_frame   0x00000000000046d0       0x2c c:/st/stm32cubeide_1.6.1/stm32cubeide/plugins/com.st.stm32cube.ide.mcu.externaltools.gnu-tools-for-stm32.9-2020-q2-update.win32_1.5.0.202011040924/tools/bin/../lib/gcc/arm-none-eabi/9.3.1/thumb/v7e-m+fp/hard\libgcc.a(_aeabi_uldivmod.o)
 .debug_frame   0x00000000000046fc       0x34 c:/st/stm32cubeide_1.6.1/stm32cubeide/plugins/com.st.stm32cube.ide.mcu.externaltools.gnu-tools-for-stm32.9-2020-q2-update.win32_1.5.0.202011040924/tools/bin/../lib/gcc/arm-none-eabi/9.3.1/thumb/v7e-m+fp/hard\libgcc.a(_udivmoddi4.o)
