03:09:26 **** Build of configuration Debug for project ed_v1.0 ****
make -j16 all 
arm-none-eabi-gcc "../Drivers/STM32F4xx_HAL_Driver/Src/stm32f4xx_hal.c" -mcpu=cortex-m4 -std=gnu11 -g3 -DDEBUG -DUSE_HAL_DRIVER -DSTM32F401xC -c -I../Core/Inc -I../Drivers/STM32F4xx_HAL_Driver/Inc -I../Drivers/STM32F4xx_HAL_Driver/Inc/Legacy -I../Drivers/CMSIS/Device/ST/STM32F4xx/Include -I../Drivers/CMSIS/Include -O0 -ffunction-sections -fdata-sections -Wall -fstack-usage -MMD -MP -MF"Drivers/STM32F4xx_HAL_Driver/Src/stm32f4xx_hal.d" -MT"Drivers/STM32F4xx_HAL_Driver/Src/stm32f4xx_hal.o" --specs=nano.specs -mfpu=fpv4-sp-d16 -mfloat-abi=hard -mthumb -o "Drivers/STM32F4xx_HAL_Driver/Src/stm32f4xx_hal.o"
arm-none-eabi-gcc "../Drivers/STM32F4xx_HAL_Driver/Src/stm32f4xx_hal_adc.c" -mcpu=cortex-m4 -std=gnu11 -g3 -DDEBUG -DUSE_HAL_DRIVER -DSTM32F401xC -c -I../Core/Inc -I../Drivers/STM32F4xx_HAL_Driver/Inc -I../Drivers/STM32F4xx_HAL_Driver/Inc/Legacy -I../Drivers/CMSIS/Device/ST/STM32F4xx/Include -I../Drivers/CMSIS/Include -O0 -ffunction-sections -fdata-sections -Wall -fstack-usage -MMD -MP -MF"Drivers/STM32F4xx_HAL_Driver/Src/stm32f4xx_hal_adc.d" -MT"Drivers/STM32F4xx_HAL_Driver/Src/stm32f4xx_hal_adc.o" --specs=nano.specs -mfpu=fpv4-sp-d16 -mfloat-abi=hard -mthumb -o "Drivers/STM32F4xx_HAL_Driver/Src/stm32f4xx_hal_adc.o"
arm-none-eabi-gcc "../Drivers/STM32F4xx_HAL_Driver/Src/stm32f4xx_hal_adc_ex.c" -mcpu=cortex-m4 -std=gnu11 -g3 -DDEBUG -DUSE_HAL_DRIVER -DSTM32F401xC -c -I../Core/Inc -I../Drivers/STM32F4xx_HAL_Driver/Inc -I../Drivers/STM32F4xx_HAL_Driver/Inc/Legacy -I../Drivers/CMSIS/Device/ST/STM32F4xx/Include -I../Drivers/CMSIS/Include -O0 -ffunction-sections -fdata-sections -Wall -fstack-usage -MMD -MP -MF"Drivers/STM32F4xx_HAL_Driver/Src/stm32f4xx_hal_adc_ex.d" -MT"Drivers/STM32F4xx_HAL_Driver/Src/stm32f4xx_hal_adc_ex.o" --specs=nano.specs -mfpu=fpv4-sp-d16 -mfloat-abi=hard -mthumb -o "Drivers/STM32F4xx_HAL_Driver/Src/stm32f4xx_hal_adc_ex.o"
arm-none-eabi-gcc "../Drivers/STM32F4xx_HAL_Driver/Src/stm32f4xx_hal_cortex.c" -mcpu=cortex-m4 -std=gnu11 -g3 -DDEBUG -DUSE_HAL_DRIVER -DSTM32F401xC -c -I../Core/Inc -I../Drivers/STM32F4xx_HAL_Driver/Inc -I../Drivers/STM32F4xx_HAL_Driver/Inc/Legacy -I../Drivers/CMSIS/Device/ST/STM32F4xx/Include -I../Drivers/CMSIS/Include -O0 -ffunction-sections -fdata-sections -Wall -fstack-usage -MMD -MP -MF"Drivers/STM32F4xx_HAL_Driver/Src/stm32f4xx_hal_cortex.d" -MT"Drivers/STM32F4xx_HAL_Driver/Src/stm32f4xx_hal_cortex.o" --specs=nano.specs -mfpu=fpv4-sp-d16 -mfloat-abi=hard -mthumb -o "Drivers/STM32F4xx_HAL_Driver/Src/stm32f4xx_hal_cortex.o"
arm-none-eabi-gcc "../Drivers/STM32F4xx_HAL_Driver/Src/stm32f4xx_hal_dma.c" -mcpu=cortex-m4 -std=gnu11 -g3 -DDEBUG -DUSE_HAL_DRIVER -DSTM32F401xC -c -I../Core/Inc -I../Drivers/STM32F4xx_HAL_Driver/Inc -I../Drivers/STM32F4xx_HAL_Driver/Inc/Legacy -I../Drivers/CMSIS/Device/ST/STM32F4xx/Include -I../Drivers/CMSIS/Include -O0 -ffunction-sections -fdata-sections -Wall -fstack-usage -MMD -MP -MF"Drivers/STM32F4xx_HAL_Driver/Src/stm32f4xx_hal_dma.d" -MT"Drivers/STM32F4xx_HAL_Driver/Src/stm32f4xx_hal_dma.o" --specs=nano.specs -mfpu=fpv4-sp-d16 -mfloat-abi=hard -mthumb -o "Drivers/STM32F4xx_HAL_Driver/Src/stm32f4xx_hal_dma.o"
arm-none-eabi-gcc "../Drivers/STM32F4xx_HAL_Driver/Src/stm32f4xx_hal_dma_ex.c" -mcpu=cortex-m4 -std=gnu11 -g3 -DDEBUG -DUSE_HAL_DRIVER -DSTM32F401xC -c -I../Core/Inc -I../Drivers/STM32F4xx_HAL_Driver/Inc -I../Drivers/STM32F4xx_HAL_Driver/Inc/Legacy -I../Drivers/CMSIS/Device/ST/STM32F4xx/Include -I../Drivers/CMSIS/Include -O0 -ffunction-sections -fdata-sections -Wall -fstack-usage -MMD -MP -MF"Drivers/STM32F4xx_HAL_Driver/Src/stm32f4xx_hal_dma_ex.d" -MT"Drivers/STM32F4xx_HAL_Driver/Src/stm32f4xx_hal_dma_ex.o" --specs=nano.specs -mfpu=fpv4-sp-d16 -mfloat-abi=hard -mthumb -o "Drivers/STM32F4xx_HAL_Driver/Src/stm32f4xx_hal_dma_ex.o"
arm-none-eabi-gcc "../Drivers/STM32F4xx_HAL_Driver/Src/stm32f4xx_hal_exti.c" -mcpu=cortex-m4 -std=gnu11 -g3 -DDEBUG -DUSE_HAL_DRIVER -DSTM32F401xC -c -I../Core/Inc -I../Drivers/STM32F4xx_HAL_Driver/Inc -I../Drivers/STM32F4xx_HAL_Driver/Inc/Legacy -I../Drivers/CMSIS/Device/ST/STM32F4xx/Include -I../Drivers/CMSIS/Include -O0 -ffunction-sections -fdata-sections -Wall -fstack-usage -MMD -MP -MF"Drivers/STM32F4xx_HAL_Driver/Src/stm32f4xx_hal_exti.d" -MT"Drivers/STM32F4xx_HAL_Driver/Src/stm32f4xx_hal_exti.o" --specs=nano.specs -mfpu=fpv4-sp-d16 -mfloat-abi=hard -mthumb -o "Drivers/STM32F4xx_HAL_Driver/Src/stm32f4xx_hal_exti.o"
arm-none-eabi-gcc "../Drivers/STM32F4xx_HAL_Driver/Src/stm32f4xx_hal_flash.c" -mcpu=cortex-m4 -std=gnu11 -g3 -DDEBUG -DUSE_HAL_DRIVER -DSTM32F401xC -c -I../Core/Inc -I../Drivers/STM32F4xx_HAL_Driver/Inc -I../Drivers/STM32F4xx_HAL_Driver/Inc/Legacy -I../Drivers/CMSIS/Device/ST/STM32F4xx/Include -I../Drivers/CMSIS/Include -O0 -ffunction-sections -fdata-sections -Wall -fstack-usage -MMD -MP -MF"Drivers/STM32F4xx_HAL_Driver/Src/stm32f4xx_hal_flash.d" -MT"Drivers/STM32F4xx_HAL_Driver/Src/stm32f4xx_hal_flash.o" --specs=nano.specs -mfpu=fpv4-sp-d16 -mfloat-abi=hard -mthumb -o "Drivers/STM32F4xx_HAL_Driver/Src/stm32f4xx_hal_flash.o"
arm-none-eabi-gcc "../Drivers/STM32F4xx_HAL_Driver/Src/stm32f4xx_hal_flash_ex.c" -mcpu=cortex-m4 -std=gnu11 -g3 -DDEBUG -DUSE_HAL_DRIVER -DSTM32F401xC -c -I../Core/Inc -I../Drivers/STM32F4xx_HAL_Driver/Inc -I../Drivers/STM32F4xx_HAL_Driver/Inc/Legacy -I../Drivers/CMSIS/Device/ST/STM32F4xx/Include -I../Drivers/CMSIS/Include -O0 -ffunction-sections -fdata-sections -Wall -fstack-usage -MMD -MP -MF"Drivers/STM32F4xx_HAL_Driver/Src/stm32f4xx_hal_flash_ex.d" -MT"Drivers/STM32F4xx_HAL_Driver/Src/stm32f4xx_hal_flash_ex.o" --specs=nano.specs -mfpu=fpv4-sp-d16 -mfloat-abi=hard -mthumb -o "Drivers/STM32F4xx_HAL_Driver/Src/stm32f4xx_hal_flash_ex.o"
arm-none-eabi-gcc "../Drivers/STM32F4xx_HAL_Driver/Src/stm32f4xx_hal_flash_ramfunc.c" -mcpu=cortex-m4 -std=gnu11 -g3 -DDEBUG -DUSE_HAL_DRIVER -DSTM32F401xC -c -I../Core/Inc -I../Drivers/STM32F4xx_HAL_Driver/Inc -I../Drivers/STM32F4xx_HAL_Driver/Inc/Legacy -I../Drivers/CMSIS/Device/ST/STM32F4xx/Include -I../Drivers/CMSIS/Include -O0 -ffunction-sections -fdata-sections -Wall -fstack-usage -MMD -MP -MF"Drivers/STM32F4xx_HAL_Driver/Src/stm32f4xx_hal_flash_ramfunc.d" -MT"Drivers/STM32F4xx_HAL_Driver/Src/stm32f4xx_hal_flash_ramfunc.o" --specs=nano.specs -mfpu=fpv4-sp-d16 -mfloat-abi=hard -mthumb -o "Drivers/STM32F4xx_HAL_Driver/Src/stm32f4xx_hal_flash_ramfunc.o"
arm-none-eabi-gcc "../Drivers/STM32F4xx_HAL_Driver/Src/stm32f4xx_hal_gpio.c" -mcpu=cortex-m4 -std=gnu11 -g3 -DDEBUG -DUSE_HAL_DRIVER -DSTM32F401xC -c -I../Core/Inc -I../Drivers/STM32F4xx_HAL_Driver/Inc -I../Drivers/STM32F4xx_HAL_Driver/Inc/Legacy -I../Drivers/CMSIS/Device/ST/STM32F4xx/Include -I../Drivers/CMSIS/Include -O0 -ffunction-sections -fdata-sections -Wall -fstack-usage -MMD -MP -MF"Drivers/STM32F4xx_HAL_Driver/Src/stm32f4xx_hal_gpio.d" -MT"Drivers/STM32F4xx_HAL_Driver/Src/stm32f4xx_hal_gpio.o" --specs=nano.specs -mfpu=fpv4-sp-d16 -mfloat-abi=hard -mthumb -o "Drivers/STM32F4xx_HAL_Driver/Src/stm32f4xx_hal_gpio.o"
arm-none-eabi-gcc "../Drivers/STM32F4xx_HAL_Driver/Src/stm32f4xx_hal_i2c.c" -mcpu=cortex-m4 -std=gnu11 -g3 -DDEBUG -DUSE_HAL_DRIVER -DSTM32F401xC -c -I../Core/Inc -I../Drivers/STM32F4xx_HAL_Driver/Inc -I../Drivers/STM32F4xx_HAL_Driver/Inc/Legacy -I../Drivers/CMSIS/Device/ST/STM32F4xx/Include -I../Drivers/CMSIS/Include -O0 -ffunction-sections -fdata-sections -Wall -fstack-usage -MMD -MP -MF"Drivers/STM32F4xx_HAL_Driver/Src/stm32f4xx_hal_i2c.d" -MT"Drivers/STM32F4xx_HAL_Driver/Src/stm32f4xx_hal_i2c.o" --specs=nano.specs -mfpu=fpv4-sp-d16 -mfloat-abi=hard -mthumb -o "Drivers/STM32F4xx_HAL_Driver/Src/stm32f4xx_hal_i2c.o"
arm-none-eabi-gcc "../Drivers/STM32F4xx_HAL_Driver/Src/stm32f4xx_hal_i2c_ex.c" -mcpu=cortex-m4 -std=gnu11 -g3 -DDEBUG -DUSE_HAL_DRIVER -DSTM32F401xC -c -I../Core/Inc -I../Drivers/STM32F4xx_HAL_Driver/Inc -I../Drivers/STM32F4xx_HAL_Driver/Inc/Legacy -I../Drivers/CMSIS/Device/ST/STM32F4xx/Include -I../Drivers/CMSIS/Include -O0 -ffunction-sections -fdata-sections -Wall -fstack-usage -MMD -MP -MF"Drivers/STM32F4xx_HAL_Driver/Src/stm32f4xx_hal_i2c_ex.d" -MT"Drivers/STM32F4xx_HAL_Driver/Src/stm32f4xx_hal_i2c_ex.o" --specs=nano.specs -mfpu=fpv4-sp-d16 -mfloat-abi=hard -mthumb -o "Drivers/STM32F4xx_HAL_Driver/Src/stm32f4xx_hal_i2c_ex.o"
arm-none-eabi-gcc "../Drivers/STM32F4xx_HAL_Driver/Src/stm32f4xx_hal_pwr.c" -mcpu=cortex-m4 -std=gnu11 -g3 -DDEBUG -DUSE_HAL_DRIVER -DSTM32F401xC -c -I../Core/Inc -I../Drivers/STM32F4xx_HAL_Driver/Inc -I../Drivers/STM32F4xx_HAL_Driver/Inc/Legacy -I../Drivers/CMSIS/Device/ST/STM32F4xx/Include -I../Drivers/CMSIS/Include -O0 -ffunction-sections -fdata-sections -Wall -fstack-usage -MMD -MP -MF"Drivers/STM32F4xx_HAL_Driver/Src/stm32f4xx_hal_pwr.d" -MT"Drivers/STM32F4xx_HAL_Driver/Src/stm32f4xx_hal_pwr.o" --specs=nano.specs -mfpu=fpv4-sp-d16 -mfloat-abi=hard -mthumb -o "Drivers/STM32F4xx_HAL_Driver/Src/stm32f4xx_hal_pwr.o"
arm-none-eabi-gcc "../Drivers/STM32F4xx_HAL_Driver/Src/stm32f4xx_hal_pwr_ex.c" -mcpu=cortex-m4 -std=gnu11 -g3 -DDEBUG -DUSE_HAL_DRIVER -DSTM32F401xC -c -I../Core/Inc -I../Drivers/STM32F4xx_HAL_Driver/Inc -I../Drivers/STM32F4xx_HAL_Driver/Inc/Legacy -I../Drivers/CMSIS/Device/ST/STM32F4xx/Include -I../Drivers/CMSIS/Include -O0 -ffunction-sections -fdata-sections -Wall -fstack-usage -MMD -MP -MF"Drivers/STM32F4xx_HAL_Driver/Src/stm32f4xx_hal_pwr_ex.d" -MT"Drivers/STM32F4xx_HAL_Driver/Src/stm32f4xx_hal_pwr_ex.o" --specs=nano.specs -mfpu=fpv4-sp-d16 -mfloat-abi=hard -mthumb -o "Drivers/STM32F4xx_HAL_Driver/Src/stm32f4xx_hal_pwr_ex.o"
arm-none-eabi-gcc "../Drivers/STM32F4xx_HAL_Driver/Src/stm32f4xx_hal_rcc.c" -mcpu=cortex-m4 -std=gnu11 -g3 -DDEBUG -DUSE_HAL_DRIVER -DSTM32F401xC -c -I../Core/Inc -I../Drivers/STM32F4xx_HAL_Driver/Inc -I../Drivers/STM32F4xx_HAL_Driver/Inc/Legacy -I../Drivers/CMSIS/Device/ST/STM32F4xx/Include -I../Drivers/CMSIS/Include -O0 -ffunction-sections -fdata-sections -Wall -fstack-usage -MMD -MP -MF"Drivers/STM32F4xx_HAL_Driver/Src/stm32f4xx_hal_rcc.d" -MT"Drivers/STM32F4xx_HAL_Driver/Src/stm32f4xx_hal_rcc.o" --specs=nano.specs -mfpu=fpv4-sp-d16 -mfloat-abi=hard -mthumb -o "Drivers/STM32F4xx_HAL_Driver/Src/stm32f4xx_hal_rcc.o"
arm-none-eabi-gcc "../Drivers/STM32F4xx_HAL_Driver/Src/stm32f4xx_hal_rcc_ex.c" -mcpu=cortex-m4 -std=gnu11 -g3 -DDEBUG -DUSE_HAL_DRIVER -DSTM32F401xC -c -I../Core/Inc -I../Drivers/STM32F4xx_HAL_Driver/Inc -I../Drivers/STM32F4xx_HAL_Driver/Inc/Legacy -I../Drivers/CMSIS/Device/ST/STM32F4xx/Include -I../Drivers/CMSIS/Include -O0 -ffunction-sections -fdata-sections -Wall -fstack-usage -MMD -MP -MF"Drivers/STM32F4xx_HAL_Driver/Src/stm32f4xx_hal_rcc_ex.d" -MT"Drivers/STM32F4xx_HAL_Driver/Src/stm32f4xx_hal_rcc_ex.o" --specs=nano.specs -mfpu=fpv4-sp-d16 -mfloat-abi=hard -mthumb -o "Drivers/STM32F4xx_HAL_Driver/Src/stm32f4xx_hal_rcc_ex.o"
arm-none-eabi-gcc "../Drivers/STM32F4xx_HAL_Driver/Src/stm32f4xx_hal_rtc.c" -mcpu=cortex-m4 -std=gnu11 -g3 -DDEBUG -DUSE_HAL_DRIVER -DSTM32F401xC -c -I../Core/Inc -I../Drivers/STM32F4xx_HAL_Driver/Inc -I../Drivers/STM32F4xx_HAL_Driver/Inc/Legacy -I../Drivers/CMSIS/Device/ST/STM32F4xx/Include -I../Drivers/CMSIS/Include -O0 -ffunction-sections -fdata-sections -Wall -fstack-usage -MMD -MP -MF"Drivers/STM32F4xx_HAL_Driver/Src/stm32f4xx_hal_rtc.d" -MT"Drivers/STM32F4xx_HAL_Driver/Src/stm32f4xx_hal_rtc.o" --specs=nano.specs -mfpu=fpv4-sp-d16 -mfloat-abi=hard -mthumb -o "Drivers/STM32F4xx_HAL_Driver/Src/stm32f4xx_hal_rtc.o"
arm-none-eabi-gcc "../Drivers/STM32F4xx_HAL_Driver/Src/stm32f4xx_hal_rtc_ex.c" -mcpu=cortex-m4 -std=gnu11 -g3 -DDEBUG -DUSE_HAL_DRIVER -DSTM32F401xC -c -I../Core/Inc -I../Drivers/STM32F4xx_HAL_Driver/Inc -I../Drivers/STM32F4xx_HAL_Driver/Inc/Legacy -I../Drivers/CMSIS/Device/ST/STM32F4xx/Include -I../Drivers/CMSIS/Include -O0 -ffunction-sections -fdata-sections -Wall -fstack-usage -MMD -MP -MF"Drivers/STM32F4xx_HAL_Driver/Src/stm32f4xx_hal_rtc_ex.d" -MT"Drivers/STM32F4xx_HAL_Driver/Src/stm32f4xx_hal_rtc_ex.o" --specs=nano.specs -mfpu=fpv4-sp-d16 -mfloat-abi=hard -mthumb -o "Drivers/STM32F4xx_HAL_Driver/Src/stm32f4xx_hal_rtc_ex.o"
arm-none-eabi-gcc "../Drivers/STM32F4xx_HAL_Driver/Src/stm32f4xx_hal_tim.c" -mcpu=cortex-m4 -std=gnu11 -g3 -DDEBUG -DUSE_HAL_DRIVER -DSTM32F401xC -c -I../Core/Inc -I../Drivers/STM32F4xx_HAL_Driver/Inc -I../Drivers/STM32F4xx_HAL_Driver/Inc/Legacy -I../Drivers/CMSIS/Device/ST/STM32F4xx/Include -I../Drivers/CMSIS/Include -O0 -ffunction-sections -fdata-sections -Wall -fstack-usage -MMD -MP -MF"Drivers/STM32F4xx_HAL_Driver/Src/stm32f4xx_hal_tim.d" -MT"Drivers/STM32F4xx_HAL_Driver/Src/stm32f4xx_hal_tim.o" --specs=nano.specs -mfpu=fpv4-sp-d16 -mfloat-abi=hard -mthumb -o "Drivers/STM32F4xx_HAL_Driver/Src/stm32f4xx_hal_tim.o"
arm-none-eabi-gcc "../Drivers/STM32F4xx_HAL_Driver/Src/stm32f4xx_hal_tim_ex.c" -mcpu=cortex-m4 -std=gnu11 -g3 -DDEBUG -DUSE_HAL_DRIVER -DSTM32F401xC -c -I../Core/Inc -I../Drivers/STM32F4xx_HAL_Driver/Inc -I../Drivers/STM32F4xx_HAL_Driver/Inc/Legacy -I../Drivers/CMSIS/Device/ST/STM32F4xx/Include -I../Drivers/CMSIS/Include -O0 -ffunction-sections -fdata-sections -Wall -fstack-usage -MMD -MP -MF"Drivers/STM32F4xx_HAL_Driver/Src/stm32f4xx_hal_tim_ex.d" -MT"Drivers/STM32F4xx_HAL_Driver/Src/stm32f4xx_hal_tim_ex.o" --specs=nano.specs -mfpu=fpv4-sp-d16 -mfloat-abi=hard -mthumb -o "Drivers/STM32F4xx_HAL_Driver/Src/stm32f4xx_hal_tim_ex.o"
arm-none-eabi-gcc "../Drivers/STM32F4xx_HAL_Driver/Src/stm32f4xx_ll_adc.c" -mcpu=cortex-m4 -std=gnu11 -g3 -DDEBUG -DUSE_HAL_DRIVER -DSTM32F401xC -c -I../Core/Inc -I../Drivers/STM32F4xx_HAL_Driver/Inc -I../Drivers/STM32F4xx_HAL_Driver/Inc/Legacy -I../Drivers/CMSIS/Device/ST/STM32F4xx/Include -I../Drivers/CMSIS/Include -O0 -ffunction-sections -fdata-sections -Wall -fstack-usage -MMD -MP -MF"Drivers/STM32F4xx_HAL_Driver/Src/stm32f4xx_ll_adc.d" -MT"Drivers/STM32F4xx_HAL_Driver/Src/stm32f4xx_ll_adc.o" --specs=nano.specs -mfpu=fpv4-sp-d16 -mfloat-abi=hard -mthumb -o "Drivers/STM32F4xx_HAL_Driver/Src/stm32f4xx_ll_adc.o"
arm-none-eabi-gcc -mcpu=cortex-m4 -g3 -c -x assembler-with-cpp -MMD -MP -MF"Core/Startup/startup_stm32f401ccux.d" -MT"Core/Startup/startup_stm32f401ccux.o" --specs=nano.specs -mfpu=fpv4-sp-d16 -mfloat-abi=hard -mthumb -o "Core/Startup/startup_stm32f401ccux.o" "../Core/Startup/startup_stm32f401ccux.s"
arm-none-eabi-gcc "../Core/Src/adc_conversion_handler.c" -mcpu=cortex-m4 -std=gnu11 -g3 -DDEBUG -DUSE_HAL_DRIVER -DSTM32F401xC -c -I../Core/Inc -I../Drivers/STM32F4xx_HAL_Driver/Inc -I../Drivers/STM32F4xx_HAL_Driver/Inc/Legacy -I../Drivers/CMSIS/Device/ST/STM32F4xx/Include -I../Drivers/CMSIS/Include -O0 -ffunction-sections -fdata-sections -Wall -fstack-usage -MMD -MP -MF"Core/Src/adc_conversion_handler.d" -MT"Core/Src/adc_conversion_handler.o" --specs=nano.specs -mfpu=fpv4-sp-d16 -mfloat-abi=hard -mthumb -o "Core/Src/adc_conversion_handler.o"
arm-none-eabi-gcc "../Core/Src/i2c-lcd.c" -mcpu=cortex-m4 -std=gnu11 -g3 -DDEBUG -DUSE_HAL_DRIVER -DSTM32F401xC -c -I../Core/Inc -I../Drivers/STM32F4xx_HAL_Driver/Inc -I../Drivers/STM32F4xx_HAL_Driver/Inc/Legacy -I../Drivers/CMSIS/Device/ST/STM32F4xx/Include -I../Drivers/CMSIS/Include -O0 -ffunction-sections -fdata-sections -Wall -fstack-usage -MMD -MP -MF"Core/Src/i2c-lcd.d" -MT"Core/Src/i2c-lcd.o" --specs=nano.specs -mfpu=fpv4-sp-d16 -mfloat-abi=hard -mthumb -o "Core/Src/i2c-lcd.o"
arm-none-eabi-gcc "../Core/Src/main.c" -mcpu=cortex-m4 -std=gnu11 -g3 -DDEBUG -DUSE_HAL_DRIVER -DSTM32F401xC -c -I../Core/Inc -I../Drivers/STM32F4xx_HAL_Driver/Inc -I../Drivers/STM32F4xx_HAL_Driver/Inc/Legacy -I../Drivers/CMSIS/Device/ST/STM32F4xx/Include -I../Drivers/CMSIS/Include -O0 -ffunction-sections -fdata-sections -Wall -fstack-usage -MMD -MP -MF"Core/Src/main.d" -MT"Core/Src/main.o" --specs=nano.specs -mfpu=fpv4-sp-d16 -mfloat-abi=hard -mthumb -o "Core/Src/main.o"
arm-none-eabi-gcc "../Core/Src/stm32f4xx_hal_msp.c" -mcpu=cortex-m4 -std=gnu11 -g3 -DDEBUG -DUSE_HAL_DRIVER -DSTM32F401xC -c -I../Core/Inc -I../Drivers/STM32F4xx_HAL_Driver/Inc -I../Drivers/STM32F4xx_HAL_Driver/Inc/Legacy -I../Drivers/CMSIS/Device/ST/STM32F4xx/Include -I../Drivers/CMSIS/Include -O0 -ffunction-sections -fdata-sections -Wall -fstack-usage -MMD -MP -MF"Core/Src/stm32f4xx_hal_msp.d" -MT"Core/Src/stm32f4xx_hal_msp.o" --specs=nano.specs -mfpu=fpv4-sp-d16 -mfloat-abi=hard -mthumb -o "Core/Src/stm32f4xx_hal_msp.o"
arm-none-eabi-gcc "../Core/Src/stm32f4xx_it.c" -mcpu=cortex-m4 -std=gnu11 -g3 -DDEBUG -DUSE_HAL_DRIVER -DSTM32F401xC -c -I../Core/Inc -I../Drivers/STM32F4xx_HAL_Driver/Inc -I../Drivers/STM32F4xx_HAL_Driver/Inc/Legacy -I../Drivers/CMSIS/Device/ST/STM32F4xx/Include -I../Drivers/CMSIS/Include -O0 -ffunction-sections -fdata-sections -Wall -fstack-usage -MMD -MP -MF"Core/Src/stm32f4xx_it.d" -MT"Core/Src/stm32f4xx_it.o" --specs=nano.specs -mfpu=fpv4-sp-d16 -mfloat-abi=hard -mthumb -o "Core/Src/stm32f4xx_it.o"
arm-none-eabi-gcc "../Core/Src/syscalls.c" -mcpu=cortex-m4 -std=gnu11 -g3 -DDEBUG -DUSE_HAL_DRIVER -DSTM32F401xC -c -I../Core/Inc -I../Drivers/STM32F4xx_HAL_Driver/Inc -I../Drivers/STM32F4xx_HAL_Driver/Inc/Legacy -I../Drivers/CMSIS/Device/ST/STM32F4xx/Include -I../Drivers/CMSIS/Include -O0 -ffunction-sections -fdata-sections -Wall -fstack-usage -MMD -MP -MF"Core/Src/syscalls.d" -MT"Core/Src/syscalls.o" --specs=nano.specs -mfpu=fpv4-sp-d16 -mfloat-abi=hard -mthumb -o "Core/Src/syscalls.o"
arm-none-eabi-gcc "../Core/Src/sysmem.c" -mcpu=cortex-m4 -std=gnu11 -g3 -DDEBUG -DUSE_HAL_DRIVER -DSTM32F401xC -c -I../Core/Inc -I../Drivers/STM32F4xx_HAL_Driver/Inc -I../Drivers/STM32F4xx_HAL_Driver/Inc/Legacy -I../Drivers/CMSIS/Device/ST/STM32F4xx/Include -I../Drivers/CMSIS/Include -O0 -ffunction-sections -fdata-sections -Wall -fstack-usage -MMD -MP -MF"Core/Src/sysmem.d" -MT"Core/Src/sysmem.o" --specs=nano.specs -mfpu=fpv4-sp-d16 -mfloat-abi=hard -mthumb -o "Core/Src/sysmem.o"
arm-none-eabi-gcc "../Core/Src/system_stm32f4xx.c" -mcpu=cortex-m4 -std=gnu11 -g3 -DDEBUG -DUSE_HAL_DRIVER -DSTM32F401xC -c -I../Core/Inc -I../Drivers/STM32F4xx_HAL_Driver/Inc -I../Drivers/STM32F4xx_HAL_Driver/Inc/Legacy -I../Drivers/CMSIS/Device/ST/STM32F4xx/Include -I../Drivers/CMSIS/Include -O0 -ffunction-sections -fdata-sections -Wall -fstack-usage -MMD -MP -MF"Core/Src/system_stm32f4xx.d" -MT"Core/Src/system_stm32f4xx.o" --specs=nano.specs -mfpu=fpv4-sp-d16 -mfloat-abi=hard -mthumb -o "Core/Src/system_stm32f4xx.o"
../Core/Src/adc_conversion_handler.c:1:10: fatal error: adc_conversion_handler.h: No such file or directory
    1 | #include "adc_conversion_handler.h"
      |          ^~~~~~~~~~~~~~~~~~~~~~~~~~
compilation terminated.
../Core/Src/main.c:25:10: fatal error: adc_conversion_handler.h: No such file or directory
   25 | #include "adc_conversion_handler.h"
      |          ^~~~~~~~~~~~~~~~~~~~~~~~~~
compilation terminated.
make: *** [Core/Src/subdir.mk:40: Core/Src/adc_conversion_handler.o] Error 1
make: *** Waiting for unfinished jobs....
make: *** [Core/Src/subdir.mk:44: Core/Src/main.o] Error 1
"make -j16 all" terminated with exit code 2. Build might be incomplete.
03:09:44 **** Incremental Build of configuration Debug for project ed_v1.0 ****
make -j16 all 
arm-none-eabi-gcc "../Core/Src/adc_conversion_handler.c" -mcpu=cortex-m4 -std=gnu11 -g3 -DDEBUG -DUSE_HAL_DRIVER -DSTM32F401xC -c -I../Core/Inc -I../Drivers/STM32F4xx_HAL_Driver/Inc -I../Drivers/STM32F4xx_HAL_Driver/Inc/Legacy -I../Drivers/CMSIS/Device/ST/STM32F4xx/Include -I../Drivers/CMSIS/Include -O0 -ffunction-sections -fdata-sections -Wall -fstack-usage -MMD -MP -MF"Core/Src/adc_conversion_handler.d" -MT"Core/Src/adc_conversion_handler.o" --specs=nano.specs -mfpu=fpv4-sp-d16 -mfloat-abi=hard -mthumb -o "Core/Src/adc_conversion_handler.o"
arm-none-eabi-gcc "../Core/Src/main.c" -mcpu=cortex-m4 -std=gnu11 -g3 -DDEBUG -DUSE_HAL_DRIVER -DSTM32F401xC -c -I../Core/Inc -I../Drivers/STM32F4xx_HAL_Driver/Inc -I../Drivers/STM32F4xx_HAL_Driver/Inc/Legacy -I../Drivers/CMSIS/Device/ST/STM32F4xx/Include -I../Drivers/CMSIS/Include -O0 -ffunction-sections -fdata-sections -Wall -fstack-usage -MMD -MP -MF"Core/Src/main.d" -MT"Core/Src/main.o" --specs=nano.specs -mfpu=fpv4-sp-d16 -mfloat-abi=hard -mthumb -o "Core/Src/main.o"
arm-none-eabi-gcc -o "ed_v1.0.elf" @"objects.list"   -mcpu=cortex-m4 -T"C:\Users\baris\Desktop\EEE 497\STM\Ecodrops_V0.1\ed_v1.0\ed_v1.0\STM32F401CCUX_FLASH.ld" --specs=nosys.specs -Wl,-Map="ed_v1.0.map" -Wl,--gc-sections -static --specs=nano.specs -mfpu=fpv4-sp-d16 -mfloat-abi=hard -mthumb -Wl,--start-group -lc -lm -Wl,--end-group
Finished building target: ed_v1.0.elf
 
arm-none-eabi-size   ed_v1.0.elf 
arm-none-eabi-objdump -h -S  ed_v1.0.elf  > "ed_v1.0.list"
arm-none-eabi-objcopy  -O binary  ed_v1.0.elf  "ed_v1.0.bin"
   text	   data	    bss	    dec	    hex	filename
  22680	     20	   2076	  24776	   60c8	ed_v1.0.elf
Finished building: default.size.stdout
 
Finished building: ed_v1.0.bin
 
Finished building: ed_v1.0.list
 
03:10:05 **** Incremental Build of configuration Debug for project ed_v1.0 ****
make -j16 all 
arm-none-eabi-size   ed_v1.0.elf 
   text	   data	    bss	    dec	    hex	filename
  22680	     20	   2076	  24776	   60c8	ed_v1.0.elf
Finished building: default.size.stdout
 
03:10:27 **** Incremental Build of configuration Debug for project ed_v1.0 ****
make -j16 all 
arm-none-eabi-size   ed_v1.0.elf 
   text	   data	    bss	    dec	    hex	filename
  22680	     20	   2076	  24776	   60c8	ed_v1.0.elf
Finished building: default.size.stdout
 
03:14:36 **** Incremental Build of configuration Debug for project ed_v1.0 ****
make -j16 all 
arm-none-eabi-gcc "../Core/Src/main.c" -mcpu=cortex-m4 -std=gnu11 -g3 -DDEBUG -DUSE_HAL_DRIVER -DSTM32F401xC -c -I../Core/Inc -I../Drivers/STM32F4xx_HAL_Driver/Inc -I../Drivers/STM32F4xx_HAL_Driver/Inc/Legacy -I../Drivers/CMSIS/Device/ST/STM32F4xx/Include -I../Drivers/CMSIS/Include -O0 -ffunction-sections -fdata-sections -Wall -fstack-usage -MMD -MP -MF"Core/Src/main.d" -MT"Core/Src/main.o" --specs=nano.specs -mfpu=fpv4-sp-d16 -mfloat-abi=hard -mthumb -o "Core/Src/main.o"
arm-none-eabi-gcc -o "ed_v1.0.elf" @"objects.list"   -mcpu=cortex-m4 -T"C:\Users\baris\Desktop\EEE 497\STM\Ecodrops_V0.1\ed_v1.0\ed_v1.0\STM32F401CCUX_FLASH.ld" --specs=nosys.specs -Wl,-Map="ed_v1.0.map" -Wl,--gc-sections -static --specs=nano.specs -mfpu=fpv4-sp-d16 -mfloat-abi=hard -mthumb -Wl,--start-group -lc -lm -Wl,--end-group
Finished building target: ed_v1.0.elf
 
arm-none-eabi-objdump -h -S  ed_v1.0.elf  > "ed_v1.0.list"
arm-none-eabi-objcopy  -O binary  ed_v1.0.elf  "ed_v1.0.bin"
arm-none-eabi-size   ed_v1.0.elf 
   text	   data	    bss	    dec	    hex	filename
  22652	     20	   2076	  24748	   60ac	ed_v1.0.elf
Finished building: default.size.stdout
 
Finished building: ed_v1.0.bin
 
Finished building: ed_v1.0.list
 
03:32:53 **** Incremental Build of configuration Debug for project ed_v1.0 ****
make -j16 all 
arm-none-eabi-gcc "../Core/Src/main.c" -mcpu=cortex-m4 -std=gnu11 -g3 -DDEBUG -DUSE_HAL_DRIVER -DSTM32F401xC -c -I../Core/Inc -I../Drivers/STM32F4xx_HAL_Driver/Inc -I../Drivers/STM32F4xx_HAL_Driver/Inc/Legacy -I../Drivers/CMSIS/Device/ST/STM32F4xx/Include -I../Drivers/CMSIS/Include -O0 -ffunction-sections -fdata-sections -Wall -fstack-usage -MMD -MP -MF"Core/Src/main.d" -MT"Core/Src/main.o" --specs=nano.specs -mfpu=fpv4-sp-d16 -mfloat-abi=hard -mthumb -o "Core/Src/main.o"
arm-none-eabi-gcc -o "ed_v1.0.elf" @"objects.list"   -mcpu=cortex-m4 -T"C:\Users\baris\Desktop\EEE 497\STM\Ecodrops_V0.1\ed_v1.0\ed_v1.0\STM32F401CCUX_FLASH.ld" --specs=nosys.specs -Wl,-Map="ed_v1.0.map" -Wl,--gc-sections -static --specs=nano.specs -mfpu=fpv4-sp-d16 -mfloat-abi=hard -mthumb -Wl,--start-group -lc -lm -Wl,--end-group
Finished building target: ed_v1.0.elf
 
arm-none-eabi-objdump -h -S  ed_v1.0.elf  > "ed_v1.0.list"
arm-none-eabi-objcopy  -O binary  ed_v1.0.elf  "ed_v1.0.bin"
arm-none-eabi-size   ed_v1.0.elf 
   text	   data	    bss	    dec	    hex	filename
  22652	     20	   2076	  24748	   60ac	ed_v1.0.elf
Finished building: default.size.stdout
 
Finished building: ed_v1.0.bin
 
Finished building: ed_v1.0.list
 
03:37:17 **** Incremental Build of configuration Debug for project ed_v1.0 ****
make -j16 all 
arm-none-eabi-gcc "../Core/Src/main.c" -mcpu=cortex-m4 -std=gnu11 -g3 -DDEBUG -DUSE_HAL_DRIVER -DSTM32F401xC -c -I../Core/Inc -I../Drivers/STM32F4xx_HAL_Driver/Inc -I../Drivers/STM32F4xx_HAL_Driver/Inc/Legacy -I../Drivers/CMSIS/Device/ST/STM32F4xx/Include -I../Drivers/CMSIS/Include -O0 -ffunction-sections -fdata-sections -Wall -fstack-usage -MMD -MP -MF"Core/Src/main.d" -MT"Core/Src/main.o" --specs=nano.specs -mfpu=fpv4-sp-d16 -mfloat-abi=hard -mthumb -o "Core/Src/main.o"
arm-none-eabi-gcc -o "ed_v1.0.elf" @"objects.list"   -mcpu=cortex-m4 -T"C:\Users\baris\Desktop\EEE 497\STM\Ecodrops_V0.1\ed_v1.0\ed_v1.0\STM32F401CCUX_FLASH.ld" --specs=nosys.specs -Wl,-Map="ed_v1.0.map" -Wl,--gc-sections -static --specs=nano.specs -mfpu=fpv4-sp-d16 -mfloat-abi=hard -mthumb -Wl,--start-group -lc -lm -Wl,--end-group
Finished building target: ed_v1.0.elf
 
arm-none-eabi-objdump -h -S  ed_v1.0.elf  > "ed_v1.0.list"
arm-none-eabi-objcopy  -O binary  ed_v1.0.elf  "ed_v1.0.bin"
arm-none-eabi-size   ed_v1.0.elf 
   text	   data	    bss	    dec	    hex	filename
  22652	     20	   2092	  24764	   60bc	ed_v1.0.elf
Finished building: default.size.stdout
 
Finished building: ed_v1.0.bin
 
Finished building: ed_v1.0.list
 
03:44:56 **** Incremental Build of configuration Debug for project ed_v1.0 ****
make -j16 all 
arm-none-eabi-gcc "../Core/Src/main.c" -mcpu=cortex-m4 -std=gnu11 -g3 -DDEBUG -DUSE_HAL_DRIVER -DSTM32F401xC -c -I../Core/Inc -I../Drivers/STM32F4xx_HAL_Driver/Inc -I../Drivers/STM32F4xx_HAL_Driver/Inc/Legacy -I../Drivers/CMSIS/Device/ST/STM32F4xx/Include -I../Drivers/CMSIS/Include -O0 -ffunction-sections -fdata-sections -Wall -fstack-usage -MMD -MP -MF"Core/Src/main.d" -MT"Core/Src/main.o" --specs=nano.specs -mfpu=fpv4-sp-d16 -mfloat-abi=hard -mthumb -o "Core/Src/main.o"
../Core/Src/main.c:91:43: warning: excess elements in array initializer
   91 | int auto_modes[2][3][6] = {{{1,20,0,0,0,1,0,0,0}, {2,30,0,1,0,0,1,0,0}, {2,60,0,1,0,0,1,0,0}},
      |                                           ^
../Core/Src/main.c:91:43: note: (near initialization for 'auto_modes[0][0]')
../Core/Src/main.c:91:45: warning: excess elements in array initializer
   91 | int auto_modes[2][3][6] = {{{1,20,0,0,0,1,0,0,0}, {2,30,0,1,0,0,1,0,0}, {2,60,0,1,0,0,1,0,0}},
      |                                             ^
../Core/Src/main.c:91:45: note: (near initialization for 'auto_modes[0][0]')
../Core/Src/main.c:91:47: warning: excess elements in array initializer
   91 | int auto_modes[2][3][6] = {{{1,20,0,0,0,1,0,0,0}, {2,30,0,1,0,0,1,0,0}, {2,60,0,1,0,0,1,0,0}},
      |                                               ^
../Core/Src/main.c:91:47: note: (near initialization for 'auto_modes[0][0]')
../Core/Src/main.c:91:65: warning: excess elements in array initializer
   91 | int auto_modes[2][3][6] = {{{1,20,0,0,0,1,0,0,0}, {2,30,0,1,0,0,1,0,0}, {2,60,0,1,0,0,1,0,0}},
      |                                                                 ^
../Core/Src/main.c:91:65: note: (near initialization for 'auto_modes[0][1]')
../Core/Src/main.c:91:67: warning: excess elements in array initializer
   91 | int auto_modes[2][3][6] = {{{1,20,0,0,0,1,0,0,0}, {2,30,0,1,0,0,1,0,0}, {2,60,0,1,0,0,1,0,0}},
      |                                                                   ^
../Core/Src/main.c:91:67: note: (near initialization for 'auto_modes[0][1]')
../Core/Src/main.c:91:69: warning: excess elements in array initializer
   91 | int auto_modes[2][3][6] = {{{1,20,0,0,0,1,0,0,0}, {2,30,0,1,0,0,1,0,0}, {2,60,0,1,0,0,1,0,0}},
      |                                                                     ^
../Core/Src/main.c:91:69: note: (near initialization for 'auto_modes[0][1]')
../Core/Src/main.c:91:87: warning: excess elements in array initializer
   91 | int auto_modes[2][3][6] = {{{1,20,0,0,0,1,0,0,0}, {2,30,0,1,0,0,1,0,0}, {2,60,0,1,0,0,1,0,0}},
      |                                                                                       ^
../Core/Src/main.c:91:87: note: (near initialization for 'auto_modes[0][2]')
../Core/Src/main.c:91:89: warning: excess elements in array initializer
   91 | int auto_modes[2][3][6] = {{{1,20,0,0,0,1,0,0,0}, {2,30,0,1,0,0,1,0,0}, {2,60,0,1,0,0,1,0,0}},
      |                                                                                         ^
../Core/Src/main.c:91:89: note: (near initialization for 'auto_modes[0][2]')
../Core/Src/main.c:91:91: warning: excess elements in array initializer
   91 | int auto_modes[2][3][6] = {{{1,20,0,0,0,1,0,0,0}, {2,30,0,1,0,0,1,0,0}, {2,60,0,1,0,0,1,0,0}},
      |                                                                                           ^
../Core/Src/main.c:91:91: note: (near initialization for 'auto_modes[0][2]')
../Core/Src/main.c:92:23: warning: excess elements in array initializer
   92 |        {{1,30,0,0,0,1,0,0,0}, {3,60,0,1,0,1,0,1,0}, {3,120,0,1,0,1,0,1,0}}};
      |                       ^
../Core/Src/main.c:92:23: note: (near initialization for 'auto_modes[1][0]')
../Core/Src/main.c:92:25: warning: excess elements in array initializer
   92 |        {{1,30,0,0,0,1,0,0,0}, {3,60,0,1,0,1,0,1,0}, {3,120,0,1,0,1,0,1,0}}};
      |                         ^
../Core/Src/main.c:92:25: note: (near initialization for 'auto_modes[1][0]')
../Core/Src/main.c:92:27: warning: excess elements in array initializer
   92 |        {{1,30,0,0,0,1,0,0,0}, {3,60,0,1,0,1,0,1,0}, {3,120,0,1,0,1,0,1,0}}};
      |                           ^
../Core/Src/main.c:92:27: note: (near initialization for 'auto_modes[1][0]')
../Core/Src/main.c:92:45: warning: excess elements in array initializer
   92 |        {{1,30,0,0,0,1,0,0,0}, {3,60,0,1,0,1,0,1,0}, {3,120,0,1,0,1,0,1,0}}};
      |                                             ^
../Core/Src/main.c:92:45: note: (near initialization for 'auto_modes[1][1]')
../Core/Src/main.c:92:47: warning: excess elements in array initializer
   92 |        {{1,30,0,0,0,1,0,0,0}, {3,60,0,1,0,1,0,1,0}, {3,120,0,1,0,1,0,1,0}}};
      |                                               ^
../Core/Src/main.c:92:47: note: (near initialization for 'auto_modes[1][1]')
../Core/Src/main.c:92:49: warning: excess elements in array initializer
   92 |        {{1,30,0,0,0,1,0,0,0}, {3,60,0,1,0,1,0,1,0}, {3,120,0,1,0,1,0,1,0}}};
      |                                                 ^
../Core/Src/main.c:92:49: note: (near initialization for 'auto_modes[1][1]')
../Core/Src/main.c:92:68: warning: excess elements in array initializer
   92 |        {{1,30,0,0,0,1,0,0,0}, {3,60,0,1,0,1,0,1,0}, {3,120,0,1,0,1,0,1,0}}};
      |                                                                    ^
../Core/Src/main.c:92:68: note: (near initialization for 'auto_modes[1][2]')
../Core/Src/main.c:92:70: warning: excess elements in array initializer
   92 |        {{1,30,0,0,0,1,0,0,0}, {3,60,0,1,0,1,0,1,0}, {3,120,0,1,0,1,0,1,0}}};
      |                                                                      ^
../Core/Src/main.c:92:70: note: (near initialization for 'auto_modes[1][2]')
../Core/Src/main.c:92:72: warning: excess elements in array initializer
   92 |        {{1,30,0,0,0,1,0,0,0}, {3,60,0,1,0,1,0,1,0}, {3,120,0,1,0,1,0,1,0}}};
      |                                                                        ^
../Core/Src/main.c:92:72: note: (near initialization for 'auto_modes[1][2]')
../Core/Src/main.c:106:72: error: expected ',' or ';' before 'set_month'
  106 | int set_hours = 0,  set_minutes = 0, set_seconds = 0, set_weekday = 0  set_month = 0,  set_date = 0,  set_year = 0;
      |                                                                        ^~~~~~~~~
../Core/Src/main.c: In function 'set_time':
../Core/Src/main.c:848:5: warning: implicit declaration of function '_Error_Handler'; did you mean 'Error_Handler'? [-Wimplicit-function-declaration]
  848 |     _Error_Handler(__FILE__, __LINE__);
      |     ^~~~~~~~~~~~~~
      |     Error_Handler
make: *** [Core/Src/subdir.mk:44: Core/Src/main.o] Error 1
"make -j16 all" terminated with exit code 2. Build might be incomplete.
03:45:32 **** Incremental Build of configuration Debug for project ed_v1.0 ****
make -j16 all 
arm-none-eabi-gcc "../Core/Src/main.c" -mcpu=cortex-m4 -std=gnu11 -g3 -DDEBUG -DUSE_HAL_DRIVER -DSTM32F401xC -c -I../Core/Inc -I../Drivers/STM32F4xx_HAL_Driver/Inc -I../Drivers/STM32F4xx_HAL_Driver/Inc/Legacy -I../Drivers/CMSIS/Device/ST/STM32F4xx/Include -I../Drivers/CMSIS/Include -O0 -ffunction-sections -fdata-sections -Wall -fstack-usage -MMD -MP -MF"Core/Src/main.d" -MT"Core/Src/main.o" --specs=nano.specs -mfpu=fpv4-sp-d16 -mfloat-abi=hard -mthumb -o "Core/Src/main.o"
../Core/Src/main.c:106:72: error: expected ',' or ';' before 'set_month'
  106 | int set_hours = 0,  set_minutes = 0, set_seconds = 0, set_weekday = 0  set_month = 0,  set_date = 0,  set_year = 0;
      |                                                                        ^~~~~~~~~
../Core/Src/main.c: In function 'set_time':
../Core/Src/main.c:848:5: warning: implicit declaration of function '_Error_Handler'; did you mean 'Error_Handler'? [-Wimplicit-function-declaration]
  848 |     _Error_Handler(__FILE__, __LINE__);
      |     ^~~~~~~~~~~~~~
      |     Error_Handler
make: *** [Core/Src/subdir.mk:44: Core/Src/main.o] Error 1
"make -j16 all" terminated with exit code 2. Build might be incomplete.
03:46:15 **** Incremental Build of configuration Debug for project ed_v1.0 ****
make -j16 all 
arm-none-eabi-gcc "../Core/Src/main.c" -mcpu=cortex-m4 -std=gnu11 -g3 -DDEBUG -DUSE_HAL_DRIVER -DSTM32F401xC -c -I../Core/Inc -I../Drivers/STM32F4xx_HAL_Driver/Inc -I../Drivers/STM32F4xx_HAL_Driver/Inc/Legacy -I../Drivers/CMSIS/Device/ST/STM32F4xx/Include -I../Drivers/CMSIS/Include -O0 -ffunction-sections -fdata-sections -Wall -fstack-usage -MMD -MP -MF"Core/Src/main.d" -MT"Core/Src/main.o" --specs=nano.specs -mfpu=fpv4-sp-d16 -mfloat-abi=hard -mthumb -o "Core/Src/main.o"
../Core/Src/main.c: In function 'set_time':
../Core/Src/main.c:848:5: warning: implicit declaration of function '_Error_Handler'; did you mean 'Error_Handler'? [-Wimplicit-function-declaration]
  848 |     _Error_Handler(__FILE__, __LINE__);
      |     ^~~~~~~~~~~~~~
      |     Error_Handler
arm-none-eabi-gcc -o "ed_v1.0.elf" @"objects.list"   -mcpu=cortex-m4 -T"C:\Users\baris\Desktop\EEE 497\STM\Ecodrops_V0.1\ed_v1.0\ed_v1.0\STM32F401CCUX_FLASH.ld" --specs=nosys.specs -Wl,-Map="ed_v1.0.map" -Wl,--gc-sections -static --specs=nano.specs -mfpu=fpv4-sp-d16 -mfloat-abi=hard -mthumb -Wl,--start-group -lc -lm -Wl,--end-group
Finished building target: ed_v1.0.elf
 
arm-none-eabi-objdump -h -S  ed_v1.0.elf  > "ed_v1.0.list"
arm-none-eabi-objcopy  -O binary  ed_v1.0.elf  "ed_v1.0.bin"
arm-none-eabi-size   ed_v1.0.elf 
   text	   data	    bss	    dec	    hex	filename
  22672	     20	   2092	  24784	   60d0	ed_v1.0.elf
Finished building: default.size.stdout
 
Finished building: ed_v1.0.bin
 
Finished building: ed_v1.0.list
 
03:48:27 **** Incremental Build of configuration Debug for project ed_v1.0 ****
make -j16 all 
arm-none-eabi-gcc "../Core/Src/main.c" -mcpu=cortex-m4 -std=gnu11 -g3 -DDEBUG -DUSE_HAL_DRIVER -DSTM32F401xC -c -I../Core/Inc -I../Drivers/STM32F4xx_HAL_Driver/Inc -I../Drivers/STM32F4xx_HAL_Driver/Inc/Legacy -I../Drivers/CMSIS/Device/ST/STM32F4xx/Include -I../Drivers/CMSIS/Include -O0 -ffunction-sections -fdata-sections -Wall -fstack-usage -MMD -MP -MF"Core/Src/main.d" -MT"Core/Src/main.o" --specs=nano.specs -mfpu=fpv4-sp-d16 -mfloat-abi=hard -mthumb -o "Core/Src/main.o"
arm-none-eabi-gcc -o "ed_v1.0.elf" @"objects.list"   -mcpu=cortex-m4 -T"C:\Users\baris\Desktop\EEE 497\STM\Ecodrops_V0.1\ed_v1.0\ed_v1.0\STM32F401CCUX_FLASH.ld" --specs=nosys.specs -Wl,-Map="ed_v1.0.map" -Wl,--gc-sections -static --specs=nano.specs -mfpu=fpv4-sp-d16 -mfloat-abi=hard -mthumb -Wl,--start-group -lc -lm -Wl,--end-group
Finished building target: ed_v1.0.elf
 
arm-none-eabi-objdump -h -S  ed_v1.0.elf  > "ed_v1.0.list"
arm-none-eabi-objcopy  -O binary  ed_v1.0.elf  "ed_v1.0.bin"
arm-none-eabi-size   ed_v1.0.elf 
   text	   data	    bss	    dec	    hex	filename
  22680	     20	   2108	  24808	   60e8	ed_v1.0.elf
Finished building: default.size.stdout
 
Finished building: ed_v1.0.bin
 
Finished building: ed_v1.0.list
 
03:49:15 **** Incremental Build of configuration Debug for project ed_v1.0 ****
make -j16 all 
arm-none-eabi-gcc "../Core/Src/main.c" -mcpu=cortex-m4 -std=gnu11 -g3 -DDEBUG -DUSE_HAL_DRIVER -DSTM32F401xC -c -I../Core/Inc -I../Drivers/STM32F4xx_HAL_Driver/Inc -I../Drivers/STM32F4xx_HAL_Driver/Inc/Legacy -I../Drivers/CMSIS/Device/ST/STM32F4xx/Include -I../Drivers/CMSIS/Include -O0 -ffunction-sections -fdata-sections -Wall -fstack-usage -MMD -MP -MF"Core/Src/main.d" -MT"Core/Src/main.o" --specs=nano.specs -mfpu=fpv4-sp-d16 -mfloat-abi=hard -mthumb -o "Core/Src/main.o"
arm-none-eabi-gcc -o "ed_v1.0.elf" @"objects.list"   -mcpu=cortex-m4 -T"C:\Users\baris\Desktop\EEE 497\STM\Ecodrops_V0.1\ed_v1.0\ed_v1.0\STM32F401CCUX_FLASH.ld" --specs=nosys.specs -Wl,-Map="ed_v1.0.map" -Wl,--gc-sections -static --specs=nano.specs -mfpu=fpv4-sp-d16 -mfloat-abi=hard -mthumb -Wl,--start-group -lc -lm -Wl,--end-group
Finished building target: ed_v1.0.elf
 
arm-none-eabi-objdump -h -S  ed_v1.0.elf  > "ed_v1.0.list"
arm-none-eabi-objcopy  -O binary  ed_v1.0.elf  "ed_v1.0.bin"
arm-none-eabi-size   ed_v1.0.elf 
   text	   data	    bss	    dec	    hex	filename
  22680	     20	   2108	  24808	   60e8	ed_v1.0.elf
Finished building: default.size.stdout
 
Finished building: ed_v1.0.bin
 
Finished building: ed_v1.0.list
 
03:49:36 **** Incremental Build of configuration Debug for project ed_v1.0 ****
make -j16 all 
arm-none-eabi-size   ed_v1.0.elf 
   text	   data	    bss	    dec	    hex	filename
  22680	     20	   2108	  24808	   60e8	ed_v1.0.elf
Finished building: default.size.stdout
 
03:50:34 **** Incremental Build of configuration Debug for project ed_v1.0 ****
make -j16 all 
arm-none-eabi-gcc "../Core/Src/main.c" -mcpu=cortex-m4 -std=gnu11 -g3 -DDEBUG -DUSE_HAL_DRIVER -DSTM32F401xC -c -I../Core/Inc -I../Drivers/STM32F4xx_HAL_Driver/Inc -I../Drivers/STM32F4xx_HAL_Driver/Inc/Legacy -I../Drivers/CMSIS/Device/ST/STM32F4xx/Include -I../Drivers/CMSIS/Include -O0 -ffunction-sections -fdata-sections -Wall -fstack-usage -MMD -MP -MF"Core/Src/main.d" -MT"Core/Src/main.o" --specs=nano.specs -mfpu=fpv4-sp-d16 -mfloat-abi=hard -mthumb -o "Core/Src/main.o"
../Core/Src/main.c: In function 'main':
../Core/Src/main.c:233:4: warning: implicit declaration of function 'get_time'; did you mean 'set_time'? [-Wimplicit-function-declaration]
  233 |    get_time();
      |    ^~~~~~~~
      |    set_time
../Core/Src/main.c: At top level:
../Core/Src/main.c:857:6: warning: conflicting types for 'get_time'
  857 | void get_time(){
      |      ^~~~~~~~
../Core/Src/main.c:233:4: note: previous implicit declaration of 'get_time' was here
  233 |    get_time();
      |    ^~~~~~~~
arm-none-eabi-gcc -o "ed_v1.0.elf" @"objects.list"   -mcpu=cortex-m4 -T"C:\Users\baris\Desktop\EEE 497\STM\Ecodrops_V0.1\ed_v1.0\ed_v1.0\STM32F401CCUX_FLASH.ld" --specs=nosys.specs -Wl,-Map="ed_v1.0.map" -Wl,--gc-sections -static --specs=nano.specs -mfpu=fpv4-sp-d16 -mfloat-abi=hard -mthumb -Wl,--start-group -lc -lm -Wl,--end-group
Finished building target: ed_v1.0.elf
 
arm-none-eabi-objdump -h -S  ed_v1.0.elf  > "ed_v1.0.list"
arm-none-eabi-objcopy  -O binary  ed_v1.0.elf  "ed_v1.0.bin"
arm-none-eabi-size   ed_v1.0.elf 
   text	   data	    bss	    dec	    hex	filename
  25680	    120	   2160	  27960	   6d38	ed_v1.0.elf
Finished building: default.size.stdout
 
Finished building: ed_v1.0.bin
 
Finished building: ed_v1.0.list
 
03:52:33 **** Incremental Build of configuration Debug for project ed_v1.0 ****
make -j16 all 
arm-none-eabi-gcc "../Core/Src/main.c" -mcpu=cortex-m4 -std=gnu11 -g3 -DDEBUG -DUSE_HAL_DRIVER -DSTM32F401xC -c -I../Core/Inc -I../Drivers/STM32F4xx_HAL_Driver/Inc -I../Drivers/STM32F4xx_HAL_Driver/Inc/Legacy -I../Drivers/CMSIS/Device/ST/STM32F4xx/Include -I../Drivers/CMSIS/Include -O0 -ffunction-sections -fdata-sections -Wall -fstack-usage -MMD -MP -MF"Core/Src/main.d" -MT"Core/Src/main.o" --specs=nano.specs -mfpu=fpv4-sp-d16 -mfloat-abi=hard -mthumb -o "Core/Src/main.o"
arm-none-eabi-gcc -o "ed_v1.0.elf" @"objects.list"   -mcpu=cortex-m4 -T"C:\Users\baris\Desktop\EEE 497\STM\Ecodrops_V0.1\ed_v1.0\ed_v1.0\STM32F401CCUX_FLASH.ld" --specs=nosys.specs -Wl,-Map="ed_v1.0.map" -Wl,--gc-sections -static --specs=nano.specs -mfpu=fpv4-sp-d16 -mfloat-abi=hard -mthumb -Wl,--start-group -lc -lm -Wl,--end-group
Finished building target: ed_v1.0.elf
 
arm-none-eabi-objdump -h -S  ed_v1.0.elf  > "ed_v1.0.list"
arm-none-eabi-objcopy  -O binary  ed_v1.0.elf  "ed_v1.0.bin"
arm-none-eabi-size   ed_v1.0.elf 
   text	   data	    bss	    dec	    hex	filename
  25680	    120	   2160	  27960	   6d38	ed_v1.0.elf
Finished building: default.size.stdout
 
Finished building: ed_v1.0.bin
 
Finished building: ed_v1.0.list
 
03:53:34 **** Incremental Build of configuration Debug for project ed_v1.0 ****
make -j16 all 
arm-none-eabi-gcc "../Drivers/STM32F4xx_HAL_Driver/Src/stm32f4xx_hal.c" -mcpu=cortex-m4 -std=gnu11 -g3 -DDEBUG -DUSE_HAL_DRIVER -DSTM32F401xC -c -I../Core/Inc -I../Drivers/STM32F4xx_HAL_Driver/Inc -I../Drivers/STM32F4xx_HAL_Driver/Inc/Legacy -I../Drivers/CMSIS/Device/ST/STM32F4xx/Include -I../Drivers/CMSIS/Include -O0 -ffunction-sections -fdata-sections -Wall -fstack-usage -MMD -MP -MF"Drivers/STM32F4xx_HAL_Driver/Src/stm32f4xx_hal.d" -MT"Drivers/STM32F4xx_HAL_Driver/Src/stm32f4xx_hal.o" --specs=nano.specs -mfpu=fpv4-sp-d16 -mfloat-abi=hard -mthumb -o "Drivers/STM32F4xx_HAL_Driver/Src/stm32f4xx_hal.o"
arm-none-eabi-gcc "../Drivers/STM32F4xx_HAL_Driver/Src/stm32f4xx_hal_adc.c" -mcpu=cortex-m4 -std=gnu11 -g3 -DDEBUG -DUSE_HAL_DRIVER -DSTM32F401xC -c -I../Core/Inc -I../Drivers/STM32F4xx_HAL_Driver/Inc -I../Drivers/STM32F4xx_HAL_Driver/Inc/Legacy -I../Drivers/CMSIS/Device/ST/STM32F4xx/Include -I../Drivers/CMSIS/Include -O0 -ffunction-sections -fdata-sections -Wall -fstack-usage -MMD -MP -MF"Drivers/STM32F4xx_HAL_Driver/Src/stm32f4xx_hal_adc.d" -MT"Drivers/STM32F4xx_HAL_Driver/Src/stm32f4xx_hal_adc.o" --specs=nano.specs -mfpu=fpv4-sp-d16 -mfloat-abi=hard -mthumb -o "Drivers/STM32F4xx_HAL_Driver/Src/stm32f4xx_hal_adc.o"
arm-none-eabi-gcc "../Drivers/STM32F4xx_HAL_Driver/Src/stm32f4xx_hal_adc_ex.c" -mcpu=cortex-m4 -std=gnu11 -g3 -DDEBUG -DUSE_HAL_DRIVER -DSTM32F401xC -c -I../Core/Inc -I../Drivers/STM32F4xx_HAL_Driver/Inc -I../Drivers/STM32F4xx_HAL_Driver/Inc/Legacy -I../Drivers/CMSIS/Device/ST/STM32F4xx/Include -I../Drivers/CMSIS/Include -O0 -ffunction-sections -fdata-sections -Wall -fstack-usage -MMD -MP -MF"Drivers/STM32F4xx_HAL_Driver/Src/stm32f4xx_hal_adc_ex.d" -MT"Drivers/STM32F4xx_HAL_Driver/Src/stm32f4xx_hal_adc_ex.o" --specs=nano.specs -mfpu=fpv4-sp-d16 -mfloat-abi=hard -mthumb -o "Drivers/STM32F4xx_HAL_Driver/Src/stm32f4xx_hal_adc_ex.o"
arm-none-eabi-gcc "../Drivers/STM32F4xx_HAL_Driver/Src/stm32f4xx_hal_cortex.c" -mcpu=cortex-m4 -std=gnu11 -g3 -DDEBUG -DUSE_HAL_DRIVER -DSTM32F401xC -c -I../Core/Inc -I../Drivers/STM32F4xx_HAL_Driver/Inc -I../Drivers/STM32F4xx_HAL_Driver/Inc/Legacy -I../Drivers/CMSIS/Device/ST/STM32F4xx/Include -I../Drivers/CMSIS/Include -O0 -ffunction-sections -fdata-sections -Wall -fstack-usage -MMD -MP -MF"Drivers/STM32F4xx_HAL_Driver/Src/stm32f4xx_hal_cortex.d" -MT"Drivers/STM32F4xx_HAL_Driver/Src/stm32f4xx_hal_cortex.o" --specs=nano.specs -mfpu=fpv4-sp-d16 -mfloat-abi=hard -mthumb -o "Drivers/STM32F4xx_HAL_Driver/Src/stm32f4xx_hal_cortex.o"
arm-none-eabi-gcc "../Drivers/STM32F4xx_HAL_Driver/Src/stm32f4xx_hal_dma.c" -mcpu=cortex-m4 -std=gnu11 -g3 -DDEBUG -DUSE_HAL_DRIVER -DSTM32F401xC -c -I../Core/Inc -I../Drivers/STM32F4xx_HAL_Driver/Inc -I../Drivers/STM32F4xx_HAL_Driver/Inc/Legacy -I../Drivers/CMSIS/Device/ST/STM32F4xx/Include -I../Drivers/CMSIS/Include -O0 -ffunction-sections -fdata-sections -Wall -fstack-usage -MMD -MP -MF"Drivers/STM32F4xx_HAL_Driver/Src/stm32f4xx_hal_dma.d" -MT"Drivers/STM32F4xx_HAL_Driver/Src/stm32f4xx_hal_dma.o" --specs=nano.specs -mfpu=fpv4-sp-d16 -mfloat-abi=hard -mthumb -o "Drivers/STM32F4xx_HAL_Driver/Src/stm32f4xx_hal_dma.o"
arm-none-eabi-gcc "../Drivers/STM32F4xx_HAL_Driver/Src/stm32f4xx_hal_dma_ex.c" -mcpu=cortex-m4 -std=gnu11 -g3 -DDEBUG -DUSE_HAL_DRIVER -DSTM32F401xC -c -I../Core/Inc -I../Drivers/STM32F4xx_HAL_Driver/Inc -I../Drivers/STM32F4xx_HAL_Driver/Inc/Legacy -I../Drivers/CMSIS/Device/ST/STM32F4xx/Include -I../Drivers/CMSIS/Include -O0 -ffunction-sections -fdata-sections -Wall -fstack-usage -MMD -MP -MF"Drivers/STM32F4xx_HAL_Driver/Src/stm32f4xx_hal_dma_ex.d" -MT"Drivers/STM32F4xx_HAL_Driver/Src/stm32f4xx_hal_dma_ex.o" --specs=nano.specs -mfpu=fpv4-sp-d16 -mfloat-abi=hard -mthumb -o "Drivers/STM32F4xx_HAL_Driver/Src/stm32f4xx_hal_dma_ex.o"
arm-none-eabi-gcc "../Drivers/STM32F4xx_HAL_Driver/Src/stm32f4xx_hal_exti.c" -mcpu=cortex-m4 -std=gnu11 -g3 -DDEBUG -DUSE_HAL_DRIVER -DSTM32F401xC -c -I../Core/Inc -I../Drivers/STM32F4xx_HAL_Driver/Inc -I../Drivers/STM32F4xx_HAL_Driver/Inc/Legacy -I../Drivers/CMSIS/Device/ST/STM32F4xx/Include -I../Drivers/CMSIS/Include -O0 -ffunction-sections -fdata-sections -Wall -fstack-usage -MMD -MP -MF"Drivers/STM32F4xx_HAL_Driver/Src/stm32f4xx_hal_exti.d" -MT"Drivers/STM32F4xx_HAL_Driver/Src/stm32f4xx_hal_exti.o" --specs=nano.specs -mfpu=fpv4-sp-d16 -mfloat-abi=hard -mthumb -o "Drivers/STM32F4xx_HAL_Driver/Src/stm32f4xx_hal_exti.o"
arm-none-eabi-gcc "../Drivers/STM32F4xx_HAL_Driver/Src/stm32f4xx_hal_flash.c" -mcpu=cortex-m4 -std=gnu11 -g3 -DDEBUG -DUSE_HAL_DRIVER -DSTM32F401xC -c -I../Core/Inc -I../Drivers/STM32F4xx_HAL_Driver/Inc -I../Drivers/STM32F4xx_HAL_Driver/Inc/Legacy -I../Drivers/CMSIS/Device/ST/STM32F4xx/Include -I../Drivers/CMSIS/Include -O0 -ffunction-sections -fdata-sections -Wall -fstack-usage -MMD -MP -MF"Drivers/STM32F4xx_HAL_Driver/Src/stm32f4xx_hal_flash.d" -MT"Drivers/STM32F4xx_HAL_Driver/Src/stm32f4xx_hal_flash.o" --specs=nano.specs -mfpu=fpv4-sp-d16 -mfloat-abi=hard -mthumb -o "Drivers/STM32F4xx_HAL_Driver/Src/stm32f4xx_hal_flash.o"
arm-none-eabi-gcc "../Drivers/STM32F4xx_HAL_Driver/Src/stm32f4xx_hal_flash_ex.c" -mcpu=cortex-m4 -std=gnu11 -g3 -DDEBUG -DUSE_HAL_DRIVER -DSTM32F401xC -c -I../Core/Inc -I../Drivers/STM32F4xx_HAL_Driver/Inc -I../Drivers/STM32F4xx_HAL_Driver/Inc/Legacy -I../Drivers/CMSIS/Device/ST/STM32F4xx/Include -I../Drivers/CMSIS/Include -O0 -ffunction-sections -fdata-sections -Wall -fstack-usage -MMD -MP -MF"Drivers/STM32F4xx_HAL_Driver/Src/stm32f4xx_hal_flash_ex.d" -MT"Drivers/STM32F4xx_HAL_Driver/Src/stm32f4xx_hal_flash_ex.o" --specs=nano.specs -mfpu=fpv4-sp-d16 -mfloat-abi=hard -mthumb -o "Drivers/STM32F4xx_HAL_Driver/Src/stm32f4xx_hal_flash_ex.o"
arm-none-eabi-gcc "../Drivers/STM32F4xx_HAL_Driver/Src/stm32f4xx_hal_flash_ramfunc.c" -mcpu=cortex-m4 -std=gnu11 -g3 -DDEBUG -DUSE_HAL_DRIVER -DSTM32F401xC -c -I../Core/Inc -I../Drivers/STM32F4xx_HAL_Driver/Inc -I../Drivers/STM32F4xx_HAL_Driver/Inc/Legacy -I../Drivers/CMSIS/Device/ST/STM32F4xx/Include -I../Drivers/CMSIS/Include -O0 -ffunction-sections -fdata-sections -Wall -fstack-usage -MMD -MP -MF"Drivers/STM32F4xx_HAL_Driver/Src/stm32f4xx_hal_flash_ramfunc.d" -MT"Drivers/STM32F4xx_HAL_Driver/Src/stm32f4xx_hal_flash_ramfunc.o" --specs=nano.specs -mfpu=fpv4-sp-d16 -mfloat-abi=hard -mthumb -o "Drivers/STM32F4xx_HAL_Driver/Src/stm32f4xx_hal_flash_ramfunc.o"
arm-none-eabi-gcc "../Drivers/STM32F4xx_HAL_Driver/Src/stm32f4xx_hal_gpio.c" -mcpu=cortex-m4 -std=gnu11 -g3 -DDEBUG -DUSE_HAL_DRIVER -DSTM32F401xC -c -I../Core/Inc -I../Drivers/STM32F4xx_HAL_Driver/Inc -I../Drivers/STM32F4xx_HAL_Driver/Inc/Legacy -I../Drivers/CMSIS/Device/ST/STM32F4xx/Include -I../Drivers/CMSIS/Include -O0 -ffunction-sections -fdata-sections -Wall -fstack-usage -MMD -MP -MF"Drivers/STM32F4xx_HAL_Driver/Src/stm32f4xx_hal_gpio.d" -MT"Drivers/STM32F4xx_HAL_Driver/Src/stm32f4xx_hal_gpio.o" --specs=nano.specs -mfpu=fpv4-sp-d16 -mfloat-abi=hard -mthumb -o "Drivers/STM32F4xx_HAL_Driver/Src/stm32f4xx_hal_gpio.o"
arm-none-eabi-gcc "../Drivers/STM32F4xx_HAL_Driver/Src/stm32f4xx_hal_i2c.c" -mcpu=cortex-m4 -std=gnu11 -g3 -DDEBUG -DUSE_HAL_DRIVER -DSTM32F401xC -c -I../Core/Inc -I../Drivers/STM32F4xx_HAL_Driver/Inc -I../Drivers/STM32F4xx_HAL_Driver/Inc/Legacy -I../Drivers/CMSIS/Device/ST/STM32F4xx/Include -I../Drivers/CMSIS/Include -O0 -ffunction-sections -fdata-sections -Wall -fstack-usage -MMD -MP -MF"Drivers/STM32F4xx_HAL_Driver/Src/stm32f4xx_hal_i2c.d" -MT"Drivers/STM32F4xx_HAL_Driver/Src/stm32f4xx_hal_i2c.o" --specs=nano.specs -mfpu=fpv4-sp-d16 -mfloat-abi=hard -mthumb -o "Drivers/STM32F4xx_HAL_Driver/Src/stm32f4xx_hal_i2c.o"
arm-none-eabi-gcc "../Drivers/STM32F4xx_HAL_Driver/Src/stm32f4xx_hal_i2c_ex.c" -mcpu=cortex-m4 -std=gnu11 -g3 -DDEBUG -DUSE_HAL_DRIVER -DSTM32F401xC -c -I../Core/Inc -I../Drivers/STM32F4xx_HAL_Driver/Inc -I../Drivers/STM32F4xx_HAL_Driver/Inc/Legacy -I../Drivers/CMSIS/Device/ST/STM32F4xx/Include -I../Drivers/CMSIS/Include -O0 -ffunction-sections -fdata-sections -Wall -fstack-usage -MMD -MP -MF"Drivers/STM32F4xx_HAL_Driver/Src/stm32f4xx_hal_i2c_ex.d" -MT"Drivers/STM32F4xx_HAL_Driver/Src/stm32f4xx_hal_i2c_ex.o" --specs=nano.specs -mfpu=fpv4-sp-d16 -mfloat-abi=hard -mthumb -o "Drivers/STM32F4xx_HAL_Driver/Src/stm32f4xx_hal_i2c_ex.o"
arm-none-eabi-gcc "../Drivers/STM32F4xx_HAL_Driver/Src/stm32f4xx_hal_pwr.c" -mcpu=cortex-m4 -std=gnu11 -g3 -DDEBUG -DUSE_HAL_DRIVER -DSTM32F401xC -c -I../Core/Inc -I../Drivers/STM32F4xx_HAL_Driver/Inc -I../Drivers/STM32F4xx_HAL_Driver/Inc/Legacy -I../Drivers/CMSIS/Device/ST/STM32F4xx/Include -I../Drivers/CMSIS/Include -O0 -ffunction-sections -fdata-sections -Wall -fstack-usage -MMD -MP -MF"Drivers/STM32F4xx_HAL_Driver/Src/stm32f4xx_hal_pwr.d" -MT"Drivers/STM32F4xx_HAL_Driver/Src/stm32f4xx_hal_pwr.o" --specs=nano.specs -mfpu=fpv4-sp-d16 -mfloat-abi=hard -mthumb -o "Drivers/STM32F4xx_HAL_Driver/Src/stm32f4xx_hal_pwr.o"
arm-none-eabi-gcc "../Drivers/STM32F4xx_HAL_Driver/Src/stm32f4xx_hal_pwr_ex.c" -mcpu=cortex-m4 -std=gnu11 -g3 -DDEBUG -DUSE_HAL_DRIVER -DSTM32F401xC -c -I../Core/Inc -I../Drivers/STM32F4xx_HAL_Driver/Inc -I../Drivers/STM32F4xx_HAL_Driver/Inc/Legacy -I../Drivers/CMSIS/Device/ST/STM32F4xx/Include -I../Drivers/CMSIS/Include -O0 -ffunction-sections -fdata-sections -Wall -fstack-usage -MMD -MP -MF"Drivers/STM32F4xx_HAL_Driver/Src/stm32f4xx_hal_pwr_ex.d" -MT"Drivers/STM32F4xx_HAL_Driver/Src/stm32f4xx_hal_pwr_ex.o" --specs=nano.specs -mfpu=fpv4-sp-d16 -mfloat-abi=hard -mthumb -o "Drivers/STM32F4xx_HAL_Driver/Src/stm32f4xx_hal_pwr_ex.o"
arm-none-eabi-gcc "../Drivers/STM32F4xx_HAL_Driver/Src/stm32f4xx_hal_rcc.c" -mcpu=cortex-m4 -std=gnu11 -g3 -DDEBUG -DUSE_HAL_DRIVER -DSTM32F401xC -c -I../Core/Inc -I../Drivers/STM32F4xx_HAL_Driver/Inc -I../Drivers/STM32F4xx_HAL_Driver/Inc/Legacy -I../Drivers/CMSIS/Device/ST/STM32F4xx/Include -I../Drivers/CMSIS/Include -O0 -ffunction-sections -fdata-sections -Wall -fstack-usage -MMD -MP -MF"Drivers/STM32F4xx_HAL_Driver/Src/stm32f4xx_hal_rcc.d" -MT"Drivers/STM32F4xx_HAL_Driver/Src/stm32f4xx_hal_rcc.o" --specs=nano.specs -mfpu=fpv4-sp-d16 -mfloat-abi=hard -mthumb -o "Drivers/STM32F4xx_HAL_Driver/Src/stm32f4xx_hal_rcc.o"
arm-none-eabi-gcc "../Drivers/STM32F4xx_HAL_Driver/Src/stm32f4xx_hal_rcc_ex.c" -mcpu=cortex-m4 -std=gnu11 -g3 -DDEBUG -DUSE_HAL_DRIVER -DSTM32F401xC -c -I../Core/Inc -I../Drivers/STM32F4xx_HAL_Driver/Inc -I../Drivers/STM32F4xx_HAL_Driver/Inc/Legacy -I../Drivers/CMSIS/Device/ST/STM32F4xx/Include -I../Drivers/CMSIS/Include -O0 -ffunction-sections -fdata-sections -Wall -fstack-usage -MMD -MP -MF"Drivers/STM32F4xx_HAL_Driver/Src/stm32f4xx_hal_rcc_ex.d" -MT"Drivers/STM32F4xx_HAL_Driver/Src/stm32f4xx_hal_rcc_ex.o" --specs=nano.specs -mfpu=fpv4-sp-d16 -mfloat-abi=hard -mthumb -o "Drivers/STM32F4xx_HAL_Driver/Src/stm32f4xx_hal_rcc_ex.o"
arm-none-eabi-gcc "../Drivers/STM32F4xx_HAL_Driver/Src/stm32f4xx_hal_rtc.c" -mcpu=cortex-m4 -std=gnu11 -g3 -DDEBUG -DUSE_HAL_DRIVER -DSTM32F401xC -c -I../Core/Inc -I../Drivers/STM32F4xx_HAL_Driver/Inc -I../Drivers/STM32F4xx_HAL_Driver/Inc/Legacy -I../Drivers/CMSIS/Device/ST/STM32F4xx/Include -I../Drivers/CMSIS/Include -O0 -ffunction-sections -fdata-sections -Wall -fstack-usage -MMD -MP -MF"Drivers/STM32F4xx_HAL_Driver/Src/stm32f4xx_hal_rtc.d" -MT"Drivers/STM32F4xx_HAL_Driver/Src/stm32f4xx_hal_rtc.o" --specs=nano.specs -mfpu=fpv4-sp-d16 -mfloat-abi=hard -mthumb -o "Drivers/STM32F4xx_HAL_Driver/Src/stm32f4xx_hal_rtc.o"
arm-none-eabi-gcc "../Drivers/STM32F4xx_HAL_Driver/Src/stm32f4xx_hal_rtc_ex.c" -mcpu=cortex-m4 -std=gnu11 -g3 -DDEBUG -DUSE_HAL_DRIVER -DSTM32F401xC -c -I../Core/Inc -I../Drivers/STM32F4xx_HAL_Driver/Inc -I../Drivers/STM32F4xx_HAL_Driver/Inc/Legacy -I../Drivers/CMSIS/Device/ST/STM32F4xx/Include -I../Drivers/CMSIS/Include -O0 -ffunction-sections -fdata-sections -Wall -fstack-usage -MMD -MP -MF"Drivers/STM32F4xx_HAL_Driver/Src/stm32f4xx_hal_rtc_ex.d" -MT"Drivers/STM32F4xx_HAL_Driver/Src/stm32f4xx_hal_rtc_ex.o" --specs=nano.specs -mfpu=fpv4-sp-d16 -mfloat-abi=hard -mthumb -o "Drivers/STM32F4xx_HAL_Driver/Src/stm32f4xx_hal_rtc_ex.o"
arm-none-eabi-gcc "../Drivers/STM32F4xx_HAL_Driver/Src/stm32f4xx_hal_tim.c" -mcpu=cortex-m4 -std=gnu11 -g3 -DDEBUG -DUSE_HAL_DRIVER -DSTM32F401xC -c -I../Core/Inc -I../Drivers/STM32F4xx_HAL_Driver/Inc -I../Drivers/STM32F4xx_HAL_Driver/Inc/Legacy -I../Drivers/CMSIS/Device/ST/STM32F4xx/Include -I../Drivers/CMSIS/Include -O0 -ffunction-sections -fdata-sections -Wall -fstack-usage -MMD -MP -MF"Drivers/STM32F4xx_HAL_Driver/Src/stm32f4xx_hal_tim.d" -MT"Drivers/STM32F4xx_HAL_Driver/Src/stm32f4xx_hal_tim.o" --specs=nano.specs -mfpu=fpv4-sp-d16 -mfloat-abi=hard -mthumb -o "Drivers/STM32F4xx_HAL_Driver/Src/stm32f4xx_hal_tim.o"
arm-none-eabi-gcc "../Drivers/STM32F4xx_HAL_Driver/Src/stm32f4xx_hal_tim_ex.c" -mcpu=cortex-m4 -std=gnu11 -g3 -DDEBUG -DUSE_HAL_DRIVER -DSTM32F401xC -c -I../Core/Inc -I../Drivers/STM32F4xx_HAL_Driver/Inc -I../Drivers/STM32F4xx_HAL_Driver/Inc/Legacy -I../Drivers/CMSIS/Device/ST/STM32F4xx/Include -I../Drivers/CMSIS/Include -O0 -ffunction-sections -fdata-sections -Wall -fstack-usage -MMD -MP -MF"Drivers/STM32F4xx_HAL_Driver/Src/stm32f4xx_hal_tim_ex.d" -MT"Drivers/STM32F4xx_HAL_Driver/Src/stm32f4xx_hal_tim_ex.o" --specs=nano.specs -mfpu=fpv4-sp-d16 -mfloat-abi=hard -mthumb -o "Drivers/STM32F4xx_HAL_Driver/Src/stm32f4xx_hal_tim_ex.o"
arm-none-eabi-gcc "../Core/Src/i2c-lcd.c" -mcpu=cortex-m4 -std=gnu11 -g3 -DDEBUG -DUSE_HAL_DRIVER -DSTM32F401xC -c -I../Core/Inc -I../Drivers/STM32F4xx_HAL_Driver/Inc -I../Drivers/STM32F4xx_HAL_Driver/Inc/Legacy -I../Drivers/CMSIS/Device/ST/STM32F4xx/Include -I../Drivers/CMSIS/Include -O0 -ffunction-sections -fdata-sections -Wall -fstack-usage -MMD -MP -MF"Core/Src/i2c-lcd.d" -MT"Core/Src/i2c-lcd.o" --specs=nano.specs -mfpu=fpv4-sp-d16 -mfloat-abi=hard -mthumb -o "Core/Src/i2c-lcd.o"
arm-none-eabi-gcc "../Core/Src/main.c" -mcpu=cortex-m4 -std=gnu11 -g3 -DDEBUG -DUSE_HAL_DRIVER -DSTM32F401xC -c -I../Core/Inc -I../Drivers/STM32F4xx_HAL_Driver/Inc -I../Drivers/STM32F4xx_HAL_Driver/Inc/Legacy -I../Drivers/CMSIS/Device/ST/STM32F4xx/Include -I../Drivers/CMSIS/Include -O0 -ffunction-sections -fdata-sections -Wall -fstack-usage -MMD -MP -MF"Core/Src/main.d" -MT"Core/Src/main.o" --specs=nano.specs -mfpu=fpv4-sp-d16 -mfloat-abi=hard -mthumb -o "Core/Src/main.o"
arm-none-eabi-gcc "../Core/Src/stm32f4xx_hal_msp.c" -mcpu=cortex-m4 -std=gnu11 -g3 -DDEBUG -DUSE_HAL_DRIVER -DSTM32F401xC -c -I../Core/Inc -I../Drivers/STM32F4xx_HAL_Driver/Inc -I../Drivers/STM32F4xx_HAL_Driver/Inc/Legacy -I../Drivers/CMSIS/Device/ST/STM32F4xx/Include -I../Drivers/CMSIS/Include -O0 -ffunction-sections -fdata-sections -Wall -fstack-usage -MMD -MP -MF"Core/Src/stm32f4xx_hal_msp.d" -MT"Core/Src/stm32f4xx_hal_msp.o" --specs=nano.specs -mfpu=fpv4-sp-d16 -mfloat-abi=hard -mthumb -o "Core/Src/stm32f4xx_hal_msp.o"
arm-none-eabi-gcc "../Core/Src/stm32f4xx_it.c" -mcpu=cortex-m4 -std=gnu11 -g3 -DDEBUG -DUSE_HAL_DRIVER -DSTM32F401xC -c -I../Core/Inc -I../Drivers/STM32F4xx_HAL_Driver/Inc -I../Drivers/STM32F4xx_HAL_Driver/Inc/Legacy -I../Drivers/CMSIS/Device/ST/STM32F4xx/Include -I../Drivers/CMSIS/Include -O0 -ffunction-sections -fdata-sections -Wall -fstack-usage -MMD -MP -MF"Core/Src/stm32f4xx_it.d" -MT"Core/Src/stm32f4xx_it.o" --specs=nano.specs -mfpu=fpv4-sp-d16 -mfloat-abi=hard -mthumb -o "Core/Src/stm32f4xx_it.o"
arm-none-eabi-gcc "../Core/Src/system_stm32f4xx.c" -mcpu=cortex-m4 -std=gnu11 -g3 -DDEBUG -DUSE_HAL_DRIVER -DSTM32F401xC -c -I../Core/Inc -I../Drivers/STM32F4xx_HAL_Driver/Inc -I../Drivers/STM32F4xx_HAL_Driver/Inc/Legacy -I../Drivers/CMSIS/Device/ST/STM32F4xx/Include -I../Drivers/CMSIS/Include -O0 -ffunction-sections -fdata-sections -Wall -fstack-usage -MMD -MP -MF"Core/Src/system_stm32f4xx.d" -MT"Core/Src/system_stm32f4xx.o" --specs=nano.specs -mfpu=fpv4-sp-d16 -mfloat-abi=hard -mthumb -o "Core/Src/system_stm32f4xx.o"
arm-none-eabi-gcc -o "ed_v1.0.elf" @"objects.list"   -mcpu=cortex-m4 -T"C:\Users\baris\Desktop\EEE 497\STM\Ecodrops_V0.1\ed_v1.0\ed_v1.0\STM32F401CCUX_FLASH.ld" --specs=nosys.specs -Wl,-Map="ed_v1.0.map" -Wl,--gc-sections -static --specs=nano.specs -mfpu=fpv4-sp-d16 -mfloat-abi=hard -mthumb -Wl,--start-group -lc -lm -Wl,--end-group
Finished building target: ed_v1.0.elf
 
arm-none-eabi-objdump -h -S  ed_v1.0.elf  > "ed_v1.0.list"
arm-none-eabi-objcopy  -O binary  ed_v1.0.elf  "ed_v1.0.bin"
arm-none-eabi-size   ed_v1.0.elf 
   text	   data	    bss	    dec	    hex	filename
  25676	    120	   2160	  27956	   6d34	ed_v1.0.elf
Finished building: default.size.stdout
 
Finished building: ed_v1.0.bin
 
Finished building: ed_v1.0.list
 
03:55:24 **** Incremental Build of configuration Debug for project ed_v1.0 ****
make -j16 all 
arm-none-eabi-size   ed_v1.0.elf 
   text	   data	    bss	    dec	    hex	filename
  25676	    120	   2160	  27956	   6d34	ed_v1.0.elf
Finished building: default.size.stdout
 
03:56:04 **** Incremental Build of configuration Debug for project ed_v1.0 ****
make -j16 all 
arm-none-eabi-gcc "../Core/Src/main.c" -mcpu=cortex-m4 -std=gnu11 -g3 -DDEBUG -DUSE_HAL_DRIVER -DSTM32F401xC -c -I../Core/Inc -I../Drivers/STM32F4xx_HAL_Driver/Inc -I../Drivers/STM32F4xx_HAL_Driver/Inc/Legacy -I../Drivers/CMSIS/Device/ST/STM32F4xx/Include -I../Drivers/CMSIS/Include -O0 -ffunction-sections -fdata-sections -Wall -fstack-usage -MMD -MP -MF"Core/Src/main.d" -MT"Core/Src/main.o" --specs=nano.specs -mfpu=fpv4-sp-d16 -mfloat-abi=hard -mthumb -o "Core/Src/main.o"
arm-none-eabi-gcc -o "ed_v1.0.elf" @"objects.list"   -mcpu=cortex-m4 -T"C:\Users\baris\Desktop\EEE 497\STM\Ecodrops_V0.1\ed_v1.0\ed_v1.0\STM32F401CCUX_FLASH.ld" --specs=nosys.specs -Wl,-Map="ed_v1.0.map" -Wl,--gc-sections -static --specs=nano.specs -mfpu=fpv4-sp-d16 -mfloat-abi=hard -mthumb -Wl,--start-group -lc -lm -Wl,--end-group
Finished building target: ed_v1.0.elf
 
arm-none-eabi-objdump -h -S  ed_v1.0.elf  > "ed_v1.0.list"
arm-none-eabi-objcopy  -O binary  ed_v1.0.elf  "ed_v1.0.bin"
arm-none-eabi-size   ed_v1.0.elf 
   text	   data	    bss	    dec	    hex	filename
  25680	    120	   2160	  27960	   6d38	ed_v1.0.elf
Finished building: default.size.stdout
 
Finished building: ed_v1.0.bin
 
Finished building: ed_v1.0.list
 
03:57:11 **** Incremental Build of configuration Debug for project ed_v1.0 ****
make -j16 all 
arm-none-eabi-gcc "../Core/Src/main.c" -mcpu=cortex-m4 -std=gnu11 -g3 -DDEBUG -DUSE_HAL_DRIVER -DSTM32F401xC -c -I../Core/Inc -I../Drivers/STM32F4xx_HAL_Driver/Inc -I../Drivers/STM32F4xx_HAL_Driver/Inc/Legacy -I../Drivers/CMSIS/Device/ST/STM32F4xx/Include -I../Drivers/CMSIS/Include -O0 -ffunction-sections -fdata-sections -Wall -fstack-usage -MMD -MP -MF"Core/Src/main.d" -MT"Core/Src/main.o" --specs=nano.specs -mfpu=fpv4-sp-d16 -mfloat-abi=hard -mthumb -o "Core/Src/main.o"
../Core/Src/main.c:91:43: warning: excess elements in array initializer
   91 | int auto_modes[2][3][6] = {{{1,20,0,0,0,1,0,0,0}, {2,30,0,1,0,0,1,0,0}, {2,60,0,1,0,0,1,0,0}},
      |                                           ^
../Core/Src/main.c:91:43: note: (near initialization for 'auto_modes[0][0]')
../Core/Src/main.c:91:45: warning: excess elements in array initializer
   91 | int auto_modes[2][3][6] = {{{1,20,0,0,0,1,0,0,0}, {2,30,0,1,0,0,1,0,0}, {2,60,0,1,0,0,1,0,0}},
      |                                             ^
../Core/Src/main.c:91:45: note: (near initialization for 'auto_modes[0][0]')
../Core/Src/main.c:91:47: warning: excess elements in array initializer
   91 | int auto_modes[2][3][6] = {{{1,20,0,0,0,1,0,0,0}, {2,30,0,1,0,0,1,0,0}, {2,60,0,1,0,0,1,0,0}},
      |                                               ^
../Core/Src/main.c:91:47: note: (near initialization for 'auto_modes[0][0]')
../Core/Src/main.c:91:65: warning: excess elements in array initializer
   91 | int auto_modes[2][3][6] = {{{1,20,0,0,0,1,0,0,0}, {2,30,0,1,0,0,1,0,0}, {2,60,0,1,0,0,1,0,0}},
      |                                                                 ^
../Core/Src/main.c:91:65: note: (near initialization for 'auto_modes[0][1]')
../Core/Src/main.c:91:67: warning: excess elements in array initializer
   91 | int auto_modes[2][3][6] = {{{1,20,0,0,0,1,0,0,0}, {2,30,0,1,0,0,1,0,0}, {2,60,0,1,0,0,1,0,0}},
      |                                                                   ^
../Core/Src/main.c:91:67: note: (near initialization for 'auto_modes[0][1]')
../Core/Src/main.c:91:69: warning: excess elements in array initializer
   91 | int auto_modes[2][3][6] = {{{1,20,0,0,0,1,0,0,0}, {2,30,0,1,0,0,1,0,0}, {2,60,0,1,0,0,1,0,0}},
      |                                                                     ^
../Core/Src/main.c:91:69: note: (near initialization for 'auto_modes[0][1]')
../Core/Src/main.c:91:87: warning: excess elements in array initializer
   91 | int auto_modes[2][3][6] = {{{1,20,0,0,0,1,0,0,0}, {2,30,0,1,0,0,1,0,0}, {2,60,0,1,0,0,1,0,0}},
      |                                                                                       ^
../Core/Src/main.c:91:87: note: (near initialization for 'auto_modes[0][2]')
../Core/Src/main.c:91:89: warning: excess elements in array initializer
   91 | int auto_modes[2][3][6] = {{{1,20,0,0,0,1,0,0,0}, {2,30,0,1,0,0,1,0,0}, {2,60,0,1,0,0,1,0,0}},
      |                                                                                         ^
../Core/Src/main.c:91:89: note: (near initialization for 'auto_modes[0][2]')
../Core/Src/main.c:91:91: warning: excess elements in array initializer
   91 | int auto_modes[2][3][6] = {{{1,20,0,0,0,1,0,0,0}, {2,30,0,1,0,0,1,0,0}, {2,60,0,1,0,0,1,0,0}},
      |                                                                                           ^
../Core/Src/main.c:91:91: note: (near initialization for 'auto_modes[0][2]')
../Core/Src/main.c:92:23: warning: excess elements in array initializer
   92 |        {{1,30,0,0,0,1,0,0,0}, {3,60,0,1,0,1,0,1,0}, {3,120,0,1,0,1,0,1,0}}};
      |                       ^
../Core/Src/main.c:92:23: note: (near initialization for 'auto_modes[1][0]')
../Core/Src/main.c:92:25: warning: excess elements in array initializer
   92 |        {{1,30,0,0,0,1,0,0,0}, {3,60,0,1,0,1,0,1,0}, {3,120,0,1,0,1,0,1,0}}};
      |                         ^
../Core/Src/main.c:92:25: note: (near initialization for 'auto_modes[1][0]')
../Core/Src/main.c:92:27: warning: excess elements in array initializer
   92 |        {{1,30,0,0,0,1,0,0,0}, {3,60,0,1,0,1,0,1,0}, {3,120,0,1,0,1,0,1,0}}};
      |                           ^
../Core/Src/main.c:92:27: note: (near initialization for 'auto_modes[1][0]')
../Core/Src/main.c:92:45: warning: excess elements in array initializer
   92 |        {{1,30,0,0,0,1,0,0,0}, {3,60,0,1,0,1,0,1,0}, {3,120,0,1,0,1,0,1,0}}};
      |                                             ^
../Core/Src/main.c:92:45: note: (near initialization for 'auto_modes[1][1]')
../Core/Src/main.c:92:47: warning: excess elements in array initializer
   92 |        {{1,30,0,0,0,1,0,0,0}, {3,60,0,1,0,1,0,1,0}, {3,120,0,1,0,1,0,1,0}}};
      |                                               ^
../Core/Src/main.c:92:47: note: (near initialization for 'auto_modes[1][1]')
../Core/Src/main.c:92:49: warning: excess elements in array initializer
   92 |        {{1,30,0,0,0,1,0,0,0}, {3,60,0,1,0,1,0,1,0}, {3,120,0,1,0,1,0,1,0}}};
      |                                                 ^
../Core/Src/main.c:92:49: note: (near initialization for 'auto_modes[1][1]')
../Core/Src/main.c:92:68: warning: excess elements in array initializer
   92 |        {{1,30,0,0,0,1,0,0,0}, {3,60,0,1,0,1,0,1,0}, {3,120,0,1,0,1,0,1,0}}};
      |                                                                    ^
../Core/Src/main.c:92:68: note: (near initialization for 'auto_modes[1][2]')
../Core/Src/main.c:92:70: warning: excess elements in array initializer
   92 |        {{1,30,0,0,0,1,0,0,0}, {3,60,0,1,0,1,0,1,0}, {3,120,0,1,0,1,0,1,0}}};
      |                                                                      ^
../Core/Src/main.c:92:70: note: (near initialization for 'auto_modes[1][2]')
../Core/Src/main.c:92:72: warning: excess elements in array initializer
   92 |        {{1,30,0,0,0,1,0,0,0}, {3,60,0,1,0,1,0,1,0}, {3,120,0,1,0,1,0,1,0}}};
      |                                                                        ^
../Core/Src/main.c:92:72: note: (near initialization for 'auto_modes[1][2]')
arm-none-eabi-gcc -o "ed_v1.0.elf" @"objects.list"   -mcpu=cortex-m4 -T"C:\Users\baris\Desktop\EEE 497\STM\Ecodrops_V0.1\ed_v1.0\ed_v1.0\STM32F401CCUX_FLASH.ld" --specs=nosys.specs -Wl,-Map="ed_v1.0.map" -Wl,--gc-sections -static --specs=nano.specs -mfpu=fpv4-sp-d16 -mfloat-abi=hard -mthumb -Wl,--start-group -lc -lm -Wl,--end-group
Finished building target: ed_v1.0.elf
 
arm-none-eabi-objdump -h -S  ed_v1.0.elf  > "ed_v1.0.list"
arm-none-eabi-objcopy  -O binary  ed_v1.0.elf  "ed_v1.0.bin"
arm-none-eabi-size   ed_v1.0.elf 
   text	   data	    bss	    dec	    hex	filename
  22652	     20	   2092	  24764	   60bc	ed_v1.0.elf
Finished building: default.size.stdout
 
Finished building: ed_v1.0.bin
 
Finished building: ed_v1.0.list
 
03:59:21 **** Incremental Build of configuration Debug for project ed_v1.0 ****
make -j16 all 
arm-none-eabi-gcc "../Core/Src/main.c" -mcpu=cortex-m4 -std=gnu11 -g3 -DDEBUG -DUSE_HAL_DRIVER -DSTM32F401xC -c -I../Core/Inc -I../Drivers/STM32F4xx_HAL_Driver/Inc -I../Drivers/STM32F4xx_HAL_Driver/Inc/Legacy -I../Drivers/CMSIS/Device/ST/STM32F4xx/Include -I../Drivers/CMSIS/Include -O0 -ffunction-sections -fdata-sections -Wall -fstack-usage -MMD -MP -MF"Core/Src/main.d" -MT"Core/Src/main.o" --specs=nano.specs -mfpu=fpv4-sp-d16 -mfloat-abi=hard -mthumb -o "Core/Src/main.o"
arm-none-eabi-gcc -o "ed_v1.0.elf" @"objects.list"   -mcpu=cortex-m4 -T"C:\Users\baris\Desktop\EEE 497\STM\Ecodrops_V0.1\ed_v1.0\ed_v1.0\STM32F401CCUX_FLASH.ld" --specs=nosys.specs -Wl,-Map="ed_v1.0.map" -Wl,--gc-sections -static --specs=nano.specs -mfpu=fpv4-sp-d16 -mfloat-abi=hard -mthumb -Wl,--start-group -lc -lm -Wl,--end-group
Finished building target: ed_v1.0.elf
 
arm-none-eabi-objdump -h -S  ed_v1.0.elf  > "ed_v1.0.list"
arm-none-eabi-objcopy  -O binary  ed_v1.0.elf  "ed_v1.0.bin"
arm-none-eabi-size   ed_v1.0.elf 
   text	   data	    bss	    dec	    hex	filename
  25668	    120	   2160	  27948	   6d2c	ed_v1.0.elf
Finished building: default.size.stdout
 
Finished building: ed_v1.0.bin
Finished building: ed_v1.0.list
 
 
04:05:07 **** Incremental Build of configuration Debug for project ed_v1.0 ****
make -j16 all 
arm-none-eabi-gcc "../Core/Src/main.c" -mcpu=cortex-m4 -std=gnu11 -g3 -DDEBUG -DUSE_HAL_DRIVER -DSTM32F401xC -c -I../Core/Inc -I../Drivers/STM32F4xx_HAL_Driver/Inc -I../Drivers/STM32F4xx_HAL_Driver/Inc/Legacy -I../Drivers/CMSIS/Device/ST/STM32F4xx/Include -I../Drivers/CMSIS/Include -O0 -ffunction-sections -fdata-sections -Wall -fstack-usage -MMD -MP -MF"Core/Src/main.d" -MT"Core/Src/main.o" --specs=nano.specs -mfpu=fpv4-sp-d16 -mfloat-abi=hard -mthumb -o "Core/Src/main.o"
arm-none-eabi-gcc -o "ed_v1.0.elf" @"objects.list"   -mcpu=cortex-m4 -T"C:\Users\baris\Desktop\EEE 497\STM\Ecodrops_V0.1\ed_v1.0\ed_v1.0\STM32F401CCUX_FLASH.ld" --specs=nosys.specs -Wl,-Map="ed_v1.0.map" -Wl,--gc-sections -static --specs=nano.specs -mfpu=fpv4-sp-d16 -mfloat-abi=hard -mthumb -Wl,--start-group -lc -lm -Wl,--end-group
Finished building target: ed_v1.0.elf
 
arm-none-eabi-objdump -h -S  ed_v1.0.elf  > "ed_v1.0.list"
arm-none-eabi-objcopy  -O binary  ed_v1.0.elf  "ed_v1.0.bin"
arm-none-eabi-size   ed_v1.0.elf 
   text	   data	    bss	    dec	    hex	filename
  22668	     20	   2108	  24796	   60dc	ed_v1.0.elf
Finished building: default.size.stdout
 
Finished building: ed_v1.0.bin
 
Finished building: ed_v1.0.list
 
04:05:30 **** Incremental Build of configuration Debug for project ed_v1.0 ****
make -j16 all 
arm-none-eabi-gcc "../Core/Src/main.c" -mcpu=cortex-m4 -std=gnu11 -g3 -DDEBUG -DUSE_HAL_DRIVER -DSTM32F401xC -c -I../Core/Inc -I../Drivers/STM32F4xx_HAL_Driver/Inc -I../Drivers/STM32F4xx_HAL_Driver/Inc/Legacy -I../Drivers/CMSIS/Device/ST/STM32F4xx/Include -I../Drivers/CMSIS/Include -O0 -ffunction-sections -fdata-sections -Wall -fstack-usage -MMD -MP -MF"Core/Src/main.d" -MT"Core/Src/main.o" --specs=nano.specs -mfpu=fpv4-sp-d16 -mfloat-abi=hard -mthumb -o "Core/Src/main.o"
arm-none-eabi-gcc -o "ed_v1.0.elf" @"objects.list"   -mcpu=cortex-m4 -T"C:\Users\baris\Desktop\EEE 497\STM\Ecodrops_V0.1\ed_v1.0\ed_v1.0\STM32F401CCUX_FLASH.ld" --specs=nosys.specs -Wl,-Map="ed_v1.0.map" -Wl,--gc-sections -static --specs=nano.specs -mfpu=fpv4-sp-d16 -mfloat-abi=hard -mthumb -Wl,--start-group -lc -lm -Wl,--end-group
Finished building target: ed_v1.0.elf
 
arm-none-eabi-objdump -h -S  ed_v1.0.elf  > "ed_v1.0.list"
arm-none-eabi-objcopy  -O binary  ed_v1.0.elf  "ed_v1.0.bin"
arm-none-eabi-size   ed_v1.0.elf 
   text	   data	    bss	    dec	    hex	filename
  22680	     20	   2076	  24776	   60c8	ed_v1.0.elf
Finished building: default.size.stdout
 
Finished building: ed_v1.0.bin
 
Finished building: ed_v1.0.list
 
04:06:01 **** Incremental Build of configuration Debug for project ed_v1.0 ****
make -j16 all 
arm-none-eabi-gcc "../Core/Src/main.c" -mcpu=cortex-m4 -std=gnu11 -g3 -DDEBUG -DUSE_HAL_DRIVER -DSTM32F401xC -c -I../Core/Inc -I../Drivers/STM32F4xx_HAL_Driver/Inc -I../Drivers/STM32F4xx_HAL_Driver/Inc/Legacy -I../Drivers/CMSIS/Device/ST/STM32F4xx/Include -I../Drivers/CMSIS/Include -O0 -ffunction-sections -fdata-sections -Wall -fstack-usage -MMD -MP -MF"Core/Src/main.d" -MT"Core/Src/main.o" --specs=nano.specs -mfpu=fpv4-sp-d16 -mfloat-abi=hard -mthumb -o "Core/Src/main.o"
arm-none-eabi-gcc -o "ed_v1.0.elf" @"objects.list"   -mcpu=cortex-m4 -T"C:\Users\baris\Desktop\EEE 497\STM\Ecodrops_V0.1\ed_v1.0\ed_v1.0\STM32F401CCUX_FLASH.ld" --specs=nosys.specs -Wl,-Map="ed_v1.0.map" -Wl,--gc-sections -static --specs=nano.specs -mfpu=fpv4-sp-d16 -mfloat-abi=hard -mthumb -Wl,--start-group -lc -lm -Wl,--end-group
Finished building target: ed_v1.0.elf
 
arm-none-eabi-objdump -h -S  ed_v1.0.elf  > "ed_v1.0.list"
arm-none-eabi-objcopy  -O binary  ed_v1.0.elf  "ed_v1.0.bin"
arm-none-eabi-size   ed_v1.0.elf 
   text	   data	    bss	    dec	    hex	filename
  22668	     20	   2108	  24796	   60dc	ed_v1.0.elf
Finished building: default.size.stdout
 
Finished building: ed_v1.0.bin
Finished building: ed_v1.0.list
 
 
04:09:50 **** Incremental Build of configuration Debug for project ed_v1.0 ****
make -j16 all 
arm-none-eabi-gcc "../Core/Src/main.c" -mcpu=cortex-m4 -std=gnu11 -g3 -DDEBUG -DUSE_HAL_DRIVER -DSTM32F401xC -c -I../Core/Inc -I../Drivers/STM32F4xx_HAL_Driver/Inc -I../Drivers/STM32F4xx_HAL_Driver/Inc/Legacy -I../Drivers/CMSIS/Device/ST/STM32F4xx/Include -I../Drivers/CMSIS/Include -O0 -ffunction-sections -fdata-sections -Wall -fstack-usage -MMD -MP -MF"Core/Src/main.d" -MT"Core/Src/main.o" --specs=nano.specs -mfpu=fpv4-sp-d16 -mfloat-abi=hard -mthumb -o "Core/Src/main.o"
arm-none-eabi-gcc -o "ed_v1.0.elf" @"objects.list"   -mcpu=cortex-m4 -T"C:\Users\baris\Desktop\EEE 497\STM\Ecodrops_V0.1\ed_v1.0\ed_v1.0\STM32F401CCUX_FLASH.ld" --specs=nosys.specs -Wl,-Map="ed_v1.0.map" -Wl,--gc-sections -static --specs=nano.specs -mfpu=fpv4-sp-d16 -mfloat-abi=hard -mthumb -Wl,--start-group -lc -lm -Wl,--end-group
Finished building target: ed_v1.0.elf
 
arm-none-eabi-objdump -h -S  ed_v1.0.elf  > "ed_v1.0.list"
arm-none-eabi-objcopy  -O binary  ed_v1.0.elf  "ed_v1.0.bin"
arm-none-eabi-size   ed_v1.0.elf 
   text	   data	    bss	    dec	    hex	filename
  22668	     20	   2108	  24796	   60dc	ed_v1.0.elf
Finished building: default.size.stdout
 
Finished building: ed_v1.0.bin
Finished building: ed_v1.0.list
 
 
04:10:29 **** Incremental Build of configuration Debug for project ed_v1.0 ****
make -j16 all 
arm-none-eabi-gcc "../Core/Src/main.c" -mcpu=cortex-m4 -std=gnu11 -g3 -DDEBUG -DUSE_HAL_DRIVER -DSTM32F401xC -c -I../Core/Inc -I../Drivers/STM32F4xx_HAL_Driver/Inc -I../Drivers/STM32F4xx_HAL_Driver/Inc/Legacy -I../Drivers/CMSIS/Device/ST/STM32F4xx/Include -I../Drivers/CMSIS/Include -O0 -ffunction-sections -fdata-sections -Wall -fstack-usage -MMD -MP -MF"Core/Src/main.d" -MT"Core/Src/main.o" --specs=nano.specs -mfpu=fpv4-sp-d16 -mfloat-abi=hard -mthumb -o "Core/Src/main.o"
arm-none-eabi-gcc -o "ed_v1.0.elf" @"objects.list"   -mcpu=cortex-m4 -T"C:\Users\baris\Desktop\EEE 497\STM\Ecodrops_V0.1\ed_v1.0\ed_v1.0\STM32F401CCUX_FLASH.ld" --specs=nosys.specs -Wl,-Map="ed_v1.0.map" -Wl,--gc-sections -static --specs=nano.specs -mfpu=fpv4-sp-d16 -mfloat-abi=hard -mthumb -Wl,--start-group -lc -lm -Wl,--end-group
Finished building target: ed_v1.0.elf
 
arm-none-eabi-objdump -h -S  ed_v1.0.elf  > "ed_v1.0.list"
arm-none-eabi-objcopy  -O binary  ed_v1.0.elf  "ed_v1.0.bin"
arm-none-eabi-size   ed_v1.0.elf 
   text	   data	    bss	    dec	    hex	filename
  22464	     20	   2108	  24592	   6010	ed_v1.0.elf
Finished building: default.size.stdout
 
Finished building: ed_v1.0.bin
Finished building: ed_v1.0.list
 
 
04:13:16 **** Incremental Build of configuration Debug for project ed_v1.0 ****
make -j16 all 
arm-none-eabi-gcc "../Core/Src/main.c" -mcpu=cortex-m4 -std=gnu11 -g3 -DDEBUG -DUSE_HAL_DRIVER -DSTM32F401xC -c -I../Core/Inc -I../Drivers/STM32F4xx_HAL_Driver/Inc -I../Drivers/STM32F4xx_HAL_Driver/Inc/Legacy -I../Drivers/CMSIS/Device/ST/STM32F4xx/Include -I../Drivers/CMSIS/Include -O0 -ffunction-sections -fdata-sections -Wall -fstack-usage -MMD -MP -MF"Core/Src/main.d" -MT"Core/Src/main.o" --specs=nano.specs -mfpu=fpv4-sp-d16 -mfloat-abi=hard -mthumb -o "Core/Src/main.o"
arm-none-eabi-gcc -o "ed_v1.0.elf" @"objects.list"   -mcpu=cortex-m4 -T"C:\Users\baris\Desktop\EEE 497\STM\Ecodrops_V0.1\ed_v1.0\ed_v1.0\STM32F401CCUX_FLASH.ld" --specs=nosys.specs -Wl,-Map="ed_v1.0.map" -Wl,--gc-sections -static --specs=nano.specs -mfpu=fpv4-sp-d16 -mfloat-abi=hard -mthumb -Wl,--start-group -lc -lm -Wl,--end-group
Finished building target: ed_v1.0.elf
 
arm-none-eabi-objdump -h -S  ed_v1.0.elf  > "ed_v1.0.list"
arm-none-eabi-objcopy  -O binary  ed_v1.0.elf  "ed_v1.0.bin"
arm-none-eabi-size   ed_v1.0.elf 
   text	   data	    bss	    dec	    hex	filename
  22500	     20	   2108	  24628	   6034	ed_v1.0.elf
Finished building: default.size.stdout
 
Finished building: ed_v1.0.bin
 
Finished building: ed_v1.0.list
 
04:14:35 **** Incremental Build of configuration Debug for project ed_v1.0 ****
make -j16 all 
arm-none-eabi-gcc "../Core/Src/main.c" -mcpu=cortex-m4 -std=gnu11 -g3 -DDEBUG -DUSE_HAL_DRIVER -DSTM32F401xC -c -I../Core/Inc -I../Drivers/STM32F4xx_HAL_Driver/Inc -I../Drivers/STM32F4xx_HAL_Driver/Inc/Legacy -I../Drivers/CMSIS/Device/ST/STM32F4xx/Include -I../Drivers/CMSIS/Include -O0 -ffunction-sections -fdata-sections -Wall -fstack-usage -MMD -MP -MF"Core/Src/main.d" -MT"Core/Src/main.o" --specs=nano.specs -mfpu=fpv4-sp-d16 -mfloat-abi=hard -mthumb -o "Core/Src/main.o"
arm-none-eabi-gcc -o "ed_v1.0.elf" @"objects.list"   -mcpu=cortex-m4 -T"C:\Users\baris\Desktop\EEE 497\STM\Ecodrops_V0.1\ed_v1.0\ed_v1.0\STM32F401CCUX_FLASH.ld" --specs=nosys.specs -Wl,-Map="ed_v1.0.map" -Wl,--gc-sections -static --specs=nano.specs -mfpu=fpv4-sp-d16 -mfloat-abi=hard -mthumb -Wl,--start-group -lc -lm -Wl,--end-group
Finished building target: ed_v1.0.elf
 
arm-none-eabi-objdump -h -S  ed_v1.0.elf  > "ed_v1.0.list"
arm-none-eabi-objcopy  -O binary  ed_v1.0.elf  "ed_v1.0.bin"
arm-none-eabi-size   ed_v1.0.elf 
   text	   data	    bss	    dec	    hex	filename
  21824	     20	   2100	  23944	   5d88	ed_v1.0.elf
Finished building: default.size.stdout
 
Finished building: ed_v1.0.bin
 
Finished building: ed_v1.0.list
 
04:16:09 **** Incremental Build of configuration Debug for project ed_v1.0 ****
make -j16 all 
arm-none-eabi-gcc "../Core/Src/main.c" -mcpu=cortex-m4 -std=gnu11 -g3 -DDEBUG -DUSE_HAL_DRIVER -DSTM32F401xC -c -I../Core/Inc -I../Drivers/STM32F4xx_HAL_Driver/Inc -I../Drivers/STM32F4xx_HAL_Driver/Inc/Legacy -I../Drivers/CMSIS/Device/ST/STM32F4xx/Include -I../Drivers/CMSIS/Include -O0 -ffunction-sections -fdata-sections -Wall -fstack-usage -MMD -MP -MF"Core/Src/main.d" -MT"Core/Src/main.o" --specs=nano.specs -mfpu=fpv4-sp-d16 -mfloat-abi=hard -mthumb -o "Core/Src/main.o"
arm-none-eabi-gcc -o "ed_v1.0.elf" @"objects.list"   -mcpu=cortex-m4 -T"C:\Users\baris\Desktop\EEE 497\STM\Ecodrops_V0.1\ed_v1.0\ed_v1.0\STM32F401CCUX_FLASH.ld" --specs=nosys.specs -Wl,-Map="ed_v1.0.map" -Wl,--gc-sections -static --specs=nano.specs -mfpu=fpv4-sp-d16 -mfloat-abi=hard -mthumb -Wl,--start-group -lc -lm -Wl,--end-group
Finished building target: ed_v1.0.elf
 
arm-none-eabi-objdump -h -S  ed_v1.0.elf  > "ed_v1.0.list"
arm-none-eabi-objcopy  -O binary  ed_v1.0.elf  "ed_v1.0.bin"
arm-none-eabi-size   ed_v1.0.elf 
   text	   data	    bss	    dec	    hex	filename
  21908	     20	   2100	  24028	   5ddc	ed_v1.0.elf
Finished building: default.size.stdout
 
Finished building: ed_v1.0.bin
Finished building: ed_v1.0.list
 
 
04:20:57 **** Incremental Build of configuration Debug for project ed_v1.0 ****
make -j16 all 
arm-none-eabi-gcc "../Drivers/STM32F4xx_HAL_Driver/Src/stm32f4xx_hal.c" -mcpu=cortex-m4 -std=gnu11 -g3 -DDEBUG -DUSE_HAL_DRIVER -DSTM32F401xC -c -I../Core/Inc -I../Drivers/STM32F4xx_HAL_Driver/Inc -I../Drivers/STM32F4xx_HAL_Driver/Inc/Legacy -I../Drivers/CMSIS/Device/ST/STM32F4xx/Include -I../Drivers/CMSIS/Include -O0 -ffunction-sections -fdata-sections -Wall -fstack-usage -MMD -MP -MF"Drivers/STM32F4xx_HAL_Driver/Src/stm32f4xx_hal.d" -MT"Drivers/STM32F4xx_HAL_Driver/Src/stm32f4xx_hal.o" --specs=nano.specs -mfpu=fpv4-sp-d16 -mfloat-abi=hard -mthumb -o "Drivers/STM32F4xx_HAL_Driver/Src/stm32f4xx_hal.o"
arm-none-eabi-gcc "../Drivers/STM32F4xx_HAL_Driver/Src/stm32f4xx_hal_adc.c" -mcpu=cortex-m4 -std=gnu11 -g3 -DDEBUG -DUSE_HAL_DRIVER -DSTM32F401xC -c -I../Core/Inc -I../Drivers/STM32F4xx_HAL_Driver/Inc -I../Drivers/STM32F4xx_HAL_Driver/Inc/Legacy -I../Drivers/CMSIS/Device/ST/STM32F4xx/Include -I../Drivers/CMSIS/Include -O0 -ffunction-sections -fdata-sections -Wall -fstack-usage -MMD -MP -MF"Drivers/STM32F4xx_HAL_Driver/Src/stm32f4xx_hal_adc.d" -MT"Drivers/STM32F4xx_HAL_Driver/Src/stm32f4xx_hal_adc.o" --specs=nano.specs -mfpu=fpv4-sp-d16 -mfloat-abi=hard -mthumb -o "Drivers/STM32F4xx_HAL_Driver/Src/stm32f4xx_hal_adc.o"
arm-none-eabi-gcc "../Drivers/STM32F4xx_HAL_Driver/Src/stm32f4xx_hal_adc_ex.c" -mcpu=cortex-m4 -std=gnu11 -g3 -DDEBUG -DUSE_HAL_DRIVER -DSTM32F401xC -c -I../Core/Inc -I../Drivers/STM32F4xx_HAL_Driver/Inc -I../Drivers/STM32F4xx_HAL_Driver/Inc/Legacy -I../Drivers/CMSIS/Device/ST/STM32F4xx/Include -I../Drivers/CMSIS/Include -O0 -ffunction-sections -fdata-sections -Wall -fstack-usage -MMD -MP -MF"Drivers/STM32F4xx_HAL_Driver/Src/stm32f4xx_hal_adc_ex.d" -MT"Drivers/STM32F4xx_HAL_Driver/Src/stm32f4xx_hal_adc_ex.o" --specs=nano.specs -mfpu=fpv4-sp-d16 -mfloat-abi=hard -mthumb -o "Drivers/STM32F4xx_HAL_Driver/Src/stm32f4xx_hal_adc_ex.o"
[...]
arm-none-eabi-gcc -o "ed_v1.0.elf" @"objects.list"   -mcpu=cortex-m4 -T"C:\Users\baris\Desktop\EEE 497\STM\Ecodrops_V0.1\ed_v1.0\ed_v1.0\STM32F401CCUX_FLASH.ld" --specs=nosys.specs -Wl,-Map="ed_v1.0.map" -Wl,--gc-sections -static --specs=nano.specs -mfpu=fpv4-sp-d16 -mfloat-abi=hard -mthumb -Wl,--start-group -lc -lm -Wl,--end-group
Finished building target: ed_v1.0.elf
 
arm-none-eabi-objdump -h -S  ed_v1.0.elf  > "ed_v1.0.list"
arm-none-eabi-objcopy  -O binary  ed_v1.0.elf  "ed_v1.0.bin"
arm-none-eabi-size   ed_v1.0.elf 
   text	   data	    bss	    dec	    hex	filename
  22792	     20	   2092	  24904	   6148	ed_v1.0.elf
Finished building: default.size.stdout
 
Finished building: ed_v1.0.bin
 
Finished building: ed_v1.0.list
 
04:40:46 **** Incremental Build of configuration Debug for project ed_v1.0 ****
make -j16 all 
arm-none-eabi-gcc "../Core/Src/main.c" -mcpu=cortex-m4 -std=gnu11 -g3 -DDEBUG -DUSE_HAL_DRIVER -DSTM32F401xC -c -I../Core/Inc -I../Drivers/STM32F4xx_HAL_Driver/Inc -I../Drivers/STM32F4xx_HAL_Driver/Inc/Legacy -I../Drivers/CMSIS/Device/ST/STM32F4xx/Include -I../Drivers/CMSIS/Include -O0 -ffunction-sections -fdata-sections -Wall -fstack-usage -MMD -MP -MF"Core/Src/main.d" -MT"Core/Src/main.o" --specs=nano.specs -mfpu=fpv4-sp-d16 -mfloat-abi=hard -mthumb -o "Core/Src/main.o"
arm-none-eabi-gcc -o "ed_v1.0.elf" @"objects.list"   -mcpu=cortex-m4 -T"C:\Users\baris\Desktop\EEE 497\STM\Ecodrops_V0.1\ed_v1.0\ed_v1.0\STM32F401CCUX_FLASH.ld" --specs=nosys.specs -Wl,-Map="ed_v1.0.map" -Wl,--gc-sections -static --specs=nano.specs -mfpu=fpv4-sp-d16 -mfloat-abi=hard -mthumb -Wl,--start-group -lc -lm -Wl,--end-group
Finished building target: ed_v1.0.elf
 
arm-none-eabi-objdump -h -S  ed_v1.0.elf  > "ed_v1.0.list"
arm-none-eabi-objcopy  -O binary  ed_v1.0.elf  "ed_v1.0.bin"
arm-none-eabi-size   ed_v1.0.elf 
   text	   data	    bss	    dec	    hex	filename
  22788	     20	   2092	  24900	   6144	ed_v1.0.elf
Finished building: default.size.stdout
 
Finished building: ed_v1.0.bin
 
Finished building: ed_v1.0.list
 
04:42:34 **** Incremental Build of configuration Debug for project ed_v1.0 ****
make -j16 all 
arm-none-eabi-gcc "../Core/Src/main.c" -mcpu=cortex-m4 -std=gnu11 -g3 -DDEBUG -DUSE_HAL_DRIVER -DSTM32F401xC -c -I../Core/Inc -I../Drivers/STM32F4xx_HAL_Driver/Inc -I../Drivers/STM32F4xx_HAL_Driver/Inc/Legacy -I../Drivers/CMSIS/Device/ST/STM32F4xx/Include -I../Drivers/CMSIS/Include -O0 -ffunction-sections -fdata-sections -Wall -fstack-usage -MMD -MP -MF"Core/Src/main.d" -MT"Core/Src/main.o" --specs=nano.specs -mfpu=fpv4-sp-d16 -mfloat-abi=hard -mthumb -o "Core/Src/main.o"
arm-none-eabi-gcc -o "ed_v1.0.elf" @"objects.list"   -mcpu=cortex-m4 -T"C:\Users\baris\Desktop\EEE 497\STM\Ecodrops_V0.1\ed_v1.0\ed_v1.0\STM32F401CCUX_FLASH.ld" --specs=nosys.specs -Wl,-Map="ed_v1.0.map" -Wl,--gc-sections -static --specs=nano.specs -mfpu=fpv4-sp-d16 -mfloat-abi=hard -mthumb -Wl,--start-group -lc -lm -Wl,--end-group
Finished building target: ed_v1.0.elf
 
arm-none-eabi-objdump -h -S  ed_v1.0.elf  > "ed_v1.0.list"
arm-none-eabi-objcopy  -O binary  ed_v1.0.elf  "ed_v1.0.bin"
arm-none-eabi-size   ed_v1.0.elf 
   text	   data	    bss	    dec	    hex	filename
  22564	     20	   2108	  24692	   6074	ed_v1.0.elf
Finished building: default.size.stdout
 
Finished building: ed_v1.0.bin
 
Finished building: ed_v1.0.list
 
13:32:34 **** Incremental Build of configuration Debug for project ed_v1.0 ****
make -j16 all 
arm-none-eabi-gcc "../Core/Src/main.c" -mcpu=cortex-m4 -std=gnu11 -g3 -DDEBUG -DUSE_HAL_DRIVER -DSTM32F401xC -c -I../Core/Inc -I../Drivers/STM32F4xx_HAL_Driver/Inc -I../Drivers/STM32F4xx_HAL_Driver/Inc/Legacy -I../Drivers/CMSIS/Device/ST/STM32F4xx/Include -I../Drivers/CMSIS/Include -O0 -ffunction-sections -fdata-sections -Wall -fstack-usage -MMD -MP -MF"Core/Src/main.d" -MT"Core/Src/main.o" --specs=nano.specs -mfpu=fpv4-sp-d16 -mfloat-abi=hard -mthumb -o "Core/Src/main.o"
../Core/Src/main.c: In function 'mode_auto':
../Core/Src/main.c:849:5: error: 'gun' undeclared (first use in this function)
  849 |  if(gun atlandi mi){
      |     ^~~
../Core/Src/main.c:849:5: note: each undeclared identifier is reported only once for each function it appears in
../Core/Src/main.c:849:8: error: expected ')' before 'atlandi'
  849 |  if(gun atlandi mi){
      |    ~   ^~~~~~~~
      |        )
../Core/Src/main.c:850:6: error: 'saat' undeclared (first use in this function)
  850 |   if(saat geldi mi){
      |      ^~~~
../Core/Src/main.c:850:10: error: expected ')' before 'geldi'
  850 |   if(saat geldi mi){
      |     ~    ^~~~~~
      |          )
../Core/Src/main.c:859:24: error: expected expression before ']' token
  859 |       auto_modes[x][2][]
      |                        ^
../Core/Src/main.c:862:24: error: expected expression before ']' token
  862 |       auto_modes[x][1][]
      |                        ^
../Core/Src/main.c:865:24: error: expected expression before ']' token
  865 |       auto_modes[x][0][]
      |                        ^
make: *** [Core/Src/subdir.mk:44: Core/Src/main.o] Error 1
"make -j16 all" terminated with exit code 2. Build might be incomplete.
13:32:46 **** Incremental Build of configuration Debug for project ed_v1.0 ****
make -j16 all 
arm-none-eabi-gcc "../Core/Src/main.c" -mcpu=cortex-m4 -std=gnu11 -g3 -DDEBUG -DUSE_HAL_DRIVER -DSTM32F401xC -c -I../Core/Inc -I../Drivers/STM32F4xx_HAL_Driver/Inc -I../Drivers/STM32F4xx_HAL_Driver/Inc/Legacy -I../Drivers/CMSIS/Device/ST/STM32F4xx/Include -I../Drivers/CMSIS/Include -O0 -ffunction-sections -fdata-sections -Wall -fstack-usage -MMD -MP -MF"Core/Src/main.d" -MT"Core/Src/main.o" --specs=nano.specs -mfpu=fpv4-sp-d16 -mfloat-abi=hard -mthumb -o "Core/Src/main.o"
arm-none-eabi-gcc -o "ed_v1.0.elf" @"objects.list"   -mcpu=cortex-m4 -T"C:\Users\baris\Desktop\EEE 497\STM\Ecodrops_V0.1\ed_v1.0\ed_v1.0\STM32F401CCUX_FLASH.ld" --specs=nosys.specs -Wl,-Map="ed_v1.0.map" -Wl,--gc-sections -static --specs=nano.specs -mfpu=fpv4-sp-d16 -mfloat-abi=hard -mthumb -Wl,--start-group -lc -lm -Wl,--end-group
Finished building target: ed_v1.0.elf
 
arm-none-eabi-objdump -h -S  ed_v1.0.elf  > "ed_v1.0.list"
arm-none-eabi-objcopy  -O binary  ed_v1.0.elf  "ed_v1.0.bin"
arm-none-eabi-size   ed_v1.0.elf 
   text	   data	    bss	    dec	    hex	filename
  22608	     20	   2116	  24744	   60a8	ed_v1.0.elf
Finished building: default.size.stdout
 
Finished building: ed_v1.0.bin
 
Finished building: ed_v1.0.list
 
13:33:24 **** Incremental Build of configuration Debug for project ed_v1.0 ****
make -j16 all 
arm-none-eabi-gcc "../Core/Src/main.c" -mcpu=cortex-m4 -std=gnu11 -g3 -DDEBUG -DUSE_HAL_DRIVER -DSTM32F401xC -c -I../Core/Inc -I../Drivers/STM32F4xx_HAL_Driver/Inc -I../Drivers/STM32F4xx_HAL_Driver/Inc/Legacy -I../Drivers/CMSIS/Device/ST/STM32F4xx/Include -I../Drivers/CMSIS/Include -O0 -ffunction-sections -fdata-sections -Wall -fstack-usage -MMD -MP -MF"Core/Src/main.d" -MT"Core/Src/main.o" --specs=nano.specs -mfpu=fpv4-sp-d16 -mfloat-abi=hard -mthumb -o "Core/Src/main.o"
arm-none-eabi-gcc -o "ed_v1.0.elf" @"objects.list"   -mcpu=cortex-m4 -T"C:\Users\baris\Desktop\EEE 497\STM\Ecodrops_V0.1\ed_v1.0\ed_v1.0\STM32F401CCUX_FLASH.ld" --specs=nosys.specs -Wl,-Map="ed_v1.0.map" -Wl,--gc-sections -static --specs=nano.specs -mfpu=fpv4-sp-d16 -mfloat-abi=hard -mthumb -Wl,--start-group -lc -lm -Wl,--end-group
Finished building target: ed_v1.0.elf
 
arm-none-eabi-objdump -h -S  ed_v1.0.elf  > "ed_v1.0.list"
arm-none-eabi-objcopy  -O binary  ed_v1.0.elf  "ed_v1.0.bin"
arm-none-eabi-size   ed_v1.0.elf 
   text	   data	    bss	    dec	    hex	filename
  25612	    120	   2168	  27900	   6cfc	ed_v1.0.elf
Finished building: default.size.stdout
 
Finished building: ed_v1.0.bin
 
Finished building: ed_v1.0.list
 
14:17:05 **** Incremental Build of configuration Debug for project ed_v1.0 ****
make -j16 all 
arm-none-eabi-gcc "../Core/Src/main.c" -mcpu=cortex-m4 -std=gnu11 -g3 -DDEBUG -DUSE_HAL_DRIVER -DSTM32F401xC -c -I../Core/Inc -I../Drivers/STM32F4xx_HAL_Driver/Inc -I../Drivers/STM32F4xx_HAL_Driver/Inc/Legacy -I../Drivers/CMSIS/Device/ST/STM32F4xx/Include -I../Drivers/CMSIS/Include -O0 -ffunction-sections -fdata-sections -Wall -fstack-usage -MMD -MP -MF"Core/Src/main.d" -MT"Core/Src/main.o" --specs=nano.specs -mfpu=fpv4-sp-d16 -mfloat-abi=hard -mthumb -o "Core/Src/main.o"
arm-none-eabi-gcc -o "ed_v1.0.elf" @"objects.list"   -mcpu=cortex-m4 -T"C:\Users\baris\Desktop\EEE 497\STM\Ecodrops_V0.1\ed_v1.0\ed_v1.0\STM32F401CCUX_FLASH.ld" --specs=nosys.specs -Wl,-Map="ed_v1.0.map" -Wl,--gc-sections -static --specs=nano.specs -mfpu=fpv4-sp-d16 -mfloat-abi=hard -mthumb -Wl,--start-group -lc -lm -Wl,--end-group
Finished building target: ed_v1.0.elf
 
arm-none-eabi-objdump -h -S  ed_v1.0.elf  > "ed_v1.0.list"
arm-none-eabi-objcopy  -O binary  ed_v1.0.elf  "ed_v1.0.bin"
arm-none-eabi-size   ed_v1.0.elf 
   text	   data	    bss	    dec	    hex	filename
  25612	    120	   2168	  27900	   6cfc	ed_v1.0.elf
Finished building: default.size.stdout
 
Finished building: ed_v1.0.bin
 
Finished building: ed_v1.0.list
 
14:20:46 **** Incremental Build of configuration Debug for project ed_v1.0 ****
make -j16 all 
arm-none-eabi-gcc "../Core/Src/main.c" -mcpu=cortex-m4 -std=gnu11 -g3 -DDEBUG -DUSE_HAL_DRIVER -DSTM32F401xC -c -I../Core/Inc -I../Drivers/STM32F4xx_HAL_Driver/Inc -I../Drivers/STM32F4xx_HAL_Driver/Inc/Legacy -I../Drivers/CMSIS/Device/ST/STM32F4xx/Include -I../Drivers/CMSIS/Include -O0 -ffunction-sections -fdata-sections -Wall -fstack-usage -MMD -MP -MF"Core/Src/main.d" -MT"Core/Src/main.o" --specs=nano.specs -mfpu=fpv4-sp-d16 -mfloat-abi=hard -mthumb -o "Core/Src/main.o"
arm-none-eabi-gcc -o "ed_v1.0.elf" @"objects.list"   -mcpu=cortex-m4 -T"C:\Users\baris\Desktop\EEE 497\STM\Ecodrops_V0.1\ed_v1.0\ed_v1.0\STM32F401CCUX_FLASH.ld" --specs=nosys.specs -Wl,-Map="ed_v1.0.map" -Wl,--gc-sections -static --specs=nano.specs -mfpu=fpv4-sp-d16 -mfloat-abi=hard -mthumb -Wl,--start-group -lc -lm -Wl,--end-group
Finished building target: ed_v1.0.elf
 
arm-none-eabi-objdump -h -S  ed_v1.0.elf  > "ed_v1.0.list"
arm-none-eabi-objcopy  -O binary  ed_v1.0.elf  "ed_v1.0.bin"
arm-none-eabi-size   ed_v1.0.elf 
   text	   data	    bss	    dec	    hex	filename
  25612	    120	   2168	  27900	   6cfc	ed_v1.0.elf
Finished building: default.size.stdout
 
Finished building: ed_v1.0.bin
 
Finished building: ed_v1.0.list
 
14:42:28 **** Incremental Build of configuration Debug for project ed_v1.0 ****
make -j16 all 
arm-none-eabi-gcc "../Core/Src/main.c" -mcpu=cortex-m4 -std=gnu11 -g3 -DDEBUG -DUSE_HAL_DRIVER -DSTM32F401xC -c -I../Core/Inc -I../Drivers/STM32F4xx_HAL_Driver/Inc -I../Drivers/STM32F4xx_HAL_Driver/Inc/Legacy -I../Drivers/CMSIS/Device/ST/STM32F4xx/Include -I../Drivers/CMSIS/Include -O0 -ffunction-sections -fdata-sections -Wall -fstack-usage -MMD -MP -MF"Core/Src/main.d" -MT"Core/Src/main.o" --specs=nano.specs -mfpu=fpv4-sp-d16 -mfloat-abi=hard -mthumb -o "Core/Src/main.o"
../Core/Src/main.c: In function 'mode_auto':
../Core/Src/main.c:873:13: error: expected '(' before '{' token
  873 |     }else if{
      |             ^
      |             (
../Core/Src/main.c:874:6: warning: statement with no effect [-Wunused-value]
  874 |      auto_avg_temp > auto_limits[0]
      |      ^~~~~~~~~~~~~
make: *** [Core/Src/subdir.mk:44: Core/Src/main.o] Error 1
"make -j16 all" terminated with exit code 2. Build might be incomplete.
14:42:40 **** Incremental Build of configuration Debug for project ed_v1.0 ****
make -j16 all 
arm-none-eabi-gcc "../Core/Src/main.c" -mcpu=cortex-m4 -std=gnu11 -g3 -DDEBUG -DUSE_HAL_DRIVER -DSTM32F401xC -c -I../Core/Inc -I../Drivers/STM32F4xx_HAL_Driver/Inc -I../Drivers/STM32F4xx_HAL_Driver/Inc/Legacy -I../Drivers/CMSIS/Device/ST/STM32F4xx/Include -I../Drivers/CMSIS/Include -O0 -ffunction-sections -fdata-sections -Wall -fstack-usage -MMD -MP -MF"Core/Src/main.d" -MT"Core/Src/main.o" --specs=nano.specs -mfpu=fpv4-sp-d16 -mfloat-abi=hard -mthumb -o "Core/Src/main.o"
arm-none-eabi-gcc -o "ed_v1.0.elf" @"objects.list"   -mcpu=cortex-m4 -T"C:\Users\baris\Desktop\EEE 497\STM\Ecodrops_V0.1\ed_v1.0\ed_v1.0\STM32F401CCUX_FLASH.ld" --specs=nosys.specs -Wl,-Map="ed_v1.0.map" -Wl,--gc-sections -static --specs=nano.specs -mfpu=fpv4-sp-d16 -mfloat-abi=hard -mthumb -Wl,--start-group -lc -lm -Wl,--end-group
Finished building target: ed_v1.0.elf
 
arm-none-eabi-objdump -h -S  ed_v1.0.elf  > "ed_v1.0.list"
arm-none-eabi-objcopy  -O binary  ed_v1.0.elf  "ed_v1.0.bin"
arm-none-eabi-size   ed_v1.0.elf 
   text	   data	    bss	    dec	    hex	filename
  25612	    120	   2168	  27900	   6cfc	ed_v1.0.elf
Finished building: default.size.stdout
 
Finished building: ed_v1.0.bin
 
Finished building: ed_v1.0.list
 
15:45:48 **** Incremental Build of configuration Debug for project ed_v1.0 ****
make -j16 all 
arm-none-eabi-gcc "../Core/Src/main.c" -mcpu=cortex-m4 -std=gnu11 -g3 -DDEBUG -DUSE_HAL_DRIVER -DSTM32F401xC -c -I../Core/Inc -I../Drivers/STM32F4xx_HAL_Driver/Inc -I../Drivers/STM32F4xx_HAL_Driver/Inc/Legacy -I../Drivers/CMSIS/Device/ST/STM32F4xx/Include -I../Drivers/CMSIS/Include -O0 -ffunction-sections -fdata-sections -Wall -fstack-usage -MMD -MP -MF"Core/Src/main.d" -MT"Core/Src/main.o" --specs=nano.specs -mfpu=fpv4-sp-d16 -mfloat-abi=hard -mthumb -o "Core/Src/main.o"
../Core/Src/main.c: In function 'mode_auto':
../Core/Src/main.c:850:6: error: 'week_reset_flag' undeclared (first use in this function)
  850 |   if(week_reset_flag){
      |      ^~~~~~~~~~~~~~~
../Core/Src/main.c:850:6: note: each undeclared identifier is reported only once for each function it appears in
../Core/Src/main.c:851:27: error: 'reset_day' undeclared (first use in this function)
  851 |    if(currDate.WeekDay == reset_day){
      |                           ^~~~~~~~~
../Core/Src/main.c: At top level:
../Core/Src/main.c:902:1: error: expected identifier or '(' before '}' token
  902 | }
      | ^
make: *** [Core/Src/subdir.mk:44: Core/Src/main.o] Error 1
"make -j16 all" terminated with exit code 2. Build might be incomplete.
15:47:19 **** Incremental Build of configuration Debug for project ed_v1.0 ****
make -j16 all 
arm-none-eabi-gcc "../Core/Src/main.c" -mcpu=cortex-m4 -std=gnu11 -g3 -DDEBUG -DUSE_HAL_DRIVER -DSTM32F401xC -c -I../Core/Inc -I../Drivers/STM32F4xx_HAL_Driver/Inc -I../Drivers/STM32F4xx_HAL_Driver/Inc/Legacy -I../Drivers/CMSIS/Device/ST/STM32F4xx/Include -I../Drivers/CMSIS/Include -O0 -ffunction-sections -fdata-sections -Wall -fstack-usage -MMD -MP -MF"Core/Src/main.d" -MT"Core/Src/main.o" --specs=nano.specs -mfpu=fpv4-sp-d16 -mfloat-abi=hard -mthumb -o "Core/Src/main.o"
../Core/Src/main.c:909:1: error: expected identifier or '(' before '}' token
  909 | }
      | ^
make: *** [Core/Src/subdir.mk:44: Core/Src/main.o] Error 1
"make -j16 all" terminated with exit code 2. Build might be incomplete.
15:47:26 **** Incremental Build of configuration Debug for project ed_v1.0 ****
make -j16 all 
arm-none-eabi-gcc "../Core/Src/main.c" -mcpu=cortex-m4 -std=gnu11 -g3 -DDEBUG -DUSE_HAL_DRIVER -DSTM32F401xC -c -I../Core/Inc -I../Drivers/STM32F4xx_HAL_Driver/Inc -I../Drivers/STM32F4xx_HAL_Driver/Inc/Legacy -I../Drivers/CMSIS/Device/ST/STM32F4xx/Include -I../Drivers/CMSIS/Include -O0 -ffunction-sections -fdata-sections -Wall -fstack-usage -MMD -MP -MF"Core/Src/main.d" -MT"Core/Src/main.o" --specs=nano.specs -mfpu=fpv4-sp-d16 -mfloat-abi=hard -mthumb -o "Core/Src/main.o"
../Core/Src/main.c:909:1: error: expected identifier or '(' before '}' token
  909 | }
      | ^
make: *** [Core/Src/subdir.mk:44: Core/Src/main.o] Error 1
"make -j16 all" terminated with exit code 2. Build might be incomplete.
15:48:33 **** Incremental Build of configuration Debug for project ed_v1.0 ****
make -j16 all 
arm-none-eabi-gcc "../Core/Src/main.c" -mcpu=cortex-m4 -std=gnu11 -g3 -DDEBUG -DUSE_HAL_DRIVER -DSTM32F401xC -c -I../Core/Inc -I../Drivers/STM32F4xx_HAL_Driver/Inc -I../Drivers/STM32F4xx_HAL_Driver/Inc/Legacy -I../Drivers/CMSIS/Device/ST/STM32F4xx/Include -I../Drivers/CMSIS/Include -O0 -ffunction-sections -fdata-sections -Wall -fstack-usage -MMD -MP -MF"Core/Src/main.d" -MT"Core/Src/main.o" --specs=nano.specs -mfpu=fpv4-sp-d16 -mfloat-abi=hard -mthumb -o "Core/Src/main.o"
arm-none-eabi-gcc -o "ed_v1.0.elf" @"objects.list"   -mcpu=cortex-m4 -T"C:\Users\baris\Desktop\EEE 497\STM\Ecodrops_V0.1\ed_v1.0\ed_v1.0\STM32F401CCUX_FLASH.ld" --specs=nosys.specs -Wl,-Map="ed_v1.0.map" -Wl,--gc-sections -static --specs=nano.specs -mfpu=fpv4-sp-d16 -mfloat-abi=hard -mthumb -Wl,--start-group -lc -lm -Wl,--end-group
Finished building target: ed_v1.0.elf
 
arm-none-eabi-objdump -h -S  ed_v1.0.elf  > "ed_v1.0.list"
arm-none-eabi-objcopy  -O binary  ed_v1.0.elf  "ed_v1.0.bin"
arm-none-eabi-size   ed_v1.0.elf 
   text	   data	    bss	    dec	    hex	filename
  25612	    120	   2168	  27900	   6cfc	ed_v1.0.elf
Finished building: default.size.stdout
 
Finished building: ed_v1.0.bin
 
Finished building: ed_v1.0.list
 
22:23:55 **** Incremental Build of configuration Debug for project ed_v1.0 ****
make -j16 all 
arm-none-eabi-gcc "../Core/Src/main.c" -mcpu=cortex-m4 -std=gnu11 -g3 -DDEBUG -DUSE_HAL_DRIVER -DSTM32F401xC -c -I../Core/Inc -I../Drivers/STM32F4xx_HAL_Driver/Inc -I../Drivers/STM32F4xx_HAL_Driver/Inc/Legacy -I../Drivers/CMSIS/Device/ST/STM32F4xx/Include -I../Drivers/CMSIS/Include -O0 -ffunction-sections -fdata-sections -Wall -fstack-usage -MMD -MP -MF"Core/Src/main.d" -MT"Core/Src/main.o" --specs=nano.specs -mfpu=fpv4-sp-d16 -mfloat-abi=hard -mthumb -o "Core/Src/main.o"
arm-none-eabi-gcc -o "ed_v1.0.elf" @"objects.list"   -mcpu=cortex-m4 -T"C:\Users\baris\Desktop\EEE 497\STM\Ecodrops_V0.1\ed_v1.0\ed_v1.0\STM32F401CCUX_FLASH.ld" --specs=nosys.specs -Wl,-Map="ed_v1.0.map" -Wl,--gc-sections -static --specs=nano.specs -mfpu=fpv4-sp-d16 -mfloat-abi=hard -mthumb -Wl,--start-group -lc -lm -Wl,--end-group
Finished building target: ed_v1.0.elf
 
arm-none-eabi-objdump -h -S  ed_v1.0.elf  > "ed_v1.0.list"
arm-none-eabi-objcopy  -O binary  ed_v1.0.elf  "ed_v1.0.bin"
arm-none-eabi-size   ed_v1.0.elf 
   text	   data	    bss	    dec	    hex	filename
  25612	    120	   2168	  27900	   6cfc	ed_v1.0.elf
Finished building: default.size.stdout
 
Finished building: ed_v1.0.bin
 
Finished building: ed_v1.0.list
 
23:09:36 **** Incremental Build of configuration Debug for project ed_v1.0 ****
make -j16 all 
arm-none-eabi-gcc "../Core/Src/main.c" -mcpu=cortex-m4 -std=gnu11 -g3 -DDEBUG -DUSE_HAL_DRIVER -DSTM32F401xC -c -I../Core/Inc -I../Drivers/STM32F4xx_HAL_Driver/Inc -I../Drivers/STM32F4xx_HAL_Driver/Inc/Legacy -I../Drivers/CMSIS/Device/ST/STM32F4xx/Include -I../Drivers/CMSIS/Include -O0 -ffunction-sections -fdata-sections -Wall -fstack-usage -MMD -MP -MF"Core/Src/main.d" -MT"Core/Src/main.o" --specs=nano.specs -mfpu=fpv4-sp-d16 -mfloat-abi=hard -mthumb -o "Core/Src/main.o"
arm-none-eabi-gcc -o "ed_v1.0.elf" @"objects.list"   -mcpu=cortex-m4 -T"C:\Users\baris\Desktop\EEE 497\STM\Ecodrops_V0.1\ed_v1.0\ed_v1.0\STM32F401CCUX_FLASH.ld" --specs=nosys.specs -Wl,-Map="ed_v1.0.map" -Wl,--gc-sections -static --specs=nano.specs -mfpu=fpv4-sp-d16 -mfloat-abi=hard -mthumb -Wl,--start-group -lc -lm -Wl,--end-group
Finished building target: ed_v1.0.elf
 
arm-none-eabi-objdump -h -S  ed_v1.0.elf  > "ed_v1.0.list"
arm-none-eabi-objcopy  -O binary  ed_v1.0.elf  "ed_v1.0.bin"
arm-none-eabi-size   ed_v1.0.elf 
   text	   data	    bss	    dec	    hex	filename
  25764	    120	   2168	  28052	   6d94	ed_v1.0.elf
Finished building: default.size.stdout
Finished building: ed_v1.0.bin
 
 
Finished building: ed_v1.0.list
 
